--------- beginning of main
03-03 13:45:22.577 W/MediaProvider( 3252): isAppCloneUserPair for user 0: false
03-03 13:45:22.602 D/MiuiNetworkPolicy( 1876): updateLimit mLimitEnabled=true,enabled=false,mNetworkPriorityMode=255
03-03 13:45:22.604 I/MI-SF   ( 1358): surfaceflinger setAffinity mode=0
--------- beginning of system
03-03 13:45:22.673 W/ProcessStats( 1876): Tracking association SourceState{785e96a com.miui.home/10138 BTopFgs #1858756} whose proc state 2 is better than process ProcessState{d1e7a8d com.miui.securitycenter.remote/1000 pkg=com.miui.securitycenter} proc state 3 (26 skipped)
03-03 13:45:22.677 D/CompatibilityInfo( 1876): mCompatibilityFlags - 4
03-03 13:45:22.677 D/CompatibilityInfo( 1876): applicationDensity - 280
03-03 13:45:22.678 D/CompatibilityInfo( 1876): applicationScale - 1.0
03-03 13:45:22.688 I/NetworkScheduler.Stats(29994): (REDACTED) Task %s/%s started execution. cause:%s exec_start_elapsed_seconds: %s
03-03 13:45:22.700 I/NetworkScheduler.Stats(29994): (REDACTED) Task %s/%s finished executing. cause:%s result: %s elapsed_millis: %s uptime_millis: %s exec_start_elapsed_seconds: %s
03-03 13:45:23.212 I/MiuiNetworkPolicy( 1876): updateUidState uid = 10203, uidState = 8
03-03 13:45:23.693 D/MI-SF   ( 1358): setIdleFps choose FPS:48, mode:0
03-03 13:45:23.704 W/SDM     ( 1241): HWDeviceDRM::GetSupportedBitClkRate: Requested rate not supported: 0
03-03 13:45:23.704 I/SDM     ( 1241): HWDeviceDRM::UpdateMixerAttributes: Mixer WxH 1200x1920-0 for Peripheral
03-03 13:45:23.705 I/SDM     ( 1241): HWCDisplay::SubmitDisplayConfig: Active configuration changed to: 3
03-03 13:45:23.715 I/SDM     ( 1241): HWDeviceDRM::SetDisplaySwitchMode: Mode 3 already set
03-03 13:45:23.717 I/MI-SF   ( 1358): surfaceflinger setAffinity mode=1
03-03 13:45:23.718 I/MI-SF   ( 1358): surfaceflinger setreAffinity reTid=1565
03-03 13:45:23.761 I/MI-SF   ( 1358): surfaceflinger setAffinity mode=0
03-03 13:45:24.102 I/MI-SF   ( 1358): surfaceflinger setAffinity mode=1
03-03 13:45:24.102 I/MI-SF   ( 1358): surfaceflinger setreAffinity reTid=1565
03-03 13:45:24.609 W/bash    (13311): type=1400 audit(0.0:3271745): avc: granted { execute } for name="adb" dev="dm-45" ino=381816 scontext=u:r:untrusted_app_27:s0:c14,c257,c512,c768 tcontext=u:object_r:app_data_file:s0:c14,c257,c512,c768 tclass=file app=com.termux
03-03 13:45:24.609 W/bash    (13311): type=1400 audit(0.0:3271746): avc: granted { execute } for name="adb" dev="dm-45" ino=381816 scontext=u:r:untrusted_app_27:s0:c14,c257,c512,c768 tcontext=u:object_r:app_data_file:s0:c14,c257,c512,c768 tclass=file app=com.termux
03-03 13:45:24.609 W/bash    (13311): type=1400 audit(0.0:3271747): avc: granted { execute_no_trans } for path="/data/data/com.termux/files/usr/bin/adb" dev="dm-45" ino=381816 scontext=u:r:untrusted_app_27:s0:c14,c257,c512,c768 tcontext=u:object_r:app_data_file:s0:c14,c257,c512,c768 tclass=file app=com.termux
03-03 13:45:24.613 W/adb     (13311): type=1400 audit(0.0:3271748): avc: granted { execute } for path="/data/data/com.termux/files/usr/bin/adb" dev="dm-45" ino=381816 scontext=u:r:untrusted_app_27:s0:c14,c257,c512,c768 tcontext=u:object_r:app_data_file:s0:c14,c257,c512,c768 tclass=file app=com.termux
03-03 13:45:24.621 W/adb     (13311): type=1400 audit(0.0:3271749): avc: denied { search } for name="tests" dev="dm-45" ino=140 scontext=u:r:untrusted_app_27:s0:c14,c257,c512,c768 tcontext=u:object_r:shell_test_data_file:s0 tclass=dir permissive=0 app=com.termux
03-03 13:45:24.768 I/ActivityTaskManager( 1876): START u0 {flg=0x10000000 cmp=com.lemon.lvoverseas/com.vega.main.MainActivity} from uid 2000 from pid 13315 callingPackage com.android.shell
03-03 13:45:24.769 D/MiuiMultiWindowAdapter( 1876): MiuiMultiWindowAdapter::getCanStartActivityFromFullscreenToFreefromList::LIST_CAN_START_ACTIVITY_FROM_FULLSCREEN_TO_FREEFROM = [com.alipay.android.phone.wallet.aptrip.ui.ApTripActivity, com.alipay.mobile.onsitepay.merge.OnsitepayActivity, com.alipay.mobile.nebulax.integration.mpaas.activity.NebulaActivity$Main, com.alipay.mobile.scan.as.main.MainCaptureActivity]
03-03 13:45:24.805 D/RefreshRateConfigs( 1358): TouchBoost - choose Fps: 60.00 Hz
03-03 13:45:24.807 D/MiuiMultiWindowAdapter( 1876): MiuiMultiWindowAdapter::getLaunchInTaskList::LIST_LAUNCH_IN_TASK = [com.android.bluetooth/.opp.BluetoothOppLauncherActivity, com.android.bluetooth/.opp.BluetoothOppBtEnableActivity]
03-03 13:45:24.808 D/CompatibilityChangeReporter( 1876): Compat change id reported: 197654537; UID 10504; state: ENABLED
03-03 13:45:24.811 I/OneHandedController( 2662): stopOneHanded mState = 0, uiEvent = 5
03-03 13:45:24.811 D/OneHandedController( 2662): stopOneHanded state isTransitioning or STATE_NONE
03-03 13:45:24.815 W/Choreographer(12383): Frame time is 0.081187 ms in the future!  Check that graphics HAL is generating vsync timestamps using the correct timebase.
03-03 13:45:24.817 W/SDM     ( 1241): HWDeviceDRM::GetSupportedBitClkRate: Requested rate not supported: 0
03-03 13:45:24.818 I/SDM     ( 1241): HWDeviceDRM::UpdateMixerAttributes: Mixer WxH 1200x1920-0 for Peripheral
03-03 13:45:24.818 I/SDM     ( 1241): HWCDisplay::SubmitDisplayConfig: Active configuration changed to: 1
03-03 13:45:24.818 D/CompatibilityChangeReporter( 1876): Compat change id reported: 205907456; UID 10504; state: ENABLED
03-03 13:45:24.820 D/ActivityTrigger( 1876): ActivityTrigger activityPauseTrigger 
03-03 13:45:24.823 I/SDM     ( 1241): HWDeviceDRM::SetDisplaySwitchMode: Mode 1 already set
03-03 13:45:24.827 D/WindowManager( 1876): wms.Update InputWindowHandle: 18057ed com.termux/com.termux.app.TermuxActivity, frame=[0,0,0,0], touchableRegion=SkRegion((0,0,1200,1920)), scaleFactor=1.0, transform=null, windowToken=android.os.BinderProxy@515e604, isClone=false, visibal=true, focusable=true, changed=true
03-03 13:45:24.830 I/OneHandedController( 2662): stopOneHanded mState = 0, uiEvent = 5
03-03 13:45:24.830 D/OneHandedController( 2662): stopOneHanded state isTransitioning or STATE_NONE
03-03 13:45:24.834 I/OneHandedController( 2662): stopOneHanded mState = 0, uiEvent = 5
03-03 13:45:24.834 D/OneHandedController( 2662): stopOneHanded state isTransitioning or STATE_NONE
03-03 13:45:24.834 D/TaskStackChangeListeners( 2299): onTaskDisplayChanged =  taskId = 6550 newDisplayId = 0
03-03 13:45:24.835 E/MiuiActivityController( 1876): MiuiLog-ActivityObserver: There was something wrong : null
03-03 13:45:24.836 D/TaskStackChangeListeners( 2299): onTaskDescriptionChanged =  taskId = 6550
03-03 13:45:24.836 D/WindowManager( 1876): wms.Focus not requested for window=Window{18057ed u0 com.termux/com.termux.app.TermuxActivity} because it has no surface or is not focusable.
03-03 13:45:24.839 W/ActivityManager( 1876): ProcessRecord{59c8713 0:com.lemon.lvoverseas/u0a504}: ART verification disabled
03-03 13:45:24.839 D/CompatibilityChangeReporter( 1876): Compat change id reported: 135634846; UID 10504; state: DISABLED
03-03 13:45:24.839 D/CompatibilityChangeReporter( 1876): Compat change id reported: 177438394; UID 10504; state: DISABLED
03-03 13:45:24.839 D/CompatibilityChangeReporter( 1876): Compat change id reported: 135772972; UID 10504; state: DISABLED
03-03 13:45:24.839 D/CompatibilityChangeReporter( 1876): Compat change id reported: 135754954; UID 10504; state: ENABLED
03-03 13:45:24.840 D/CompatibilityChangeReporter( 1876): Compat change id reported: 143937733; UID 10504; state: ENABLED
03-03 13:45:24.843 D/TaskSnapshot_Helper( 2662): app is not pre-defined.
03-03 13:45:24.846 D/Boost   ( 1876): hostingType=next-top-activity, hostingName={com.lemon.lvoverseas/com.vega.main.MainActivity}, callerPackage=com.android.shell, isSystem=true, isBoostNeeded=false.
03-03 13:45:24.850 W/ContextImpl( 1876): Calling a method in the system process without a qualified user: android.app.ContextImpl.sendBroadcast:1199 com.qualcomm.qti.Performance$SendGameLaunchBroadcast.run:247 java.lang.Thread.run:1563 <bottom of call stack> <bottom of call stack> 
03-03 13:45:24.850 E/Zygote  ( 7933): process_name_ptr:7933 com.lemon.lvoverseas
03-03 13:45:24.850 E/zygote64( 7933): Failed to parse /product/etc/mfz.xml: Tinyxml2 error (3): Error=XML_ERROR_FILE_NOT_FOUND ErrorID=3 (0x3) Line number=0: filename=/product/etc/mfz.xml
03-03 13:45:24.850 E/zygote64( 7933): MemoryFreeze XMLFile not found
03-03 13:45:24.854 I/ActivityManager( 1876): Start proc 7933:com.lemon.lvoverseas/u0a504 for next-top-activity {com.lemon.lvoverseas/com.vega.main.MainActivity} caller=com.android.shell
03-03 13:45:24.856 I/MiuiNetworkPolicy( 1876): updateUidState uid = 10504, uidState = 19
03-03 13:45:24.856 D/RecentsModel( 2299): onTaskStackChangedBackground
03-03 13:45:24.856 D/RecentsModel( 2299): onTaskStackChangedBackground
03-03 13:45:24.857 D/RecentsModel( 2299): onTaskStackChangedBackground    MSG_TASK_STACK_CHANGE
03-03 13:45:24.857 D/RecentsModel( 2299): preloadRecents
03-03 13:45:24.857 W/RecentsModel( 2299): getRunningTask
03-03 13:45:24.861 I/emon.lvoverseas( 7933): Late-enabling -Xcheck:jni
03-03 13:45:24.867 D/MI-SF   ( 1358): [FpsStat] construct...
03-03 13:45:24.870 I/MI-SF   ( 1358): surfaceflinger setAffinity mode=0
03-03 13:45:24.870 D/DecorView[](25910): onWindowFocusChanged hasWindowFocus false
03-03 13:45:24.872 D/WindowManager( 1876): wms.Focus not requested for window=Window{18057ed u0 com.termux/com.termux.app.TermuxActivity} because it has no surface or is not focusable.
03-03 13:45:24.874 W/RecentsModel( 2299): getRunningTask   taskInfo=TaskInfo{userId=0 taskId=6475 displayId=0 isRunning=true baseIntent=Intent { act=android.intent.action.MAIN cat=[android.intent.category.LAUNCHER] flg=0x10200000 cmp=com.termux/.app.TermuxActivity } baseActivity=ComponentInfo{com.termux/com.termux.app.TermuxActivity} topActivity=ComponentInfo{com.termux/com.termux.app.TermuxActivity} origActivity=null realActivity=ComponentInfo{com.termux/com.termux.app.TermuxActivity} numActivities=1 lastActiveTime=2993036934 supportsSplitScreenMultiWindow=true supportsMultiWindow=true resizeMode=2 isResizeable=true minWidth=-1 minHeight=-1 defaultMinSize=200 token=WCT{android.window.IWindowContainerToken$Stub$Proxy@922a254} topActivityType=1 pictureInPictureParams=null shouldDockBigOverlays=false launchIntoPipHostTaskId=0 displayCutoutSafeInsets=null topActivityInfo=ActivityInfo{22ce5fd com.termux.app.TermuxActivity} launchCookies=[] positionInParent=Point(0, 0) parentTaskId=-1 isFocused=true isVisible=true isSleeping=false topActivityInSizeCompat=false topActivityInMiuiSizeCompat=false topActivityEligibleForLetterboxEducation= false locusId=null displayAreaFeatureId=1 cameraCompatControlState=hidden mIsCastMode=false}
03-03 13:45:24.874 W/RecentsModel( 2299): getTaskInfoIgnoreHomeAndFreeform   taskInfo=ComponentInfo{com.termux/com.termux.app.TermuxActivity}
03-03 13:45:24.876 E/ActivityManagerWrapper( 2299): get all recent tasks force including 6475
03-03 13:45:24.876 W/SQLiteLog( 3448): (28) double-quoted string literal: "com.lemon.lvoverseas"
03-03 13:45:24.878 D/MI-SF   ( 1358): [FpsStat] construct...
03-03 13:45:24.879 D/SurfaceControl( 1876): nativeSetScreenProjection ===> setScreenProjection
03-03 13:45:24.880 D/SurfaceControl( 1876): nativeSetScreenProjection ===> setScreenProjection
03-03 13:45:24.884 D/WindowManager( 1876): wms.Input focus has changed to null display=0 updateInputWindows = true
03-03 13:45:24.884 I/MultiSenceManagerInternalStub( 1876): getInstance
03-03 13:45:24.885 D/CoreBackPreview( 1876): Window{6289c4e u0 Splash Screen com.lemon.lvoverseas}: Setting back callback OnBackInvokedCallbackInfo{mCallback=android.window.IOnBackInvokedCallback$Stub$Proxy@2762f5a, mPriority=0}
03-03 13:45:24.888 E/ActivityManagerWrapper( 2299): getRecentTasks: size=4
03-03 13:45:24.888 E/ActivityManagerWrapper( 2299): getRecentTasks: mainTaskId=6550   userId=0   baseIntent=Intent { act=null flag=268435456 cmp=ComponentInfo{com.lemon.lvoverseas/com.vega.main.MainActivity} }
03-03 13:45:24.888 E/ActivityManagerWrapper( 2299): getRecentTasks: mainTaskId=6475   userId=0   baseIntent=Intent { act=android.intent.action.MAIN flag=270532608 cmp=ComponentInfo{com.termux/com.termux.app.TermuxActivity} }
03-03 13:45:24.888 E/ActivityManagerWrapper( 2299): getRecentTasks: mainTaskId=6194   userId=0   baseIntent=Intent { act=android.intent.action.MAIN flag=270532608 cmp=ComponentInfo{com.android.chrome/com.google.android.apps.chrome.Main} }
03-03 13:45:24.888 E/ActivityManagerWrapper( 2299): getRecentTasks: mainTaskId=6543   userId=0   baseIntent=Intent { act=android.intent.action.MAIN flag=270532608 cmp=ComponentInfo{com.mml.myanmarfontdeveloper.hello/com.mml.myanmarfontdeveloper.hello.SplashScreen} }
03-03 13:45:24.892 I/MI-SF   ( 1358): surfaceflinger setAffinity mode=1
03-03 13:45:24.892 I/MI-SF   ( 1358): surfaceflinger setreAffinity reTid=1565
03-03 13:45:24.898 D/VRI[lvoverseas]( 2662): vri.reportNextDraw android.view.ViewRootImpl.performTraversals:3891 android.view.ViewRootImpl.doTraversal:2623 android.view.ViewRootImpl$TraversalRunnable.run:9647 android.view.Choreographer$CallbackRecord.run:1509 android.view.Choreographer$CallbackRecord.run:1517 
03-03 13:45:24.899 D/VRI[lvoverseas]( 2662): vri.Setup new sync id=0 syncSeqId=0
03-03 13:45:24.909 E/perf_hint( 2662): Session creation failed, mPreferredRateNanos: -1
03-03 13:45:24.910 D/VRI[lvoverseas]( 2662): vri.reportDrawFinished syncSeqId=0 android.view.ViewRootImpl.lambda$createSyncIfNeeded$4$android-view-ViewRootImpl:3959 android.view.ViewRootImpl$$ExternalSyntheticLambda1.run:6 android.os.Handler.handleCallback:942 android.os.Handler.dispatchMessage:99 android.os.Looper.loopOnce:211 
03-03 13:45:24.928 I/SmartPower.com.termux/10270(25910)( 1876): visible->invisible(47933ms) R(become invisible) adj=50.
03-03 13:45:24.928 I/SmartPower.com.termux/10270(25910)( 1876): invisible->background(0ms) R(become background) adj=50.
03-03 13:45:24.929 I/SmartPower.com.lemon.lvoverseas/10504(0)( 1876): died->visible(237657ms) R(become visible) adj=-10000.
03-03 13:45:24.930 D/MI-SF   ( 1358): updateScene: module = 268 (Animation), value = 1, pkg = perf_interaction, Vrr = 1
03-03 13:45:24.930 D/MI-SF   ( 1358): isIdleTimerSkip is 1,mSetIdleForceFlag = 0
03-03 13:45:24.930 D/MI-SF   ( 1358): updateScene mSetAnimationFlag status 1, vsync 120
03-03 13:45:24.930 D/SurfaceFlinger( 1358): setDesiredDisplayModeSpecs: defaultMode 0 primaryRefreshRateMin: 0.000000 primaryRefreshRateMax: 90.000000 appRequestRefreshRateMin:0.000000 appRequestRefreshRateMax:90.000000
03-03 13:45:24.936 D/RecentsModel( 2299): onTaskStackChangedBackground
03-03 13:45:24.936 D/RecentsModel( 2299): onTaskStackChangedBackground
03-03 13:45:24.936 D/DockWindowModeHelper( 2299): handleResolveRunningTask: mLauncherVisible = false
03-03 13:45:24.937 D/DockWindowModeHelper( 2299): calculateWindowMode: inRecents = false, mInOverView = false, mLauncherVisible = false, isInMutilWindow = false, hideDock = true, mInOverViewSmallWindowEdit = false, mHideRecentsDecoration = false, mHasWindowFocus = false, mHideRecentsDockDuringHomeGesture = false, mWaitingGlobalRotationChange = false, mStateToHomeReceived = false
03-03 13:45:24.937 D/DockWindowModeHelper( 2299): evaluateWindowModeChanged: mWindowMode = 3, windowMode = 3， dueToTaskStackChanged = true
03-03 13:45:24.937 D/RecentsModel( 2299): onTaskStackChangedBackground
03-03 13:45:24.939 I/DisplayModeDirectorImpl( 1876): onDesiredDisplayModeSpecsChanged:baseModeId=0 allowGroupSwitching=false primaryRefreshRateRange=[0 90] appRequestRefreshRateRange=[0 90] noVotes=true
03-03 13:45:24.941 W/SDM     ( 1241): HWDeviceDRM::GetSupportedBitClkRate: Requested rate not supported: 0
03-03 13:45:24.942 I/SDM     ( 1241): HWDeviceDRM::UpdateMixerAttributes: Mixer WxH 1200x1920-0 for Peripheral
03-03 13:45:24.943 I/SDM     ( 1241): HWCDisplay::SubmitDisplayConfig: Active configuration changed to: 0
03-03 13:45:24.945 I/SDM     ( 1241): HWDeviceDRM::SetDisplaySwitchMode: Mode 0 already set
03-03 13:45:24.948 I/DisplayDeviceRepository( 1876): Display device changed: DisplayDeviceInfo{"内置屏幕": uniqueId="local:4630946894427414401", 1200 x 1920, modeId 1, defaultModeId 1, supportedModes [{id=1, width=1200, height=1920, fps=90.0, alternativeRefreshRates=[30.000002, 48.000004, 50.0, 60.000004]}, {id=2, width=1200, height=1920, fps=60.000004, alternativeRefreshRates=[30.000002, 48.000004, 50.0, 90.0]}, {id=3, width=1200, height=1920, fps=50.0, alternativeRefreshRates=[30.000002, 48.000004, 60.000004, 90.0]}, {id=4, width=1200, height=1920, fps=48.000004, alternativeRefreshRates=[30.000002, 50.0, 60.000004, 90.0]}, {id=5, width=1200, height=1920, fps=30.000002, alternativeRefreshRates=[48.000004, 50.0, 60.000004, 90.0]}], colorMode 0, supportedColorModes [0, 7], hdrCapabilities HdrCapabilities{mSupportedHdrTypes=[2, 3], mMaxLuminance=500.0, mMaxAverageLuminance=500.0, mMinLuminance=0.0}, allmSupported false, gameContentTypeSupported false, density 280, 206.784 x 206.819 dpi, appVsyncOff 1000000, presDeadline 17111110, touch INTERNAL, rotation 0, type INTERNAL, address {port=129, model=0x40446daa280b5f}, deviceProductInfo DeviceProductInfo{name=, manufacturerPnpId=QCM, productId=1, modelYear=null, manufactureDate=ManufactureDate{week=27, year=2006}, connectionToSinkType=0}, state ON, frameRateOverride , brightnessMinimum 0.0, brightnessMaximum 1.0, brightnessDefault 0.14956012, roundedCorners RoundedCorners{[RoundedCorner{position=TopLeft, radius=16, center=Point(16, 16)}, RoundedCorner{position=TopRight, radius=16, center=Point(1184, 16)}, RoundedCorner{position=BottomRight, radius=16, center=Point(1184, 1904)}, RoundedCorner{position=BottomLeft, radius=16, center=Point(16, 1904)}]}, FLAG_ALLOWED_TO_BE_DEFAULT_DISPLAY, FLAG_ROTATES_WITH_CONTENT, FLAG_SECURE, FLAG_SUPPORTS_PROTECTED_BUFFERS, installOrientation 2}
03-03 13:45:24.954 V/AutoDensityController( 2662): on display changed 0 context dpi:248 origin dpi:280 target dpi:248
03-03 13:45:24.955 D/ControlCenterWindowViewController( 2662): on display changed 0
03-03 13:45:24.958 W/Launcher.DeviceConfig( 2299): onDisplayChanged: newRotation=0, oldRotation=0, launcherRotation=0
03-03 13:45:24.958 D/Launcher.DeviceConfig( 2299): setIsFixedRotating=false
03-03 13:45:24.958 D/Launcher( 2299):  onDisplayChanged = false
03-03 13:45:24.959 I/WindowManager( 1876): wms.showSurfaceRobustly mWin:Window{6289c4e u0 Splash Screen com.lemon.lvoverseas}
03-03 13:45:24.963 I/BtGatt.ScanManager( 3143): msg.what = MSG_SCREEN_ON, msg.arg1 = None
03-03 13:45:24.967 D/TaskStackChangeListeners( 2299): onTaskDisplayChanged =  taskId = 6550 newDisplayId = 0
03-03 13:45:24.967 D/EventBus( 2299): No subscribers registered for event class com.miui.home.recents.messages.TaskSnapshotChangedEvent
03-03 13:45:24.967 D/EventBus( 2299): No subscribers registered for event class org.greenrobot.eventbus.NoSubscriberEvent
03-03 13:45:24.967 I/emon.lvoverseas( 7933): Using CollectorTypeCMC GC.
03-03 13:45:24.968 D/TaskStackChangeListeners( 2299): onTaskDisplayChanged =  taskId = 6475 newDisplayId = 0
03-03 13:45:24.968 D/TaskStackChangeListeners( 2299): onTaskDisplayChanged =  taskId = 2 newDisplayId = 0
03-03 13:45:24.968 D/TaskStackChangeListeners( 2299): onTaskDisplayChanged =  taskId = 6194 newDisplayId = 0
03-03 13:45:24.969 D/TaskStackChangeListeners( 2299): onTaskDisplayChanged =  taskId = 6543 newDisplayId = 0
03-03 13:45:24.969 D/TaskStackChangeListeners( 2299): onTaskDisplayChanged =  taskId = 3 newDisplayId = 0
03-03 13:45:24.969 D/TaskStackChangeListeners( 2299): onTaskDisplayChanged =  taskId = 5 newDisplayId = 0
03-03 13:45:24.969 D/TaskStackChangeListeners( 2299): onTaskDisplayChanged =  taskId = 6 newDisplayId = 0
03-03 13:45:24.972 I/SCTaskStackListener(31562): onTaskStackChanged! inSplit = false
03-03 13:45:24.976 I/adbd    (31062): jdwp connection from 7933
03-03 13:45:24.989 D/nativeloader( 7933): Load libframework-connectivity-tiramisu-jni.so using APEX ns com_android_tethering for caller /apex/com.android.tethering/javalib/framework-connectivity-t.jar: ok
03-03 13:45:25.006 W/System.err( 7933): android.system.ErrnoException: open failed: ENOENT (No such file or directory)
03-03 13:45:25.007 W/System.err( 7933): 	at libcore.io.Linux.open(Native Method)
03-03 13:45:25.007 W/System.err( 7933): 	at libcore.io.ForwardingOs.open(ForwardingOs.java:574)
03-03 13:45:25.007 W/System.err( 7933): 	at libcore.io.BlockGuardOs.open(BlockGuardOs.java:274)
03-03 13:45:25.007 W/System.err( 7933): 	at libcore.io.ForwardingOs.open(ForwardingOs.java:574)
03-03 13:45:25.007 W/System.err( 7933): 	at android.app.ActivityThread$AndroidOs.open(ActivityThread.java:8320)
03-03 13:45:25.008 W/System.err( 7933): 	at android.system.Os.open(Os.java:508)
03-03 13:45:25.009 W/System.err( 7933): 	at android.os.perfdebug.PerfDebugMonitorImpl.monitorVersionControl(PerfDebugMonitorImpl.java:204)
03-03 13:45:25.009 W/System.err( 7933): 	at android.os.perfdebug.PerfDebugMonitorImpl.prepareMonitor(PerfDebugMonitorImpl.java:185)
03-03 13:45:25.009 W/System.err( 7933): 	at android.app.ActivityThread.main(ActivityThread.java:8407)
03-03 13:45:25.010 W/System.err( 7933): 	at java.lang.reflect.Method.invoke(Native Method)
03-03 13:45:25.010 W/System.err( 7933): 	at com.android.internal.os.RuntimeInit$MethodAndArgsCaller.run(RuntimeInit.java:560)
03-03 13:45:25.010 W/System.err( 7933): 	at com.android.internal.os.ZygoteInit.main(ZygoteInit.java:954)
03-03 13:45:25.012 I/MessageMonitor( 7933): Load libmiui_runtime
03-03 13:45:25.016 D/RecentsModel( 2299): onTaskStackChangedBackground    MSG_TASK_STACK_CHANGE
03-03 13:45:25.016 D/RecentsModel( 2299): preloadRecents
03-03 13:45:25.017 W/RecentsModel( 2299): getRunningTask
03-03 13:45:25.021 W/RecentsModel( 2299): getRunningTask   taskInfo=TaskInfo{userId=0 taskId=6550 displayId=0 isRunning=true baseIntent=Intent { flg=0x10000000 cmp=com.lemon.lvoverseas/com.vega.main.MainActivity } baseActivity=ComponentInfo{com.lemon.lvoverseas/com.vega.main.MainActivity} topActivity=ComponentInfo{com.lemon.lvoverseas/com.vega.main.MainActivity} origActivity=null realActivity=ComponentInfo{com.lemon.lvoverseas/com.vega.main.MainActivity} numActivities=1 lastActiveTime=2993037083 supportsSplitScreenMultiWindow=true supportsMultiWindow=true resizeMode=2 isResizeable=true minWidth=525 minHeight=963 defaultMinSize=200 token=WCT{android.window.IWindowContainerToken$Stub$Proxy@5a868f0} topActivityType=1 pictureInPictureParams=null shouldDockBigOverlays=false launchIntoPipHostTaskId=0 displayCutoutSafeInsets=null topActivityInfo=ActivityInfo{24dfe69 com.vega.main.MainActivity} launchCookies=[] positionInParent=Point(0, 0) parentTaskId=-1 isFocused=false isVisible=true isSleeping=false topActivityInSizeCompat=false topActivityInMiuiSizeCompat=false topActivityEligibleForLetterboxEducation= false locusId=null displayAreaFeatureId=1 cameraCompatControlState=hidden mIsCastMode=false}
03-03 13:45:25.021 W/RecentsModel( 2299): getTaskInfoIgnoreHomeAndFreeform   taskInfo=ComponentInfo{com.lemon.lvoverseas/com.vega.main.MainActivity}
03-03 13:45:25.022 E/ActivityManagerWrapper( 2299): get all recent tasks force including 6550
03-03 13:45:25.030 E/ActivityManagerWrapper( 2299): getRecentTasks: size=4
03-03 13:45:25.030 E/ActivityManagerWrapper( 2299): getRecentTasks: mainTaskId=6550   userId=0   baseIntent=Intent { act=null flag=268435456 cmp=ComponentInfo{com.lemon.lvoverseas/com.vega.main.MainActivity} }
03-03 13:45:25.030 E/ActivityManagerWrapper( 2299): getRecentTasks: mainTaskId=6475   userId=0   baseIntent=Intent { act=android.intent.action.MAIN flag=270532608 cmp=ComponentInfo{com.termux/com.termux.app.TermuxActivity} }
03-03 13:45:25.030 E/ActivityManagerWrapper( 2299): getRecentTasks: mainTaskId=6194   userId=0   baseIntent=Intent { act=android.intent.action.MAIN flag=270532608 cmp=ComponentInfo{com.android.chrome/com.google.android.apps.chrome.Main} }
03-03 13:45:25.030 E/ActivityManagerWrapper( 2299): getRecentTasks: mainTaskId=6543   userId=0   baseIntent=Intent { act=android.intent.action.MAIN flag=270532608 cmp=ComponentInfo{com.mml.myanmarfontdeveloper.hello/com.mml.myanmarfontdeveloper.hello.SplashScreen} }
03-03 13:45:25.031 D/CompatibilityInfo( 1876): mCompatibilityFlags - 4
03-03 13:45:25.031 D/CompatibilityInfo( 1876): applicationDensity - 280
03-03 13:45:25.031 D/CompatibilityInfo( 1876): applicationScale - 1.0
03-03 13:45:25.041 D/CompatibilityInfo( 1876): mCompatibilityFlags - 4
03-03 13:45:25.041 D/CompatibilityInfo( 1876): applicationDensity - 280
03-03 13:45:25.041 D/CompatibilityInfo( 1876): applicationScale - 1.0
03-03 13:45:25.056 I/MiuiNetworkPolicy( 1876): updateUidState uid = 10504, uidState = 2
03-03 13:45:25.057 D/Aurogon ( 1876):  uid = 10504 switch to FG
03-03 13:45:25.059 D/AppObserver( 2299): ForegroundInfo{mForegroundPackageName='com.lemon.lvoverseas', mForegroundUid=10504, mForegroundPid=7933, mLastForegroundPackageName='com.termux', mLastForegroundUid=10270, mLastForegroundPid=25910, mMultiWindowForegroundPackageName='com.lemon.lvoverseas', mMultiWindowForegroundUid=10504, mFlags=1}
03-03 13:45:25.059 W/PackageSettingsManager( 1876): DisplayCompatPackageManager getPolicy packageName = com.lemon.lvoverseas
03-03 13:45:25.061 D/CompatibilityChangeReporter( 7933): Compat change id reported: 171979766; UID 10504; state: ENABLED
03-03 13:45:25.061 W/PackageSettingsManager( 1876): DisplayCompatPackageManager getPolicy packageName = com.lemon.lvoverseas
03-03 13:45:25.062 W/PackageSettingsManager( 1876): DisplayCompatPackageManager getPolicy packageName = com.lemon.lvoverseas
03-03 13:45:25.062 W/PackageSettingsManager( 1876): DisplayCompatPackageManager getPolicy packageName = com.lemon.lvoverseas
03-03 13:45:25.063 W/PackageSettingsManager( 1876): DisplayCompatPackageManager getPolicy packageName = com.lemon.lvoverseas
03-03 13:45:25.063 I/ProcessMonitor(31562): onForegroundInfoChanged: ForegroundInfo{mForegroundPackageName='com.lemon.lvoverseas', mForegroundUid=10504, mForegroundPid=7933, mLastForegroundPackageName='com.termux', mLastForegroundUid=10270, mLastForegroundPid=25910, mMultiWindowForegroundPackageName='com.lemon.lvoverseas', mMultiWindowForegroundUid=10504, mFlags=1}
03-03 13:45:25.063 I/VideoBoxUtils(31562): isSupportVideoBox: true
03-03 13:45:25.063 D/ApplicationCompatPolicy( 1876): AppContinuityRelaunch packageName = com.lemon.lvoverseas isMiuiAppContinuity = false isAndroidAppContinuity = false getDisplayChangeAbility = 1 isNeedRestart = false
03-03 13:45:25.063 I/VideoToolBoxService(31562): vtb is closed!!!
03-03 13:45:25.063 I/BeautyService(31562): onForegroundInfoChanged: Cur=com.lemon.lvoverseas	 last=com.termux
03-03 13:45:25.063 D/ApplicationCompatPolicy( 1876): put com.lemon.lvoverseas AppContinuityTask obj! appContinuityTask = AppCompatTask{mTask=Task{e89d6e4 #6550 type=standard A=10504:com.lemon.lvoverseas U=0 visible=true visibleRequested=true mode=fullscreen translucent=false sz=1}, mActivityRecord=ActivityRecord{3e0ba77 u0 com.lemon.lvoverseas/com.vega.main.MainActivity} t6550}, mActivityOptions=null, mReason='onForegroundInfoChanged', mCallingPid=7933, mCallingUid=10504, mIsChangedWindowingMode=false, mIsContinuityRestart=false, mIsContinuityRelaunch=false, mIsContinuityNotification=false, mStartedDisplayId=0}
03-03 13:45:25.063 D/ApplicationCompatPolicy( 1876): foregroundInfo = ForegroundInfo{mForegroundPackageName='com.lemon.lvoverseas', mForegroundUid=10504, mForegroundPid=7933, mLastForegroundPackageName='com.termux', mLastForegroundUid=10270, mLastForegroundPid=25910, mMultiWindowForegroundPackageName='com.lemon.lvoverseas', mMultiWindowForegroundUid=10504, mFlags=1}
03-03 13:45:25.063 D/ApplicationCompatPolicy( 1876): In the same display!
03-03 13:45:25.064 D/PassivePenAppWhiteListImpl( 1876):  mForegroundPackageName= com.lemon.lvoverseas
03-03 13:45:25.065 D/PerfEngineController( 2305): ForegroundInfo{mForegroundPackageName='com.lemon.lvoverseas', mForegroundUid=10504, mForegroundPid=7933, mLastForegroundPackageName='com.termux', mLastForegroundUid=10270, mLastForegroundPid=25910, mMultiWindowForegroundPackageName='com.lemon.lvoverseas', mMultiWindowForegroundUid=10504, mFlags=1}
03-03 13:45:25.073 D/AppScoutStateMachine( 7933): 7933-ScoutStateMachinecreated
03-03 13:45:25.077 D/CompatibilityChangeReporter( 1876): Compat change id reported: 218533173; UID 10504; state: ENABLED
03-03 13:45:25.088 D/ApplicationLoaders( 7933): Returning zygote-cached class loader: /system/framework/android.test.base.jar
03-03 13:45:25.094 D/nativeloader( 7933): Configuring clns-4 for other apk /system/framework/android.test.mock.jar. target_sdk_version=35, uses_libraries=ALL, library_path=/data/app/~~CJkITykEau_rUL-L4QvXuQ==/com.lemon.lvoverseas-WptBSQbqtlrKPUkf-iB9Kw==/lib/arm64:/data/app/~~CJkITykEau_rUL-L4QvXuQ==/com.lemon.lvoverseas-WptBSQbqtlrKPUkf-iB9Kw==/base.apk!/lib/arm64-v8a, permitted_path=/data:/mnt/expand:/data/user/0/com.lemon.lvoverseas
03-03 13:45:25.094 D/nativeloader( 7933): Extending system_exposed_libraries: libbinauralrenderer_wrapper.qti.so:libhoaeffects.qti.so:libQOC.qti.so:libmisys_jni.xiaomi.so:libupdateprof.qti.so:libthermalclient.qti.so:libQOC.qti.so:libdiag_system.qti.so:libqape.qti.so:liblistenjni.qti.so
03-03 13:45:25.099 W/System.err( 2305): java.lang.NullPointerException: Attempt to invoke virtual method 'int android.telephony.SignalStrength.getGsmSignalStrength()' on a null object reference
03-03 13:45:25.099 W/System.err( 2305): 	at com.miui.powerkeeper.feedbackcontrol.ThermalInfoUtils.getModemSignal(Unknown Source:12)
03-03 13:45:25.103 D/nativeloader( 7933): Configuring clns-5 for other apk /system/framework/org.apache.http.legacy.jar. target_sdk_version=35, uses_libraries=ALL, library_path=/data/app/~~CJkITykEau_rUL-L4QvXuQ==/com.lemon.lvoverseas-WptBSQbqtlrKPUkf-iB9Kw==/lib/arm64:/data/app/~~CJkITykEau_rUL-L4QvXuQ==/com.lemon.lvoverseas-WptBSQbqtlrKPUkf-iB9Kw==/base.apk!/lib/arm64-v8a, permitted_path=/data:/mnt/expand:/data/user/0/com.lemon.lvoverseas
03-03 13:45:25.103 D/nativeloader( 7933): Extending system_exposed_libraries: libbinauralrenderer_wrapper.qti.so:libhoaeffects.qti.so:libQOC.qti.so:libmisys_jni.xiaomi.so:libupdateprof.qti.so:libthermalclient.qti.so:libQOC.qti.so:libdiag_system.qti.so:libqape.qti.so:liblistenjni.qti.so
03-03 13:45:25.104 W/System.err( 2305): 	at l1.h.f(Unknown Source:31)
03-03 13:45:25.104 W/System.err( 2305): 	at l1.b.e(Unknown Source:0)
03-03 13:45:25.104 W/System.err( 2305): 	at j1.p.apply(Unknown Source:2)
03-03 13:45:25.104 W/System.err( 2305): 	at java.util.stream.ReferencePipeline$3$1.accept(ReferencePipeline.java:227)
03-03 13:45:25.104 W/System.err( 2305): 	at java.util.stream.ReferencePipeline$2$1.accept(ReferencePipeline.java:209)
03-03 13:45:25.104 W/System.err( 2305): 	at java.util.stream.ReferencePipeline$3$1.accept(ReferencePipeline.java:227)
03-03 13:45:25.104 W/System.err( 2305): 	at java.util.HashMap$KeySpliterator.forEachRemaining(HashMap.java:1713)
03-03 13:45:25.104 W/System.err( 2305): 	at java.util.stream.AbstractPipeline.copyInto(AbstractPipeline.java:574)
03-03 13:45:25.105 W/System.err( 2305): 	at java.util.stream.AbstractPipeline.wrapAndCopyInto(AbstractPipeline.java:564)
03-03 13:45:25.105 W/System.err( 2305): 	at java.util.stream.ReduceOps$ReduceOp.evaluateSequential(ReduceOps.java:921)
03-03 13:45:25.105 W/System.err( 2305): 	at java.util.stream.AbstractPipeline.evaluate(AbstractPipeline.java:267)
03-03 13:45:25.105 W/System.err( 2305): 	at java.util.stream.ReferencePipeline.collect(ReferencePipeline.java:748)
03-03 13:45:25.105 W/System.err( 2305): 	at j1.m$b.b(Unknown Source:48)
03-03 13:45:25.105 W/System.err( 2305): 	at o1.b.j(Unknown Source:48)
03-03 13:45:25.105 W/System.err( 2305): 	at o1.e$a.handleMessage(Unknown Source:2)
03-03 13:45:25.105 W/System.err( 2305): 	at android.os.Handler.dispatchMessage(Handler.java:106)
03-03 13:45:25.105 W/System.err( 2305): 	at android.os.Looper.loopOnce(Looper.java:211)
03-03 13:45:25.105 W/System.err( 2305): 	at android.os.Looper.loop(Looper.java:300)
03-03 13:45:25.105 W/System.err( 2305): 	at android.os.HandlerThread.run(HandlerThread.java:67)
03-03 13:45:25.109 D/nativeloader( 7933): Configuring clns-6 for other apk /system_ext/framework/androidx.window.extensions.jar. target_sdk_version=35, uses_libraries=ALL, library_path=/data/app/~~CJkITykEau_rUL-L4QvXuQ==/com.lemon.lvoverseas-WptBSQbqtlrKPUkf-iB9Kw==/lib/arm64:/data/app/~~CJkITykEau_rUL-L4QvXuQ==/com.lemon.lvoverseas-WptBSQbqtlrKPUkf-iB9Kw==/base.apk!/lib/arm64-v8a, permitted_path=/data:/mnt/expand:/data/user/0/com.lemon.lvoverseas
03-03 13:45:25.109 D/nativeloader( 7933): Extending system_exposed_libraries: libbinauralrenderer_wrapper.qti.so:libhoaeffects.qti.so:libQOC.qti.so:libmisys_jni.xiaomi.so:libupdateprof.qti.so:libthermalclient.qti.so:libQOC.qti.so:libdiag_system.qti.so:libqape.qti.so:liblistenjni.qti.so
03-03 13:45:25.111 D/ApplicationLoaders( 7933): Returning zygote-cached class loader: /system/framework/android.test.base.jar
03-03 13:45:25.118 D/nativeloader( 7933): Configuring clns-7 for other apk /system/framework/android.test.runner.jar. target_sdk_version=35, uses_libraries=ALL, library_path=/data/app/~~CJkITykEau_rUL-L4QvXuQ==/com.lemon.lvoverseas-WptBSQbqtlrKPUkf-iB9Kw==/lib/arm64:/data/app/~~CJkITykEau_rUL-L4QvXuQ==/com.lemon.lvoverseas-WptBSQbqtlrKPUkf-iB9Kw==/base.apk!/lib/arm64-v8a, permitted_path=/data:/mnt/expand:/data/user/0/com.lemon.lvoverseas
03-03 13:45:25.118 D/nativeloader( 7933): Extending system_exposed_libraries: libbinauralrenderer_wrapper.qti.so:libhoaeffects.qti.so:libQOC.qti.so:libmisys_jni.xiaomi.so:libupdateprof.qti.so:libthermalclient.qti.so:libQOC.qti.so:libdiag_system.qti.so:libqape.qti.so:liblistenjni.qti.so
03-03 13:45:25.118 D/CompatibilityChangeReporter( 1876): Compat change id reported: 161145287; UID 1000; state: DISABLED
03-03 13:45:25.134 D/nativeloader( 7933): Configuring clns-8 for other apk /data/app/~~CJkITykEau_rUL-L4QvXuQ==/com.lemon.lvoverseas-WptBSQbqtlrKPUkf-iB9Kw==/base.apk. target_sdk_version=35, uses_libraries=libOpenCL.so:libcdsprpc.so:libadsprpc.so, library_path=/data/app/~~CJkITykEau_rUL-L4QvXuQ==/com.lemon.lvoverseas-WptBSQbqtlrKPUkf-iB9Kw==/lib/arm64:/data/app/~~CJkITykEau_rUL-L4QvXuQ==/com.lemon.lvoverseas-WptBSQbqtlrKPUkf-iB9Kw==/base.apk!/lib/arm64-v8a, permitted_path=/data:/mnt/expand:/data/user/0/com.lemon.lvoverseas
03-03 13:45:25.139 I/ndroid.systemui( 2662): NativeAlloc concurrent mark compact GC freed 6908KB AllocSpace bytes, 1(20KB) LOS objects, 49% free, 23MB/46MB, paused 4.797ms,9.022ms total 171.494ms
03-03 13:45:25.147 D/DisplayFeatureManager( 2305): setScreenEffect displayId=0 mode=24 value=0 cookie=262
03-03 13:45:25.147 D/DisplayFeatureHal( 1296): setFeatureEnable: FeatureId=FPS_SWITCH_STATE modeId=0 cookie=262, hdrstatus=0
03-03 13:45:25.148 I/DisplayFeatureHal( 1296): HandleFpsSwitch: Unknown app set input_fps(0) cookie(262)
03-03 13:45:25.148 E/DisplayFeatureHal( 1296): HandleFpsSwitch: Unknown module is not supported, input_fps: 0
03-03 13:45:25.149 W/System  ( 2662): A resource failed to call release. 
03-03 13:45:25.157 W/System  ( 2662): A resource failed to call release. 
03-03 13:45:25.158 W/System  ( 2662): A resource failed to call release. 
03-03 13:45:25.163 D/nativeloader( 7933): Load libframework-connectivity-jni.so using APEX ns com_android_tethering for caller /apex/com.android.tethering/javalib/framework-connectivity.jar: ok
03-03 13:45:25.165 I/Perf    ( 7933): Connecting to perf service.
03-03 13:45:25.167 W/System  ( 2662): A resource failed to call release. 
03-03 13:45:25.168 W/System  ( 2662): A resource failed to call release. 
03-03 13:45:25.179 V/GraphicsEnvironment( 7933): ANGLE Developer option for 'com.lemon.lvoverseas' set to: 'default'
03-03 13:45:25.182 V/GraphicsEnvironment( 7933): ANGLE GameManagerService for com.lemon.lvoverseas: false
03-03 13:45:25.182 V/GraphicsEnvironment( 7933): Neither updatable production driver nor prerelease driver is supported.
03-03 13:45:25.186 W/System  ( 2299): A resource failed to call HardwareBuffer.close. 
03-03 13:45:25.186 W/System  ( 2299): A resource failed to call HardwareBuffer.close. 
03-03 13:45:25.189 I/ForceDarkHelperStubImpl( 7933): initialize for com.lemon.lvoverseas , ForceDarkOrigin
03-03 13:45:25.190 D/nativeloader( 7933): Load libforcedarkimpl.so using system ns (caller=/system_ext/framework/miui-framework.jar): ok
03-03 13:45:25.190 D/emon.lvoverseas( 7933): JNI_OnLoad success
03-03 13:45:25.191 I/MiuiForceDarkConfig( 7933): setConfig density:1.750000, mainRule:0, secondaryRule:0, tertiaryRule:0
03-03 13:45:25.195 I/LoadedApk( 7933): No resource references to update in package com.lemon.lvoverseas.df_common
03-03 13:45:25.196 D/NetworkSecurityConfig( 7933): Using Network Security Config from resource b debugBuild: true
03-03 13:45:25.198 D/NetworkSecurityConfig( 7933): Using Network Security Config from resource b debugBuild: true
03-03 13:45:25.211 D/nativeloader( 7933): Load /data/app/~~CJkITykEau_rUL-L4QvXuQ==/com.lemon.lvoverseas-WptBSQbqtlrKPUkf-iB9Kw==/lib/arm64/libflipped.so using class loader ns clns-8 (caller=/data/app/~~CJkITykEau_rUL-L4QvXuQ==/com.lemon.lvoverseas-WptBSQbqtlrKPUkf-iB9Kw==/base.apk!classes9.dex): ok
03-03 13:45:25.211 E/flipped ( 7933): init succeeded.
03-03 13:45:25.213 E/flipped ( 7933): Attach current thread 0
03-03 13:45:25.213 E/flipped ( 7933): Detach current thread 0
03-03 13:45:25.214 E/flipped ( 7933): Attach current thread 0
03-03 13:45:25.214 E/flipped ( 7933): Detach current thread 0
03-03 13:45:25.215 E/FlippedV2Impl( 7933): V2 invokeHiddenApiRestrictions success.
03-03 13:45:25.275 D/nativeloader( 7933): Load /data/app/~~CJkITykEau_rUL-L4QvXuQ==/com.lemon.lvoverseas-WptBSQbqtlrKPUkf-iB9Kw==/lib/arm64/libkeva.so using class loader ns clns-8 (caller=/data/app/~~CJkITykEau_rUL-L4QvXuQ==/com.lemon.lvoverseas-WptBSQbqtlrKPUkf-iB9Kw==/base.apk!classes9.dex): ok
03-03 13:45:25.277 I/KEVA.NATIVE( 7933): alog init successed
03-03 13:45:25.280 I/KEVA.NATIVE( 7933): byte array do not exist
03-03 13:45:25.283 D/MiuiTcpSocketTracker( 1876): skip mismatch tcpInfo:TcpInfo{lost=0, retransmit=0, sent=17}
03-03 13:45:25.310 W/libc    ( 7933): Access denied finding property "ro.vendor.df.effect.conflict"
03-03 13:45:25.322 D/CompatibilityChangeReporter( 7933): Compat change id reported: 210923482; UID 10504; state: ENABLED
03-03 13:45:25.327 W/libc    ( 1876): Access denied finding property "persist.vendor.cnss_diag.enable"
03-03 13:45:25.434 D/nativeloader( 7933): Load /data/app/~~CJkITykEau_rUL-L4QvXuQ==/com.lemon.lvoverseas-WptBSQbqtlrKPUkf-iB9Kw==/lib/arm64/libnpth.so using class loader ns clns-8 (caller=/data/app/~~CJkITykEau_rUL-L4QvXuQ==/com.lemon.lvoverseas-WptBSQbqtlrKPUkf-iB9Kw==/base.apk!classes9.dex): ok
03-03 13:45:25.442 W/System.err( 7933): java.lang.NullPointerException: Parameter specified as non-null is null: method com.vega.kv.keva.KevaSpAopHook.getSharedPreferences, parameter 
03-03 13:45:25.442 W/System.err( 7933): 	at com.vega.kv.keva.KevaSpAopHook.getSharedPreferences(Unknown Source:50855938)
03-03 13:45:25.442 W/System.err( 7933): 	at com.bytedance.ttnet.config.ImageStrategyController.INVOKEVIRTUAL_com_bytedance_ttnet_config_ImageStrategyController_com_vega_launcher_lancet_SharedPreferencesLancet_getSharedPreferences(Unknown Source:50593851)
03-03 13:45:25.442 W/System.err( 7933): 	at com.bytedance.ttnet.config.ImageStrategyController.getSP(Unknown Source:196617)
03-03 13:45:25.442 W/System.err( 7933): 	at com.bytedance.ttnet.config.ImageStrategyController.initConfig(Unknown Source:262144)
03-03 13:45:25.442 W/System.err( 7933): 	at com.bytedance.ttnet.config.ImageStrategyController.<init>(Unknown Source:16908299)
03-03 13:45:25.443 W/System.err( 7933): 	at com.bytedance.ttnet.config.ImageStrategyController.Init(Unknown Source:16973837)
03-03 13:45:25.443 W/System.err( 7933): 	at X.1Pm.run(Unknown Source:262183)
03-03 13:45:25.443 W/System.err( 7933): 	at java.util.concurrent.Executors$RunnableAdapter.call(Executors.java:520)
03-03 13:45:25.443 W/System.err( 7933): 	at java.util.concurrent.FutureTask.run(FutureTask.java:317)
03-03 13:45:25.443 W/System.err( 7933): 	at java.util.concurrent.ThreadPoolExecutor.runWorker(ThreadPoolExecutor.java:1154)
03-03 13:45:25.443 W/System.err( 7933): 	at java.util.concurrent.ThreadPoolExecutor$Worker.run(ThreadPoolExecutor.java:652)
03-03 13:45:25.443 W/System.err( 7933): 	at java.lang.Thread.run(Thread.java:1563)
03-03 13:45:25.444 D/nativeloader( 7933): Load /data/app/~~CJkITykEau_rUL-L4QvXuQ==/com.lemon.lvoverseas-WptBSQbqtlrKPUkf-iB9Kw==/lib/arm64/libluster.so using class loader ns clns-8 (caller=/data/app/~~CJkITykEau_rUL-L4QvXuQ==/com.lemon.lvoverseas-WptBSQbqtlrKPUkf-iB9Kw==/base.apk): ok
03-03 13:45:25.458 D/RecentsModel( 2299): getSmartRecentsTaskLoadPlan runningTaskId -1
03-03 13:45:25.459 D/RecentsModel( 2299): getSmartRecentsTaskLoadPlan cost 2
03-03 13:45:25.468 D/nativeloader( 7933): Load /data/app/~~CJkITykEau_rUL-L4QvXuQ==/com.lemon.lvoverseas-WptBSQbqtlrKPUkf-iB9Kw==/lib/arm64/libmetasec_ov.so using class loader ns clns-8 (caller=/data/app/~~CJkITykEau_rUL-L4QvXuQ==/com.lemon.lvoverseas-WptBSQbqtlrKPUkf-iB9Kw==/base.apk!classes9.dex): ok
03-03 13:45:25.497 W/System.err( 7933): java.lang.NoClassDefFoundError: Failed resolution of: Lcom/bytedance/xtrace/XTrace;
03-03 13:45:25.497 W/System.err( 7933): 	at ms.bd.o.c5.a(Unknown Source:47)
03-03 13:45:25.497 W/System.err( 7933): 	at ms.bd.o.k.a(Native Method)
03-03 13:45:25.497 W/System.err( 7933): 	at ms.bd.o.h2.b(Unknown Source:34079445)
03-03 13:45:25.497 W/System.err( 7933): 	at ms.bd.o.h2.c(Unknown Source:34013216)
03-03 13:45:25.497 W/System.err( 7933): 	at com.bytedance.mobsec.metasec.ov.MSManagerUtils.init(Unknown Source:7)
03-03 13:45:25.497 W/System.err( 7933): 	at com.vega.launcher.sec.SecModuleInit.b(Unknown Source:33947771)
03-03 13:45:25.497 W/System.err( 7933): 	at com.vega.core.ModuleInit.a(Unknown Source:33751058)
03-03 13:45:25.497 W/System.err( 7933): 	at com.vega.launcher.start.schedule.tasks.SecModuleInitTask.run(Unknown Source:196627)
03-03 13:45:25.497 W/System.err( 7933): 	at com.bytedance.lego.init.InitTaskDispatcher.c(Unknown Source:17236030)
03-03 13:45:25.497 W/System.err( 7933): 	at com.bytedance.lego.init.InitTaskDispatcher$run$runnable$1.run(Unknown Source:131079)
03-03 13:45:25.497 W/System.err( 7933): 	at java.util.concurrent.ThreadPoolExecutor.runWorker(ThreadPoolExecutor.java:1154)
03-03 13:45:25.497 W/System.err( 7933): 	at java.util.concurrent.ThreadPoolExecutor$Worker.run(ThreadPoolExecutor.java:652)
03-03 13:45:25.497 W/System.err( 7933): 	at java.lang.Thread.run(Thread.java:1563)
03-03 13:45:25.497 W/System.err( 7933): 	at com.bytedance.lego.init.LaunchBoostExecutor$executorFactory$1$newThread$thread$1.run(Unknown Source:65540)
03-03 13:45:25.498 W/System.err( 7933): Caused by: java.lang.ClassNotFoundException: Didn't find class "com.bytedance.xtrace.XTrace" on path: DexPathList[[zip file "/data/app/~~CJkITykEau_rUL-L4QvXuQ==/com.lemon.lvoverseas-WptBSQbqtlrKPUkf-iB9Kw==/base.apk"],nativeLibraryDirectories=[/data/app/~~CJkITykEau_rUL-L4QvXuQ==/com.lemon.lvoverseas-WptBSQbqtlrKPUkf-iB9Kw==/lib/arm64, /data/app/~~CJkITykEau_rUL-L4QvXuQ==/com.lemon.lvoverseas-WptBSQbqtlrKPUkf-iB9Kw==/base.apk!/lib/arm64-v8a, /system/lib64, /system_ext/lib64]]
03-03 13:45:25.499 W/System.err( 7933): 	at dalvik.system.BaseDexClassLoader.findClass(BaseDexClassLoader.java:259)
03-03 13:45:25.499 W/System.err( 7933): 	at java.lang.ClassLoader.loadClass(ClassLoader.java:642)
03-03 13:45:25.499 W/System.err( 7933): 	at java.lang.ClassLoader.loadClass(ClassLoader.java:578)
03-03 13:45:25.499 W/System.err( 7933): 	... 14 more
03-03 13:45:25.576 D/CompatibilityInfo( 1876): mCompatibilityFlags - 4
03-03 13:45:25.576 D/CompatibilityInfo( 1876): applicationDensity - 280
03-03 13:45:25.576 D/CompatibilityInfo( 1876): applicationScale - 1.0
03-03 13:45:25.583 I/MiuiNetworkPolicy( 1876): updateUidState uid = 10132, uidState = 3
03-03 13:45:25.584 I/MiuiNetworkPolicy( 1876): updateUidState uid = 99524, uidState = 3
03-03 13:45:25.584 I/MiuiNetworkPolicy( 1876): updateUidState uid = 10231, uidState = 3
03-03 13:45:25.585 D/nativeloader( 7933): Load /data/app/~~CJkITykEau_rUL-L4QvXuQ==/com.lemon.lvoverseas-WptBSQbqtlrKPUkf-iB9Kw==/lib/arm64/libsscronet.so using class loader ns clns-8 (caller=/data/app/~~CJkITykEau_rUL-L4QvXuQ==/com.lemon.lvoverseas-WptBSQbqtlrKPUkf-iB9Kw==/base.apk!classes9.dex): ok
03-03 13:45:25.598 D/CompatibilityChangeReporter( 1876): Compat change id reported: 161145287; UID 10504; state: DISABLED
03-03 13:45:25.602 D/MI-SF   ( 1358): [FpsStat] distroy...
03-03 13:45:25.642 I/art_sym ( 7933): Init libart.so handle: 0xb400007e862af3c0
03-03 13:45:25.691 D/nativeloader( 7933): Load /data/app/~~CJkITykEau_rUL-L4QvXuQ==/com.lemon.lvoverseas-WptBSQbqtlrKPUkf-iB9Kw==/lib/arm64/libjato.so using class loader ns clns-8 (caller=/data/app/~~CJkITykEau_rUL-L4QvXuQ==/com.lemon.lvoverseas-WptBSQbqtlrKPUkf-iB9Kw==/base.apk!classes9.dex): ok
03-03 13:45:25.691 E/jato    ( 7933): page size: 4096
03-03 13:45:25.695 D/nativeloader( 7933): Load /data/app/~~CJkITykEau_rUL-L4QvXuQ==/com.lemon.lvoverseas-WptBSQbqtlrKPUkf-iB9Kw==/lib/arm64/libgodzilla-touphic.so using class loader ns clns-8 (caller=/data/app/~~CJkITykEau_rUL-L4QvXuQ==/com.lemon.lvoverseas-WptBSQbqtlrKPUkf-iB9Kw==/base.apk!classes9.dex): ok
03-03 13:45:25.711 W/emon.lvoverseas( 7933): Long monitor contention with owner aInitSchedule-2 (13373) at boolean com.bytedance.common.jato.JatoNativeLoader.loadLibrary()(:262178) waiters=0 in boolean com.bytedance.common.jato.JatoNativeLoader.loadLibrary() for 107ms
03-03 13:45:25.746 I/MI-SF   ( 1358): surfaceflinger setAffinity mode=0
03-03 13:45:25.749 D/nativeloader( 7933): Load /data/app/~~CJkITykEau_rUL-L4QvXuQ==/com.lemon.lvoverseas-WptBSQbqtlrKPUkf-iB9Kw==/lib/arm64/libsysoptimizer.so using class loader ns clns-8 (caller=/data/app/~~CJkITykEau_rUL-L4QvXuQ==/com.lemon.lvoverseas-WptBSQbqtlrKPUkf-iB9Kw==/base.apk!classes9.dex): ok
03-03 13:45:25.757 E/ActivityThread( 7933): Failed to find provider info for com.lemon.faceuassist.provider
03-03 13:45:25.761 I/NPTH    ( 7933): npth_anr_monitor_loop enter!
03-03 13:45:25.761 I/NPTH    ( 7933): npth_anr_monitor_loop reporter = 0x29
03-03 13:45:25.761 I/art_sym ( 7933): Init libart.so handle: 0xb400007e862aff80
03-03 13:45:25.761 D/art_sym ( 7933): get art runtime by instance
03-03 13:45:25.761 I/art_sym ( 7933): RELEASE_HANDLE libart.so handle: 0xb400007e862aff80
03-03 13:45:25.761 E/UFFDGC  ( 7933): set sbackOffTime:5000, sbackOffMaxCount:5
03-03 13:45:25.761 I/TOUPHIC ( 7933): from libsigchain.so find _ZN3art11SignalChain7HandlerEiP7siginfoPv symbol 0x7f5ec2ab18
03-03 13:45:25.764 D/MI-SF   ( 1358): updateScene: module = 268 (Animation), value = 0, pkg = perf_interaction, Vrr = 1
03-03 13:45:25.764 D/MI-SF   ( 1358): isIdleTimerSkip is 0,mSetIdleForceFlag = 0
03-03 13:45:25.764 D/MI-SF   ( 1358): updateScene mSetAnimationFlag status 0, vsync 60
03-03 13:45:25.764 E/shadowhook_tag( 7933): shadowhook version 2.0.1-rc.9: shadowhook init(default_mode: SHARED, debuggable: false), return: 0, real-init: yes
03-03 13:45:25.764 I/DisplayModeDirectorImpl( 1876): onDesiredDisplayModeSpecsChanged:baseModeId=2 allowGroupSwitching=false primaryRefreshRateRange=[0 60] appRequestRefreshRateRange=[0 60] noVotes=false
03-03 13:45:25.764 E/UFFDGC  ( 7933): SignalChainHandlerFunc init end
03-03 13:45:25.767 W/art_sym ( 7933): GetClassLinkerIndex by intern_table, intern_table_index: 78
03-03 13:45:25.768 W/art_sym ( 7933): art runtime: 0xb400007f6ba71c00, class_linker index: 150, java_vm_ext index: 158
03-03 13:45:25.768 E/art_sym ( 7933): art ThreadListInstance index: 146
03-03 13:45:25.768 E/QueryFilterEngine( 7933): Local common params config is invalid: {}
03-03 13:45:25.768 D/SurfaceFlinger( 1358): setDesiredDisplayModeSpecs: defaultMode 1 primaryRefreshRateMin: 0.000000 primaryRefreshRateMax: 60.000000 appRequestRefreshRateMin:0.000000 appRequestRefreshRateMax:60.000000
03-03 13:45:25.772 D/nativeloader( 7933): Load /data/app/~~CJkITykEau_rUL-L4QvXuQ==/com.lemon.lvoverseas-WptBSQbqtlrKPUkf-iB9Kw==/lib/arm64/libalog.so using class loader ns clns-8 (caller=/data/app/~~CJkITykEau_rUL-L4QvXuQ==/com.lemon.lvoverseas-WptBSQbqtlrKPUkf-iB9Kw==/base.apk!classes9.dex): ok
03-03 13:45:25.775 W/SDM     ( 1241): HWDeviceDRM::GetSupportedBitClkRate: Requested rate not supported: 0
03-03 13:45:25.775 E/shadowhook_tag( 7933): shadowhook version 2.0.1-rc.9: shadowhook init(default_mode: SHARED, debuggable: false), return: 0, real-init: no
03-03 13:45:25.776 I/SDM     ( 1241): HWDeviceDRM::UpdateMixerAttributes: Mixer WxH 1200x1920-0 for Peripheral
03-03 13:45:25.776 I/SDM     ( 1241): HWCDisplay::SubmitDisplayConfig: Active configuration changed to: 1
03-03 13:45:25.777 I/SDM     ( 1241): HWDeviceDRM::SetDisplaySwitchMode: Mode 1 already set
03-03 13:45:25.794 D/nativeloader( 7933): Load /data/app/~~CJkITykEau_rUL-L4QvXuQ==/com.lemon.lvoverseas-WptBSQbqtlrKPUkf-iB9Kw==/lib/arm64/libgodzilla-sysopt.so using class loader ns clns-8 (caller=/data/app/~~CJkITykEau_rUL-L4QvXuQ==/com.lemon.lvoverseas-WptBSQbqtlrKPUkf-iB9Kw==/base.apk!classes9.dex): ok
