03-03 13:45:26.967 W/System.err( 7933): 	at java.util.concurrent.ThreadPoolExecutor.runWorker(ThreadPoolExecutor.java:1154)
03-03 13:45:26.967 W/System.err( 7933): 	at java.util.concurrent.ThreadPoolExecutor$Worker.run(ThreadPoolExecutor.java:652)
03-03 13:45:26.967 W/System.err( 7933): 	at java.lang.Thread.run(Thread.java:1563)
03-03 13:45:26.967 W/System.err( 7933): 	at com.bytedance.bpea.transmit.delegate.BPEAThread.run(Unknown Source:196617)
03-03 13:45:26.967 W/System.err( 7933): 	at com.ss.android.ugc.bytex.pthread.base.convergence.hook.ThreadProxy$start$1.invoke(Unknown Source:23)
03-03 13:45:26.967 W/System.err( 7933): 	at com.ss.android.ugc.bytex.pthread.base.convergence.hook.ThreadProxy$start$1.invoke(Unknown Source:2)
03-03 13:45:26.967 W/System.err( 7933): 	at com.ss.android.ugc.bytex.pthread.base.convergence.helper.ThreadWorker.run(Unknown Source:98)
03-03 13:45:26.967 W/System.err( 7933): 	at java.util.concurrent.ThreadPoolExecutor.runWorker(ThreadPoolExecutor.java:1154)
03-03 13:45:26.967 W/System.err( 7933): 	at java.util.concurrent.ThreadPoolExecutor$Worker.run(ThreadPoolExecutor.java:652)
03-03 13:45:26.967 W/System.err( 7933): 	at java.lang.Thread.run(Thread.java:1563)
03-03 13:45:27.006 D/nativeloader( 7933): Load /data/app/~~S19Ej7UCfvoMxGG0NEIMGw==/com.google.android.webview-eUt7U2CiQNgXm0I2qAnpoA==/base.apk!/lib/arm64-v8a/libwebviewchromium.so using class loader ns clns-9 (caller=/data/app/~~S19Ej7UCfvoMxGG0NEIMGw==/com.google.android.webview-eUt7U2CiQNgXm0I2qAnpoA==/base.apk): ok
03-03 13:45:27.023 D/nativeloader( 7933): Load /system/lib64/libwebviewchromium_plat_support.so using class loader ns clns-9 (caller=/data/app/~~S19Ej7UCfvoMxGG0NEIMGw==/com.google.android.webview-eUt7U2CiQNgXm0I2qAnpoA==/base.apk): ok
03-03 13:45:27.036 D/TaskStackChangeListeners( 2299): onTaskDescriptionChanged =  taskId = 6550
03-03 13:45:27.052 I/chromium( 7933): [0303/134527.039535:INFO:android_webview/browser/variations/variations_seed_loader.cc:67] Failed to open file for reading.: No such file or directory (2)
03-03 13:45:27.052 I/chromium( 7933): [0303/134527.052510:INFO:android_webview/browser/variations/variations_seed_loader.cc:67] Failed to open file for reading.: No such file or directory (2)
03-03 13:45:27.062 I/System.out( 7933): method b is called
03-03 13:45:27.068 I/cr_LibraryLoader( 7933): Successfully loaded native library
03-03 13:45:27.069 I/cr_CachingUmaRecorder( 7933): Flushed 16 samples from 16 histograms, 0 samples were dropped.
03-03 13:45:27.071 W/emon.lvoverseas( 7933): Long monitor contention with owner Thread-21 (13388) at android.webkit.CookieManager com.bytedance.frameworks.baselib.network.http.NetworkParams.tryCookieManagerInit()(:327725) waiters=0 in android.webkit.CookieManager com.bytedance.frameworks.baselib.network.http.NetworkParams.tryCookieManagerInit() for 1.303s
03-03 13:45:27.071 W/emon.lvoverseas( 7933): Long monitor contention with owner Thread-21 (13388) at android.webkit.CookieManager com.bytedance.frameworks.baselib.network.http.NetworkParams.tryCookieManagerInit()(:327725) waiters=1 in android.webkit.CookieManager com.bytedance.frameworks.baselib.network.http.NetworkParams.tryCookieManagerInit() for 721ms
03-03 13:45:27.071 W/emon.lvoverseas( 7933): Long monitor contention with owner Thread-21 (13388) at android.webkit.CookieManager com.bytedance.frameworks.baselib.network.http.NetworkParams.tryCookieManagerInit()(:327725) waiters=2 in android.webkit.CookieManager com.bytedance.frameworks.baselib.network.http.NetworkParams.tryCookieManagerInit() for 715ms
03-03 13:45:27.071 W/emon.lvoverseas( 7933): Long monitor contention with owner Thread-21 (13388) at android.webkit.CookieManager com.bytedance.frameworks.baselib.network.http.NetworkParams.tryCookieManagerInit()(:327725) waiters=3 in android.webkit.CookieManager com.bytedance.frameworks.baselib.network.http.NetworkParams.tryCookieManagerInit() for 257ms
03-03 13:45:27.142 D/CompatibilityChangeReporter( 1876): Compat change id reported: 74210811; UID 10504; state: ENABLED
03-03 13:45:27.149 W/Activity( 7933): PerfMonitor: Slow Operation: Activity com.lemon.lvoverseas/com.vega.main.MainActivity onCreate took 1132ms
03-03 13:45:27.158 W/BpBinder( 7933): PerfMonitor binderTransact :  time=275ms interface=android.app.IActivityManager code=91
03-03 13:45:27.203 I/System.out( 7933): method a is called
03-03 13:45:27.271 D/CompatibilityChangeReporter( 7933): Compat change id reported: 183155436; UID 10504; state: ENABLED
03-03 13:45:27.330 E/InputAnrOpt( 7933): getSocketFd start
03-03 13:45:27.331 E/InputAnrOpt( 7933): already registered sendMessage
03-03 13:45:27.365 D/CompatibilityChangeReporter( 1876): Compat change id reported: 151105954; UID 1000; state: ENABLED
03-03 13:45:27.367 E/DynamiteModule( 7933): Failed to load module descriptor class: No field MODULE_ID in class Lcom/google/android/gms/dynamite/descriptors/com/google/android/gms/measurement/dynamite/ModuleDescriptor; (declaration of 'com.google.android.gms.dynamite.descriptors.com.google.android.gms.measurement.dynamite.ModuleDescriptor' appears in /data/app/~~CJkITykEau_rUL-L4QvXuQ==/com.lemon.lvoverseas-WptBSQbqtlrKPUkf-iB9Kw==/base.apk!classes23.dex)
03-03 13:45:27.367 E/AppOps  ( 1876): attributionTag  not declared in manifest of android
03-03 13:45:27.368 D/CompatibilityChangeReporter( 7933): Compat change id reported: 351566728; UID 10504; state: DISABLED
03-03 13:45:27.369 E/AppOps  ( 1876): attributionTag  not declared in manifest of android
03-03 13:45:27.380 W/Activity( 7933): PerfMonitor: Slow Operation: Activity com.lemon.lvoverseas/com.vega.main.MainActivity onResume took 134ms
03-03 13:45:27.383 E/InputAnrOpt( 7933): getSocketFd start
03-03 13:45:27.386 E/InputAnrOpt( 7933): already registered sendMessage
03-03 13:45:27.403 W/emon.lvoverseas( 7933): ClassLoaderContext classpath size mismatch. expected=1, found=0 (DLC[];PCL[base.apk*3307895530]{PCL[/system/framework/org.apache.http.legacy.jar*659110245]#PCL[/system/framework/com.android.location.provider.jar*3175360614]#PCL[/system/framework/com.android.media.remotedisplay.jar*3743104114]#PCL[/system_ext/framework/androidx.window.extensions.jar*113564653]} | DLC[];PCL[])
03-03 13:45:27.410 I/emon.lvoverseas( 7933): Waiting for a blocking GC ClassLinker
03-03 13:45:27.430 D/DecorView[]( 7933): getWindowModeFromSystem  windowmode is 1
03-03 13:45:27.431 D/DecorView[]( 7933): updateDecorCaptionStatus windowMode is 1
03-03 13:45:27.439 E/InputAnrOpt( 7933): getSocketFd start
03-03 13:45:27.439 E/InputAnrOpt( 7933): already registered sendMessage
03-03 13:45:27.445 D/CoreBackPreview( 1876): Window{d677a73 u0 com.lemon.lvoverseas/com.vega.main.MainActivity}: Setting back callback OnBackInvokedCallbackInfo{mCallback=android.window.IOnBackInvokedCallback$Stub$Proxy@5bc7da9, mPriority=0}
03-03 13:45:27.455 W/emon.lvoverseas( 7933): userfaultfd: MOVE ioctl seems unsupported: Try again
03-03 13:45:27.455 D/RecentsImpl( 2299): mActivityStateObserver com.vega.main.MainActivity
03-03 13:45:27.456 W/RecentsImpl( 2299): onResumed className=com.vega.main.MainActivity   mIsInAnotherPro=false   isKeyguardLocked=false
03-03 13:45:27.466 W/Looper  ( 7933): PerfMonitor longMsg : seq=5 plan=13:45:25.057 late=908ms wall=1489ms h=android.app.ActivityThread$H w=159 procState=-1
03-03 13:45:27.470 W/Looper  ( 7933): PerfMonitor looperActivity : package=com.lemon.lvoverseas/com.vega.main.MainActivity time=1489ms latency=908ms  procState=-1  historyMsgCount=4 (msgIndex=3 wall=905ms seq=3 late=7ms h=android.app.ActivityThread$H w=110)
03-03 13:45:27.484 W/Looper  ( 7933): PerfMonitor looperActivity : package=com.lemon.lvoverseas/com.vega.main.MainActivity time=3ms latency=2414ms  procState=-1  historyMsgCount=5 (msgIndex=1 wall=905ms seq=3 late=7ms h=android.app.ActivityThread$H w=110) (msgIndex=3 wall=1489ms seq=5 late=908ms h=android.app.ActivityThread$H w=159)
03-03 13:45:27.490 E/InputAnrOpt( 7933): getSocketFd start
03-03 13:45:27.495 E/InputAnrOpt( 7933): already registered sendMessage
03-03 13:45:27.505 D/FramePredict( 7933): FramePredict init: true
03-03 13:45:27.507 I/Choreographer( 7933): Skipped 167 frames!  The application may be doing too much work on its main thread.
03-03 13:45:27.548 E/InputAnrOpt( 7933): getSocketFd start
03-03 13:45:27.548 E/InputAnrOpt( 7933): already registered sendMessage
03-03 13:45:27.561 I/emon.lvoverseas( 7933): Background concurrent mark compact GC freed 30MB AllocSpace bytes, 63(2392KB) LOS objects, 49% free, 17MB/35MB, paused 3.424ms,2.818ms total 283.728ms
03-03 13:45:27.562 I/emon.lvoverseas( 7933): WaitForGcToComplete blocked ClassLinker on Background for 151.388ms
03-03 13:45:27.563 I/DynamiteModule( 7933): Considering local module com.google.android.gms.measurement.dynamite:0 and remote module com.google.android.gms.measurement.dynamite:179
03-03 13:45:27.564 I/DynamiteModule( 7933): Selected remote version of com.google.android.gms.measurement.dynamite, version >= 179
03-03 13:45:27.564 V/DynamiteModule( 7933): Dynamite loader version >= 2, using loadModule2NoCrashUtils
03-03 13:45:27.587 D/CompatibilityInfo( 1876): mCompatibilityFlags - 4
03-03 13:45:27.587 D/CompatibilityInfo( 1876): applicationDensity - 280
03-03 13:45:27.587 D/CompatibilityInfo( 1876): applicationScale - 1.0
03-03 13:45:27.590 W/System  ( 7933): ClassLoader referenced unknown path: 
03-03 13:45:27.591 D/nativeloader( 7933): Configuring clns-10 for other apk . target_sdk_version=36, uses_libraries=, library_path=/data/app/~~9hF7ZCDRrhlKYXSlocRWbQ==/com.google.android.gms-9cuX-MgHMNhYdMMTP_E15g==/lib/arm64:/data/app/~~9hF7ZCDRrhlKYXSlocRWbQ==/com.google.android.gms-9cuX-MgHMNhYdMMTP_E15g==/base.apk!/lib/arm64-v8a, permitted_path=/data:/mnt/expand:/data/user/0/com.google.android.gms
03-03 13:45:27.592 D/BoundBrokerSvc(29197): onBind: Intent { act=com.google.android.gms.appset.service.START dat=chimera-action:/... cmp=com.google.android.gms/.chimera.GmsApiService }
03-03 13:45:27.593 D/BoundBrokerSvc(29197): Loading bound service for intent: Intent { act=com.google.android.gms.appset.service.START dat=chimera-action:/... cmp=com.google.android.gms/.chimera.GmsApiService }
03-03 13:45:27.598 E/InputAnrOpt( 7933): getSocketFd start
03-03 13:45:27.599 E/InputAnrOpt( 7933): already registered sendMessage
03-03 13:45:27.602 D/CompatibilityInfo( 1876): mCompatibilityFlags - 4
03-03 13:45:27.602 D/CompatibilityInfo( 1876): applicationDensity - 280
03-03 13:45:27.603 D/CompatibilityInfo( 1876): applicationScale - 1.0
03-03 13:45:27.604 D/MiuiNetworkPolicy( 1876): updateLimit mLimitEnabled=false,enabled=true,mNetworkPriorityMode=255
03-03 13:45:27.608 W/emon.lvoverseas( 7933): Long monitor contention with owner TTDefaultExecutors-1-Thread-9 (13531) at android.app.SharedPreferencesImpl$MemoryCommitResult android.app.SharedPreferencesImpl$EditorImpl.commitToMemory()(SharedPreferencesImpl.java:589) waiters=0 in void android.app.SharedPreferencesImpl$2.run() for 266ms
03-03 13:45:27.609 W/emon.lvoverseas( 7933): Long monitor contention with owner TTDefaultExecutors-1-Thread-9 (13531) at android.app.SharedPreferencesImpl$MemoryCommitResult android.app.SharedPreferencesImpl$EditorImpl.commitToMemory()(SharedPreferencesImpl.java:589) waiters=1 in android.content.SharedPreferences$Editor android.app.SharedPreferencesImpl.edit() for 243ms
03-03 13:45:27.613 E/InputAnrOpt( 7933): getSocketFd start
03-03 13:45:27.613 E/InputAnrOpt( 7933): already registered sendMessage
03-03 13:45:27.633 W/BroadcastQueue( 1876): Exported Denial: sending Intent { act=android.net.conn.CONNECTIVITY_CHANGE flg=0x4200010 (has extras) }, action: android.net.conn.CONNECTIVITY_CHANGE from null (uid=-1) due to receiver ProcessRecord{59c8713 7933:com.lemon.lvoverseas/u0a504} (uid 10504) not specifying RECEIVER_EXPORTED
03-03 13:45:27.633 W/BroadcastQueue( 1876): Exported Denial: sending Intent { act=android.net.wifi.WIFI_STATE_CHANGED flg=0x4000010 (has extras) }, action: android.net.wifi.WIFI_STATE_CHANGED from null (uid=-1) due to receiver ProcessRecord{59c8713 7933:com.lemon.lvoverseas/u0a504} (uid 10504) not specifying RECEIVER_EXPORTED
03-03 13:45:27.633 W/BroadcastQueue( 1876): Exported Denial: sending Intent { act=android.net.wifi.STATE_CHANGE flg=0x4000010 (has extras) }, action: android.net.wifi.STATE_CHANGE from null (uid=-1) due to receiver ProcessRecord{59c8713 7933:com.lemon.lvoverseas/u0a504} (uid 10504) not specifying RECEIVER_EXPORTED
03-03 13:45:27.637 W/BroadcastQueue( 1876): Exported Denial: sending Intent { act=android.intent.action.BATTERY_CHANGED flg=0x60000010 (has extras) }, action: android.intent.action.BATTERY_CHANGED from null (uid=-1) due to receiver ProcessRecord{59c8713 7933:com.lemon.lvoverseas/u0a504} (uid 10504) not specifying RECEIVER_EXPORTED
03-03 13:45:27.663 W/emon.lvoverseas( 7933): ClassLoaderContext classpath element checksum mismatch. expected=3307895530, found=2077453183 (DLC[];PCL[base.apk*3307895530]{PCL[/system/framework/org.apache.http.legacy.jar*659110245]#PCL[/system/framework/com.android.location.provider.jar*3175360614]#PCL[/system/framework/com.android.media.remotedisplay.jar*3743104114]#PCL[/system_ext/framework/androidx.window.extensions.jar*113564653]} | DLC[];PCL[/data/app/~~CJkITykEau_rUL-L4QvXuQ==/com.lemon.lvoverseas-WptBSQbqtlrKPUkf-iB9Kw==/base.apk*2077453183]{PCL[/system/framework/android.test.base.jar*1628045883]#PCL[/system/framework/android.test.mock.jar*849501950]#PCL[/system/framework/org.apache.http.legacy.jar*659110245]#PCL[/system_ext/framework/androidx.window.extensions.jar*113564653]#PCL[/system/framework/android.test.runner.jar*2256426887]{PCL[/system/framework/android.test.base.jar*1628045883]#PCL[/system/framework/android.test.mock.jar*849501950]}})
03-03 13:45:27.733 D/UiModeManager( 1876): updateConfigurationLocked: mDockState=0; mCarMode=false; mCar=false; mPowerSave=false; mComputedNightMode=false; mNightMode=1; uiMode=17
03-03 13:45:27.736 D/PowerCheckerService( 2305): onBatteryChanged, mBatteryLevel = 93, status = 3, level = 93, plug = 0, scale = 100
03-03 13:45:27.737 D/PowerKeeper.FrozenApp( 2305): onBatteryChanged plug=false mBatteryPlugged=0
03-03 13:45:27.738 I/BatteryInfoReceiver(31562): ACTION_BATTERY_CHANGED
03-03 13:45:27.738 D/PowerKeeper.Thermal( 2305): mBatteryTemperature: 29
03-03 13:45:27.741 I/PowerNoticeUI(31562): handleBatteryChanged oldPlugType 0 mPlugType 0 oldBatteryLevel 93 mBatteryLevel 93 temperature 296
03-03 13:45:27.768 E/DynamiteModule( 7933): Failed to load module descriptor class: No field MODULE_ID in class Lcom/google/android/gms/dynamite/descriptors/com/google/android/gms/measurement/dynamite/ModuleDescriptor; (declaration of 'com.google.android.gms.dynamite.descriptors.com.google.android.gms.measurement.dynamite.ModuleDescriptor' appears in /data/app/~~CJkITykEau_rUL-L4QvXuQ==/com.lemon.lvoverseas-WptBSQbqtlrKPUkf-iB9Kw==/base.apk!classes23.dex)
03-03 13:45:27.774 D/nativeloader( 7933): Load /data/app/~~CJkITykEau_rUL-L4QvXuQ==/com.lemon.lvoverseas-WptBSQbqtlrKPUkf-iB9Kw==/lib/arm64/libnpth_repair.so using class loader ns clns-8 (caller=/data/app/~~CJkITykEau_rUL-L4QvXuQ==/com.lemon.lvoverseas-WptBSQbqtlrKPUkf-iB9Kw==/base.apk!classes9.dex): ok
03-03 13:45:27.775 E/shadowhook_tag( 7933): shadowhook version 2.0.1-rc.9: shadowhook init(default_mode: SHARED, debuggable: false), return: 0, real-init: no
03-03 13:45:27.775 E/bytehook_tag( 7933): bytehook version 1.1.2-alpha.0: bytehook init(mode: AUTOMATIC, debuggable: false), return: 0, real-init: no
03-03 13:45:27.784 D/MI-SF   ( 1358): [FpsStat] construct...
03-03 13:45:27.786 D/SurfaceControl( 1876): nativeSetScreenProjection ===> setScreenProjection
03-03 13:45:27.786 D/SurfaceControl( 1876): nativeSetScreenProjection ===> setScreenProjection
03-03 13:45:27.793 D/WindowManager( 1876): wms.Input focus has changed to Window{d677a73 u0 com.lemon.lvoverseas/com.vega.main.MainActivity} display=0 updateInputWindows = true
03-03 13:45:27.793 I/MultiSenceManagerInternalStub( 1876): getInstance
03-03 13:45:27.796 D/WindowManager( 1876): wms.Update InputWindowHandle: d677a73 com.lemon.lvoverseas/com.vega.main.MainActivity, frame=[0,0,0,0], touchableRegion=SkRegion((0,0,1200,1920)), scaleFactor=1.0, transform=null, windowToken=android.os.BinderProxy@acd86e2, isClone=false, visibal=true, focusable=true, changed=true
03-03 13:45:27.813 I/SurfaceFlinger( 1358): sf.setTransactionState focusRequest transactionId:8057361792767 frontWin:d677a73 com.lemon.lvoverseas/com.vega.main.MainActivity
03-03 13:45:27.816 I/SDM     ( 1241): HWCDisplay::GetColorModeCount: Supported color mode count = 3
03-03 13:45:27.816 I/SDM     ( 1241): HWCDisplay::GetColorModes: Color mode = 0 is supported
03-03 13:45:27.816 I/SDM     ( 1241): HWCDisplay::GetColorModes: Color mode = 7 is supported
03-03 13:45:27.816 I/SDM     ( 1241): HWCDisplay::GetColorModes: Color mode = 9 is supported
03-03 13:45:27.816 D/MI-SF   ( 1358): addDolbyVisionHdr enter hdrTypes 2
03-03 13:45:27.816 D/MI-SF   ( 1358): debug.config.media.video.dolby_vision_suports == false
03-03 13:45:27.827 W/libc    ( 7933): Access denied finding property "vendor.migl.debug"
03-03 13:45:27.829 W/View    ( 7933): requestLayout() improperly called by android.widget.LinearLayout{e44e2be V.E...... ......ID 0,0-1200,1837} during layout: running second layout pass
03-03 13:45:27.829 W/View    ( 7933): requestLayout() improperly called by androidx.constraintlayout.widget.ConstraintLayout{d5e9f1f V.E...... ......ID 0,0-1200,1837 #7f09231a app:id/main_content} during layout: running second layout pass
03-03 13:45:27.829 W/View    ( 7933): requestLayout() improperly called by com.vega.ui.widget.OptXRadioGroup{b020035 V.E...... ......ID 0,1732-1200,1837 #7f09232a app:id/main_tab} during layout: running second layout pass
03-03 13:45:27.829 W/View    ( 7933): requestLayout() improperly called by com.vega.main.widget.CustomDrawerLayout{9e86cca VFE...... ......ID 0,0-1200,1732 #7f092072 app:id/layout_user_drawer} during layout: running second layout pass
03-03 13:45:27.829 W/View    ( 7933): requestLayout() improperly called by android.widget.FrameLayout{7580e3b V.E...... ......ID 0,0-1200,1732 #7f0915b4 app:id/fragment_container} during layout: running second layout pass
03-03 13:45:27.831 E/libEGL  ( 7933): pre_cache appList: com.smile.gifmaker,com.tencent.mm,com.ss.android.ugc.aweme,com.kuaishou.nebula,com.alibaba.android.rimet,tv.danmaku.bilibilihd,com.ss.android.ugc.aweme.lite,
03-03 13:45:27.831 I/SurfaceFlinger( 1358): sf.transactionIsReadyToBeApplied focusRequest transactionId:8057361792767
03-03 13:45:27.833 I/PhenotypeResourceReader(29994): unable to find any Phenotype resource metadata for com.lemon.lvoverseas
03-03 13:45:27.834 D/SurfaceFlinger( 1358): updateInputFlinger::setFocusedWindow: windowName=d677a73 com.lemon.lvoverseas/com.vega.main.MainActivity focusRequests.size=1
03-03 13:45:27.834 I/SDM     ( 1241): HWCDisplay::GetColorModeCount: Supported color mode count = 3
03-03 13:45:27.834 I/SDM     ( 1241): HWCDisplay::GetColorModes: Color mode = 0 is supported
03-03 13:45:27.834 I/SDM     ( 1241): HWCDisplay::GetColorModes: Color mode = 7 is supported
03-03 13:45:27.834 I/SDM     ( 1241): HWCDisplay::GetColorModes: Color mode = 9 is supported
03-03 13:45:27.834 D/MI-SF   ( 1358): addDolbyVisionHdr enter hdrTypes 2
03-03 13:45:27.834 D/MI-SF   ( 1358): debug.config.media.video.dolby_vision_suports == false
03-03 13:45:27.847 I/servicemanager(  601): Could not find android.hardware.graphics.allocator.IAllocator/default in the VINTF manifest.
03-03 13:45:27.858 D/VRI[MainActivity]( 7933): vri.reportNextDraw android.view.ViewRootImpl.performTraversals:3891 android.view.ViewRootImpl.doTraversal:2623 android.view.ViewRootImpl$TraversalRunnable.run:9647 android.view.Choreographer$CallbackRecord.run:1509 android.view.Choreographer$CallbackRecord.run:1517 
03-03 13:45:27.861 E/ndroid.systemui( 2662): MWDF parse error: Try again
03-03 13:45:27.862 E/emon.lvoverseas( 7933): No package ID 6b found for ID 0x6b0b0013.
03-03 13:45:27.865 I/FA      ( 7933): App measurement initialized, version: 155007
03-03 13:45:27.865 I/FA      ( 7933): To enable debug logging run: adb shell setprop log.tag.FA VERBOSE
03-03 13:45:27.866 I/FA      ( 7933): To enable faster debug mode event logging run:
03-03 13:45:27.866 I/FA      ( 7933):   adb shell setprop debug.firebase.analytics.app com.lemon.lvoverseas
03-03 13:45:27.870 D/VRI[MainActivity]( 7933): vri.Setup new sync id=0 syncSeqId=0
03-03 13:45:27.931 I/SmartPower.com.termux/10270(25910)( 1876): background->idle(3003ms) R(become background) adj=50.
03-03 13:45:27.935 D/MI-SF   ( 1358): setIdleFps choose FPS:48, mode:0
03-03 13:45:27.939 D/CompatibilityInfo( 1876): mCompatibilityFlags - 4
03-03 13:45:27.939 D/CompatibilityInfo( 1876): applicationDensity - 280
03-03 13:45:27.939 D/CompatibilityInfo( 1876): applicationScale - 1.0
03-03 13:45:27.944 D/BoundBrokerSvc(29197): onBind: Intent { act=com.google.android.gms.measurement.START pkg=com.google.android.gms }
03-03 13:45:27.944 D/BoundBrokerSvc(29197): Loading bound service for intent: Intent { act=com.google.android.gms.measurement.START pkg=com.google.android.gms }
03-03 13:45:27.959 W/FramePredict( 7933): "FramePredict won 't run in other process: com.lemon.lvoverseas"
03-03 13:45:27.969 D/emon.lvoverseas( 7933): MiuiProcessManagerServiceStub setSchedFifo
03-03 13:45:27.969 I/MiuiProcessManagerImpl( 7933): setSchedFifo pid:7933, mode:3
03-03 13:45:27.970 D/ProcessManager( 1876): beginSchedThreads is not Enabled
03-03 13:45:27.985 E/LB      ( 7933): fail to open file: No such file or directory
03-03 13:45:27.985 E/LB      ( 7933): fail to open node: No such file or directory
03-03 13:45:27.985 E/emon.lvoverseas( 7933): DF open fail: No such file or directory
03-03 13:45:27.985 I/emon.lvoverseas( 7933): Support mwdf product xun: 
03-03 13:45:27.985 E/emon.lvoverseas( 7933): MWDF parse error: No such file or directory
03-03 13:45:27.989 E/perf_hint( 7933): Session creation failed, mPreferredRateNanos: -1
03-03 13:45:27.992 W/Looper  ( 7933): PerfMonitor doFrame : time=487ms vsyncFrame=0 latency=1858ms procState=-1 historyMsgCount=15 (msgIndex=1 wall=905ms seq=3 late=7ms h=android.app.ActivityThread$H w=110) (msgIndex=3 wall=1489ms seq=5 late=908ms h=android.app.ActivityThread$H w=159)
03-03 13:45:27.996 W/SDM     ( 1241): HWDeviceDRM::GetSupportedBitClkRate: Requested rate not supported: 0
03-03 13:45:27.996 I/SDM     ( 1241): HWDeviceDRM::UpdateMixerAttributes: Mixer WxH 1200x1920-0 for Peripheral
03-03 13:45:27.996 I/SDM     ( 1241): HWCDisplay::SubmitDisplayConfig: Active configuration changed to: 1
03-03 13:45:27.997 I/SDM     ( 1241): HWDeviceDRM::SetDisplaySwitchMode: Mode 1 already set
03-03 13:45:27.999 I/OpenGLRenderer( 7933): Davey! duration=2339ms; Flags=1, FrameTimelineVsyncId=1300720080, IntendedVsync=1996358436159167, Vsync=1996360296090104, InputEventId=0, HandleInputStart=1996360308845888, AnimationStart=1996360308986929, PerformTraversalsStart=1996360315300888, DrawStart=1996360670310263, FrameDeadline=1996358452381390, FrameInterval=1996360296123336, FrameStartTime=11137311, SyncQueued=1996360749525523, SyncStart=1996360749995158, IssueDrawCommandsStart=1996360760083075, SwapBuffers=1996360772754533, FrameCompleted=1996360776492138, DequeueBufferDuration=22031, QueueBufferDuration=448907, GpuCompleted=1996360774925471, SwapBuffersCompleted=1996360776492138, DisplayPresentTime=7309468778417714277, CommandSubmissionCompleted=1996360772754533, 
03-03 13:45:28.023 D/VRI[MainActivity]( 7933): vri.reportDrawFinished syncSeqId=0 android.view.ViewRootImpl.lambda$createSyncIfNeeded$4$android-view-ViewRootImpl:3959 android.view.ViewRootImpl$$ExternalSyntheticLambda1.run:6 android.os.Handler.handleCallback:942 android.os.Handler.dispatchMessage:99 android.os.Looper.loopOnce:211 
03-03 13:45:28.024 D/WindowManager( 1876): wms.finishDrawingLocked: mDrawState=COMMIT_DRAW_PENDING Window{d677a73 u0 com.lemon.lvoverseas/com.vega.main.MainActivity} in Surface(name=com.lemon.lvoverseas/com.vega.main.MainActivity)/@0xba1a0c0
03-03 13:45:28.025 D/MiuiFreeFormGesturePointerEventListener( 1876): finishDrawingWindow: topFullScreenWindow= Window{d677a73 u0 com.lemon.lvoverseas/com.vega.main.MainActivity}
03-03 13:45:28.043 D/TaskSnapshot_Helper( 1876): shouldDelay()... Not launched by home, no delay needed.
03-03 13:45:28.053 I/WindowManager( 1876): wms.showSurfaceRobustly mWin:Window{d677a73 u0 com.lemon.lvoverseas/com.vega.main.MainActivity}
03-03 13:45:28.065 D/WindowManager( 1876): wms.Update InputWindowHandle: d677a73 com.lemon.lvoverseas/com.vega.main.MainActivity, frame=[0,0,0,0], touchableRegion=SkRegion((0,0,1200,1920)), scaleFactor=1.0, transform=null, windowToken=android.os.BinderProxy@acd86e2, isClone=false, visibal=true, focusable=true, changed=true
03-03 13:45:28.067 D/CoreBackPreview( 1876): Window{6289c4e u0 Splash Screen com.lemon.lvoverseas}: Setting back callback null
03-03 13:45:28.074 W/InputManager-JNI( 1876): Input channel object '6289c4e Splash Screen com.lemon.lvoverseas (client)' was disposed without first being removed with the input manager!
03-03 13:45:28.077 I/MI-SF   ( 1358): surfaceflinger setAffinity mode=1
03-03 13:45:28.078 I/MI-SF   ( 1358): surfaceflinger setreAffinity reTid=1565
03-03 13:45:28.079 I/ActivityTaskManager( 1876): Displayed com.lemon.lvoverseas/com.vega.main.MainActivity: +3s286ms
03-03 13:45:28.088 D/RefreshRateConfigs( 1358): TouchBoost - choose Fps: 60.00 Hz
03-03 13:45:28.090 D/WindowManager( 1876): wms.Update InputWindowHandle: d677a73 com.lemon.lvoverseas/com.vega.main.MainActivity, frame=[0,0,0,0], touchableRegion=SkRegion((0,0,1200,1920)), scaleFactor=1.0, transform=null, windowToken=android.os.BinderProxy@acd86e2, isClone=false, visibal=true, focusable=true, changed=true
03-03 13:45:28.109 E/MiuiActivityController( 1876): MiuiLog-ActivityObserver: There was something wrong : null
03-03 13:45:28.111 D/Aurogon ( 1876):  uid = 10270 switch to BG
03-03 13:45:28.113 I/MiuiNetworkPolicy( 1876): updateUidState uid = 10270, uidState = 4
03-03 13:45:28.117 D/MI-SF   ( 1358): [FpsStat] distroy...
03-03 13:45:28.192 D/nativeloader( 7933): Load /data/app/~~CJkITykEau_rUL-L4QvXuQ==/com.lemon.lvoverseas-WptBSQbqtlrKPUkf-iB9Kw==/lib/arm64/libimagepipeline.so using class loader ns clns-8 (caller=/data/app/~~CJkITykEau_rUL-L4QvXuQ==/com.lemon.lvoverseas-WptBSQbqtlrKPUkf-iB9Kw==/base.apk!classes9.dex): ok
03-03 13:45:28.257 D/MI-SF   ( 1358): [FpsStat] distroy...
03-03 13:45:28.271 I/MI-SF   ( 1358): surfaceflinger setAffinity mode=0
03-03 13:45:28.275 D/MiuiMultiWindowAdapter( 1876): MiuiMultiWindowAdapter::getFreeformIgnoreRequestOrientationList::LIST_ABOUT_IGNORE_REQUEST_ORIENTATION_IN_FREEFORM = [com.miui.player, com.sqw.setdl.mi, com.youku.phone, com.tencent.gamehelper.smoba, com.taobao.litetao, com.live.shuoqiudi, com.baidu.homework, cn.xiaochuankeji.zuiyouLite, com.facebook.orca, com.android.browser, com.alibaba.android.rimet, com.miui.gallery, com.android.settings, com.tencent.letsgo]
03-03 13:45:28.275 D/ActivityTaskManager( 1876):  setRequestedOrientationFreeForm: requestedOrientation= -1 task=Task{e89d6e4 #6550 type=standard A=10504:com.lemon.lvoverseas U=0 visible=true visibleRequested=true mode=fullscreen translucent=false sz=1} MiuiFreeformServicesUtils.getFreeformIgnoreRequestOrientationList()= [com.miui.player, com.sqw.setdl.mi, com.youku.phone, com.tencent.gamehelper.smoba, com.taobao.litetao, com.live.shuoqiudi, com.baidu.homework, cn.xiaochuankeji.zuiyouLite, com.facebook.orca, com.android.browser, com.alibaba.android.rimet, com.miui.gallery, com.android.settings, com.tencent.letsgo]packageName= com.lemon.lvoverseas
03-03 13:45:28.324 D/InputAnrOpt( 7933): HookOnce sendMessageProxy thiz addr:0xb400007d44829660
03-03 13:45:28.324 D/InputAnrOpt( 7933): sendMessageProxy thiz addrp:0xb400007d44829660
03-03 13:45:28.324 E/InputAnrOpt( 7933): fd is SOCK_SEQPACKET
03-03 13:45:28.324 D/InputAnrOpt( 7933): startopt step2: consumeProxy sucess, get fd:211, addr:0xb400007d44829680,                  inputChannel:0xb400007d44829660, fdOffset:4
03-03 13:45:28.325 E/InputAnrOpt( 7933): HookOnce findSocketFd fd:211 preFD:0
03-03 13:45:28.332 D/MiuiTcpSocketTracker( 1876): skip mismatch tcpInfo:TcpInfo{lost=0, retransmit=0, sent=17}
03-03 13:45:28.352 W/libc    ( 1876): Access denied finding property "persist.vendor.cnss_diag.enable"
03-03 13:45:28.349 W/WifiHandlerThre( 1876): type=1400 audit(0.0:3271856): avc: denied { read } for name="u:object_r:vendor_wlan_logs_prop:s0" dev="tmpfs" ino=488 scontext=u:r:system_server:s0 tcontext=u:object_r:vendor_wlan_logs_prop:s0 tclass=file permissive=0
03-03 13:45:28.386 D/CompatibilityChangeReporter( 7933): Compat change id reported: 171228096; UID 10504; state: ENABLED
03-03 13:45:28.437 D/DecorView[]( 7933): getWindowModeFromSystem  windowmode is 1
03-03 13:45:28.437 D/DecorView[]( 7933): updateDecorCaptionStatus windowMode is 1
03-03 13:45:28.510 D/CompatibilityChangeReporter( 7933): Compat change id reported: 186082280; UID 10504; state: ENABLED
03-03 13:45:28.851 W/WakePathChecker( 1876): MIUILOG-WAKEPATH: call was rejected by wakepath. userId= 0 caller= com.lemon.lvoverseas callee= com.facebook.katana classname=com.facebook.katana.provider.AttributionIdProvider action=null wakeType=4
03-03 13:45:28.851 E/ActivityThread( 7933): Failed to find provider info for com.facebook.katana.provider.AttributionIdProvider
03-03 13:45:28.852 W/WakePathChecker( 1876): MIUILOG-WAKEPATH: call was rejected by wakepath. userId= 0 caller= com.lemon.lvoverseas callee= com.facebook.katana classname=com.facebook.katana.provider.AttributionIdProvider action=null wakeType=4
03-03 13:45:28.853 E/ActivityThread( 7933): Failed to find provider info for com.facebook.katana.provider.AttributionIdProvider
03-03 13:45:28.863 I/emon.lvoverseas( 7933): Background young concurrent mark compact GC freed 9928KB AllocSpace bytes, 20(552KB) LOS objects, 32% free, 23MB/35MB, paused 3.335ms,3.193ms total 156.457ms
03-03 13:45:28.877 I/Finsky  (19729): [116218] com.lemon.lvoverseas: Account from first account - [mlOB4UI9Wfwd4cvcwaf3KrYH-gKVGVbqm9ynh469YY8]
03-03 13:45:28.879 I/Finsky  (19729): [116218] Billing preferred account via installer for com.lemon.lvoverseas: [mlOB4UI9Wfwd4cvcwaf3KrYH-gKVGVbqm9ynh469YY8]
03-03 13:45:28.889 I/Finsky  (19729): [116217] com.lemon.lvoverseas: Account from first account - [mlOB4UI9Wfwd4cvcwaf3KrYH-gKVGVbqm9ynh469YY8]
03-03 13:45:28.890 I/Finsky  (19729): [116217] Billing preferred account via installer for com.lemon.lvoverseas: [mlOB4UI9Wfwd4cvcwaf3KrYH-gKVGVbqm9ynh469YY8]
03-03 13:45:28.942 W/android.vending(19729): Missing inline cache for java.lang.Object qmt.e(qmg, byjr)
03-03 13:45:28.952 D/nativeloader( 7933): Load /data/app/~~CJkITykEau_rUL-L4QvXuQ==/com.lemon.lvoverseas-WptBSQbqtlrKPUkf-iB9Kw==/lib/arm64/libres_pool.so using class loader ns clns-8 (caller=/data/app/~~CJkITykEau_rUL-L4QvXuQ==/com.lemon.lvoverseas-WptBSQbqtlrKPUkf-iB9Kw==/base.apk!classes9.dex): ok
03-03 13:45:28.957 D/nativeloader( 7933): Load /data/app/~~CJkITykEau_rUL-L4QvXuQ==/com.lemon.lvoverseas-WptBSQbqtlrKPUkf-iB9Kw==/lib/arm64/libEncryptor.so using class loader ns clns-8 (caller=/data/app/~~CJkITykEau_rUL-L4QvXuQ==/com.lemon.lvoverseas-WptBSQbqtlrKPUkf-iB9Kw==/base.apk!classes9.dex): ok
03-03 13:45:29.033 I/Finsky  (19729): [116197] User is not an active Play Pass subscriber
03-03 13:45:29.054 I/FontLog (29994): (REDACTED) Received query %s, URI %s
03-03 13:45:29.054 I/FontLog (29994): (REDACTED) Query [%s] resolved to %s
03-03 13:45:29.055 I/FontLog (29994): (REDACTED) Fetch %s end status %s
03-03 13:45:29.066 I/FontLog (29994): (REDACTED) Pulling font file for id = %d, cache size = %d
03-03 13:45:29.072 I/FontLog (29994): (REDACTED) Pulling font file for id = %d, cache size = %d
03-03 13:45:29.096 D/nativeloader( 7933): Load /data/app/~~CJkITykEau_rUL-L4QvXuQ==/com.lemon.lvoverseas-WptBSQbqtlrKPUkf-iB9Kw==/lib/arm64/libjnidispatch.so using class loader ns clns-8 (caller=/data/app/~~CJkITykEau_rUL-L4QvXuQ==/com.lemon.lvoverseas-WptBSQbqtlrKPUkf-iB9Kw==/base.apk!classes9.dex): ok
03-03 13:45:29.116 W/emon.lvoverseas( 7933): Long monitor contention with owner DefaultDispatcher-worker-25 (13509) at java.lang.Object com.vega.effectplatform.resource.SynchronizedLazyImplEx.getValue()(:262179) waiters=0 in java.lang.Object com.vega.effectplatform.resource.SynchronizedLazyImplEx.getValue() for 148ms
03-03 13:45:29.175 I/KEVA.NATIVE( 7933): byte array do not exist
03-03 13:45:29.558 W/System.err( 7933): java.lang.NumberFormatException: For input string: ""
03-03 13:45:29.559 W/System.err( 7933): 	at java.lang.Integer.parseInt(Integer.java:791)
03-03 13:45:29.559 W/System.err( 7933): 	at java.lang.Integer.parseInt(Integer.java:897)
03-03 13:45:29.559 W/System.err( 7933): 	at com.vega.launcher.network.interceptors.CrackingInterceptor.intercept(Native Method)
03-03 13:45:29.559 W/System.err( 7933): 	at com.bytedance.retrofit2.intercept.RealInterceptorChain.proceed(Unknown Source:17236130)
03-03 13:45:29.559 W/System.err( 7933): 	at com.vega.launcher.network.interceptors.TimeOutSettingInterceptor.intercept(Unknown Source:17301918)
03-03 13:45:29.559 W/System.err( 7933): 	at com.bytedance.retrofit2.intercept.RealInterceptorChain.proceed(Unknown Source:17236130)
03-03 13:45:29.559 W/System.err( 7933): 	at com.vega.launcher.network.interceptors.LynxSignVerifyInterceptor.intercept(Unknown Source:17170502)
03-03 13:45:29.559 W/System.err( 7933): 	at com.bytedance.retrofit2.intercept.RealInterceptorChain.proceed(Unknown Source:17236130)
03-03 13:45:29.559 W/System.err( 7933): 	at com.vega.launcher.network.interceptors.SignVerifyInterceptor.intercept(Unknown Source:17104974)
03-03 13:45:29.559 W/System.err( 7933): 	at com.bytedance.retrofit2.intercept.RealInterceptorChain.proceed(Unknown Source:17236130)
03-03 13:45:29.559 W/System.err( 7933): 	at com.vega.launcher.network.interceptors.AssistInterceptor.intercept(Unknown Source:17236333)
03-03 13:45:29.559 W/System.err( 7933): 	at com.bytedance.retrofit2.intercept.RealInterceptorChain.proceed(Unknown Source:17236130)
03-03 13:45:29.559 W/System.err( 7933): 	at com.vega.effectplatform.artist.net.ArtistCollectInterceptor.intercept(Unknown Source:17105003)
03-03 13:45:29.559 W/System.err( 7933): 	at com.bytedance.retrofit2.intercept.RealInterceptorChain.proceed(Unknown Source:17236130)
03-03 13:45:29.559 W/System.err( 7933): 	at com.vega.launcher.network.interceptors.RetrofitHeaderInterceptor.intercept(Unknown Source:17367934)
03-03 13:45:29.559 W/System.err( 7933): 	at com.bytedance.retrofit2.intercept.RealInterceptorChain.proceed(Unknown Source:17236130)
03-03 13:45:29.559 W/System.err( 7933): 	at com.vega.libeffectapi.util.VimoNetHeaderInterceptor.intercept(Unknown Source:17170582)
03-03 13:45:29.559 W/System.err( 7933): 	at com.bytedance.retrofit2.intercept.RealInterceptorChain.proceed(Unknown Source:17236130)
03-03 13:45:29.559 W/System.err( 7933): 	at com.lm.components.network.extra.HttpHeaderInterceptor.intercept(Unknown Source:17302066)
03-03 13:45:29.559 W/System.err( 7933): 	at com.bytedance.retrofit2.intercept.RealInterceptorChain.proceed(Unknown Source:17236130)
03-03 13:45:29.559 W/System.err( 7933): 	at ms.bd.o.b3$a.intercept(Unknown Source:17170438)
03-03 13:45:29.559 W/System.err( 7933): 	at com.bytedance.retrofit2.intercept.RealInterceptorChain.proceed(Unknown Source:17236130)
03-03 13:45:29.559 W/System.err( 7933): 	at com.bytedance.frameworks.baselib.network.http.retrofit.BaseSsInterceptor.intercept(Unknown Source:16973846)
03-03 13:45:29.559 W/System.err( 7933): 	at com.bytedance.retrofit2.intercept.RealInterceptorChain.proceed(Unknown Source:17236130)
03-03 13:45:29.559 W/System.err( 7933): 	at com.bytedance.retrofit2.SsHttpCall.getResponseWithInterceptorChain(Unknown Source:327790)
03-03 13:45:29.559 W/System.err( 7933): 	at com.bytedance.retrofit2.SsHttpCall.execute(Unknown Source:327713)
03-03 13:45:29.560 W/System.err( 7933): 	at com.bytedance.retrofit2.ExecutorCallAdapterFactory$ExecutorCallbackCall.execute(Unknown Source:65538)
03-03 13:45:29.560 W/System.err( 7933): 	at com.lm.components.network.extra.AppLogNetworkClient.get(Unknown Source:50659379)
03-03 13:45:29.560 W/System.err( 7933): 	at com.bytedance.common.utility.NetworkClient.get(Unknown Source:16908297)
03-03 13:45:29.560 W/System.err( 7933): 	at com.bytedance.pipo.common.ability.settings.SettingTask.run(Unknown Source:458980)
03-03 13:45:29.560 W/System.err( 7933): 	at java.util.concurrent.ThreadPoolExecutor.runWorker(ThreadPoolExecutor.java:1154)
03-03 13:45:29.560 W/System.err( 7933): 	at java.util.concurrent.ThreadPoolExecutor$Worker.run(ThreadPoolExecutor.java:652)
03-03 13:45:29.560 W/System.err( 7933): 	at java.lang.Thread.run(Thread.java:1563)
03-03 13:45:29.560 W/System.err( 7933): 	at com.ss.android.ugc.bytex.pthread.base.convergence.hook.ThreadProxy$start$1.invoke(Unknown Source:23)
03-03 13:45:29.560 W/System.err( 7933): 	at com.ss.android.ugc.bytex.pthread.base.convergence.hook.ThreadProxy$start$1.invoke(Unknown Source:2)
03-03 13:45:29.560 W/System.err( 7933): 	at com.ss.android.ugc.bytex.pthread.base.convergence.helper.ThreadWorker.run(Unknown Source:98)
03-03 13:45:29.560 W/System.err( 7933): 	at java.util.concurrent.ThreadPoolExecutor.runWorker(ThreadPoolExecutor.java:1154)
03-03 13:45:29.560 W/System.err( 7933): 	at java.util.concurrent.ThreadPoolExecutor$Worker.run(ThreadPoolExecutor.java:652)
03-03 13:45:29.560 W/System.err( 7933): 	at java.lang.Thread.run(Thread.java:1563)
03-03 13:45:29.567 W/Looper  ( 7933): PerfMonitor longMsg : seq=2 plan=13:45:26.086 late=1ms wall=3479ms h=com.bytedance.bpea.transmit.delegate.BPEAHandler c=com.bytedance.bdturing.setting.SettingsManager$updateTask$1 procState=-1
03-03 13:45:29.725 W/emon.lvoverseas( 7933): Long monitor contention with owner TTNet-Fg-W (13546) at com.ttnet.org.chromium.net.AndroidCertVerifyResult com.ttnet.org.chromium.net.X509Util.verifyServerCertificates(byte[][], java.lang.String, java.lang.String)(:50790556) waiters=0 in void com.ttnet.org.chromium.net.X509Util.ensureInitialized() for 108ms
03-03 13:45:29.789 I/emon.lvoverseas( 7933): Background concurrent mark compact GC freed 10203KB AllocSpace bytes, 22(756KB) LOS objects, 44% free, 30MB/54MB, paused 5.419ms,3.402ms total 342.210ms
03-03 13:45:29.933 W/emon.lvoverseas( 7933): Long monitor contention with owner aInitSingle-116625 (13372) at com.bytedance.news.common.settings.api.SettingsData com.bytedance.news.common.settings.internal.LocalCache.e(java.lang.String)(:17104981) waiters=0 in com.bytedance.news.common.settings.api.SettingsData com.bytedance.news.common.settings.internal.LocalCache.d(java.lang.String) for 1.631s
03-03 13:45:29.948 W/BitmapFactory( 7933): bitmap marked for reuse (10512 bytes) can't fit new bitmap (21024 bytes)
03-03 13:45:29.953 W/BitmapFactory( 7933): bitmap marked for reuse (10368 bytes) can't fit new bitmap (20736 bytes)
03-03 13:45:29.962 W/BitmapFactory( 7933): bitmap marked for reuse (10368 bytes) can't fit new bitmap (20736 bytes)
03-03 13:45:29.971 W/BitmapFactory( 7933): bitmap marked for reuse (10368 bytes) can't fit new bitmap (20736 bytes)
03-03 13:45:29.975 W/BitmapFactory( 7933): bitmap marked for reuse (10368 bytes) can't fit new bitmap (20736 bytes)
03-03 13:45:29.991 W/BitmapFactory( 7933): bitmap marked for reuse (10368 bytes) can't fit new bitmap (20736 bytes)
03-03 13:45:29.992 W/System.err( 7933): java.lang.NumberFormatException: For input string: ""
03-03 13:45:29.992 W/System.err( 7933): 	at java.lang.Integer.parseInt(Integer.java:791)
03-03 13:45:29.992 W/System.err( 7933): 	at java.lang.Integer.parseInt(Integer.java:897)
03-03 13:45:29.992 W/System.err( 7933): 	at com.vega.launcher.network.interceptors.CrackingInterceptor.intercept(Native Method)
03-03 13:45:29.992 W/System.err( 7933): 	at com.bytedance.retrofit2.intercept.RealInterceptorChain.proceed(Unknown Source:17236130)
03-03 13:45:29.992 W/System.err( 7933): 	at com.vega.launcher.network.interceptors.TimeOutSettingInterceptor.intercept(Unknown Source:17301918)
03-03 13:45:29.992 W/System.err( 7933): 	at com.bytedance.retrofit2.intercept.RealInterceptorChain.proceed(Unknown Source:17236130)
03-03 13:45:29.992 W/System.err( 7933): 	at com.vega.launcher.network.interceptors.LynxSignVerifyInterceptor.intercept(Unknown Source:17170502)
03-03 13:45:29.992 W/System.err( 7933): 	at com.bytedance.retrofit2.intercept.RealInterceptorChain.proceed(Unknown Source:17236130)
03-03 13:45:29.992 W/System.err( 7933): 	at com.vega.launcher.network.interceptors.SignVerifyInterceptor.intercept(Unknown Source:17104974)
03-03 13:45:29.992 W/System.err( 7933): 	at com.bytedance.retrofit2.intercept.RealInterceptorChain.proceed(Unknown Source:17236130)
03-03 13:45:29.992 W/System.err( 7933): 	at com.vega.launcher.network.interceptors.AssistInterceptor.intercept(Unknown Source:17236333)
03-03 13:45:29.992 W/System.err( 7933): 	at com.bytedance.retrofit2.intercept.RealInterceptorChain.proceed(Unknown Source:17236130)
03-03 13:45:29.992 W/System.err( 7933): 	at com.vega.effectplatform.artist.net.ArtistCollectInterceptor.intercept(Unknown Source:17105003)
03-03 13:45:29.992 W/System.err( 7933): 	at com.bytedance.retrofit2.intercept.RealInterceptorChain.proceed(Unknown Source:17236130)
03-03 13:45:29.992 W/System.err( 7933): 	at com.vega.launcher.network.interceptors.RetrofitHeaderInterceptor.intercept(Unknown Source:17367934)
03-03 13:45:29.992 W/System.err( 7933): 	at com.bytedance.retrofit2.intercept.RealInterceptorChain.proceed(Unknown Source:17236130)
03-03 13:45:29.992 W/System.err( 7933): 	at com.vega.libeffectapi.util.VimoNetHeaderInterceptor.intercept(Unknown Source:17170582)
03-03 13:45:29.992 W/System.err( 7933): 	at com.bytedance.retrofit2.intercept.RealInterceptorChain.proceed(Unknown Source:17236130)
03-03 13:45:29.992 W/System.err( 7933): 	at com.lm.components.network.extra.HttpHeaderInterceptor.intercept(Unknown Source:17302066)
03-03 13:45:29.992 W/System.err( 7933): 	at com.bytedance.retrofit2.intercept.RealInterceptorChain.proceed(Unknown Source:17236130)
03-03 13:45:29.993 W/System.err( 7933): 	at ms.bd.o.b3$a.intercept(Unknown Source:17170438)
03-03 13:45:29.993 W/System.err( 7933): 	at com.bytedance.retrofit2.intercept.RealInterceptorChain.proceed(Unknown Source:17236130)
03-03 13:45:29.993 W/System.err( 7933): 	at com.bytedance.frameworks.baselib.network.http.retrofit.BaseSsInterceptor.intercept(Unknown Source:16973846)
03-03 13:45:29.993 W/System.err( 7933): 	at com.bytedance.retrofit2.intercept.RealInterceptorChain.proceed(Unknown Source:17236130)
03-03 13:45:29.993 W/System.err( 7933): 	at com.bytedance.retrofit2.SsHttpCall.getResponseWithInterceptorChain(Unknown Source:327790)
03-03 13:45:29.993 W/System.err( 7933): 	at com.bytedance.retrofit2.SsHttpCall.execute(Unknown Source:327713)
03-03 13:45:29.993 W/System.err( 7933): 	at com.bytedance.retrofit2.ExecutorCallAdapterFactory$ExecutorCallbackCall.execute(Unknown Source:65538)
03-03 13:45:29.993 W/System.err( 7933): 	at com.lm.components.network.extra.AppLogNetworkClient.get(Unknown Source:50659379)
03-03 13:45:29.993 W/System.err( 7933): 	at com.ss.android.common.active.ActiveUser.activeUser(Unknown Source:67567927)
03-03 13:45:29.993 W/System.err( 7933): 	at com.ss.android.common.active.ActiveUser$ActiveThread.bpea_origin_run(Unknown Source:262164)
03-03 13:45:29.993 W/System.err( 7933): 	at com.ss.android.common.active.ActiveUser$ActiveThread.run(Unknown Source:8)
03-03 13:45:30.074 W/BitmapFactory( 7933): bitmap marked for reuse (10368 bytes) can't fit new bitmap (20736 bytes)
03-03 13:45:30.086 W/BitmapFactory( 7933): bitmap marked for reuse (10368 bytes) can't fit new bitmap (20736 bytes)
03-03 13:45:30.090 W/BitmapFactory( 7933): bitmap marked for reuse (10368 bytes) can't fit new bitmap (20736 bytes)
03-03 13:45:30.093 W/BitmapFactory( 7933): bitmap marked for reuse (10368 bytes) can't fit new bitmap (20736 bytes)
03-03 13:45:30.096 W/BitmapFactory( 7933): bitmap marked for reuse (10368 bytes) can't fit new bitmap (20736 bytes)
03-03 13:45:30.105 W/BitmapFactory( 7933): bitmap marked for reuse (10368 bytes) can't fit new bitmap (20736 bytes)
03-03 13:45:30.160 W/BitmapFactory( 7933): bitmap marked for reuse (10368 bytes) can't fit new bitmap (20736 bytes)
03-03 13:45:30.169 W/BitmapFactory( 7933): bitmap marked for reuse (10368 bytes) can't fit new bitmap (20736 bytes)
03-03 13:45:30.170 W/BitmapFactory( 7933): bitmap marked for reuse (10368 bytes) can't fit new bitmap (20736 bytes)
03-03 13:45:30.176 W/BitmapFactory( 7933): bitmap marked for reuse (10368 bytes) can't fit new bitmap (20736 bytes)
03-03 13:45:30.316 I/OpenGLRenderer( 7933): Davey! duration=786ms; Flags=0, FrameTimelineVsyncId=1300722359, IntendedVsync=1996362314778175, Vsync=1996362415022581, InputEventId=0, HandleInputStart=1996362419863283, AnimationStart=1996362419877918, PerformTraversalsStart=1996362419890574, DrawStart=1996363042762241, FrameDeadline=1996362331444841, FrameInterval=1996362419590158, FrameStartTime=16707401, SyncQueued=1996363088290157, SyncStart=1996363088388282, IssueDrawCommandsStart=1996363088681407, SwapBuffers=1996363091126720, FrameCompleted=1996363101551251, DequeueBufferDuration=22448, QueueBufferDuration=293437, GpuCompleted=1996363101551251, SwapBuffersCompleted=1996363091974428, DisplayPresentTime=7575175955008856179, CommandSubmissionCompleted=1996363091126720, 
03-03 13:45:30.349 D/DecorView[]( 7933): onWindowFocusChanged hasWindowFocus true
03-03 13:45:30.373 W/System.err( 7933): java.lang.NumberFormatException: For input string: ""
03-03 13:45:30.374 W/System.err( 7933): 	at java.lang.Integer.parseInt(Integer.java:791)
03-03 13:45:30.374 W/System.err( 7933): 	at java.lang.Integer.parseInt(Integer.java:897)
03-03 13:45:30.374 W/System.err( 7933): 	at com.vega.launcher.network.interceptors.CrackingInterceptor.intercept(Native Method)
03-03 13:45:30.374 W/System.err( 7933): 	at com.bytedance.retrofit2.intercept.RealInterceptorChain.proceed(Unknown Source:17236130)
03-03 13:45:30.374 W/System.err( 7933): 	at com.vega.launcher.network.interceptors.TimeOutSettingInterceptor.intercept(Unknown Source:17301918)
03-03 13:45:30.374 W/System.err( 7933): 	at com.bytedance.retrofit2.intercept.RealInterceptorChain.proceed(Unknown Source:17236130)
03-03 13:45:30.374 W/System.err( 7933): 	at com.vega.launcher.network.interceptors.LynxSignVerifyInterceptor.intercept(Unknown Source:17170502)
03-03 13:45:30.374 W/System.err( 7933): 	at com.bytedance.retrofit2.intercept.RealInterceptorChain.proceed(Unknown Source:17236130)
03-03 13:45:30.375 W/System.err( 7933): 	at com.vega.launcher.network.interceptors.SignVerifyInterceptor.intercept(Unknown Source:17104974)
03-03 13:45:30.375 W/System.err( 7933): 	at com.bytedance.retrofit2.intercept.RealInterceptorChain.proceed(Unknown Source:17236130)
03-03 13:45:30.375 W/System.err( 7933): 	at com.vega.launcher.network.interceptors.AssistInterceptor.intercept(Unknown Source:17236333)
03-03 13:45:30.375 W/System.err( 7933): 	at com.bytedance.retrofit2.intercept.RealInterceptorChain.proceed(Unknown Source:17236130)
03-03 13:45:30.375 W/System.err( 7933): 	at com.vega.effectplatform.artist.net.ArtistCollectInterceptor.intercept(Unknown Source:17105003)
03-03 13:45:30.375 W/System.err( 7933): 	at com.bytedance.retrofit2.intercept.RealInterceptorChain.proceed(Unknown Source:17236130)
03-03 13:45:30.375 W/System.err( 7933): 	at com.vega.launcher.network.interceptors.RetrofitHeaderInterceptor.intercept(Unknown Source:17367934)
03-03 13:45:30.376 W/System.err( 7933): 	at com.bytedance.retrofit2.intercept.RealInterceptorChain.proceed(Unknown Source:17236130)
03-03 13:45:30.376 W/System.err( 7933): 	at com.vega.libeffectapi.util.VimoNetHeaderInterceptor.intercept(Unknown Source:17170582)
03-03 13:45:30.376 W/System.err( 7933): 	at com.bytedance.retrofit2.intercept.RealInterceptorChain.proceed(Unknown Source:17236130)
03-03 13:45:30.376 W/System.err( 7933): 	at com.lm.components.network.extra.HttpHeaderInterceptor.intercept(Unknown Source:17302066)
03-03 13:45:30.376 W/System.err( 7933): 	at com.bytedance.retrofit2.intercept.RealInterceptorChain.proceed(Unknown Source:17236130)
03-03 13:45:30.376 W/System.err( 7933): 	at ms.bd.o.b3$a.intercept(Unknown Source:17170438)
03-03 13:45:30.376 W/System.err( 7933): 	at com.bytedance.retrofit2.intercept.RealInterceptorChain.proceed(Unknown Source:17236130)
03-03 13:45:30.376 W/System.err( 7933): 	at com.bytedance.frameworks.baselib.network.http.retrofit.BaseSsInterceptor.intercept(Unknown Source:16973846)
03-03 13:45:30.376 W/System.err( 7933): 	at com.bytedance.retrofit2.intercept.RealInterceptorChain.proceed(Unknown Source:17236130)
03-03 13:45:30.376 W/System.err( 7933): 	at com.bytedance.retrofit2.SsHttpCall.getResponseWithInterceptorChain(Unknown Source:327790)
03-03 13:45:30.376 W/System.err( 7933): 	at com.bytedance.retrofit2.SsHttpCall.execute(Unknown Source:327713)
03-03 13:45:30.376 W/System.err( 7933): 	at com.bytedance.retrofit2.ExecutorCallAdapterFactory$ExecutorCallbackCall.execute(Unknown Source:65538)
03-03 13:45:30.376 W/System.err( 7933): 	at com.lm.components.network.network.NetWorker.executeGetSync(Unknown Source:117833853)
03-03 13:45:30.376 W/System.err( 7933): 	at com.lm.components.network.network.INetWorker$DefaultImpls.a(Unknown Source:100794376)
03-03 13:45:30.376 W/System.err( 7933): 	at com.lm.components.network.network.NetWorker.d(Unknown Source:67305485)
03-03 13:45:30.376 W/System.err( 7933): 	at com.lm.components.network.network.NetWorker.c(Unknown Source:33685511)
03-03 13:45:30.376 W/System.err( 7933): 	at com.lm.components.network.NetworkManager.c(Unknown Source:7)
03-03 13:45:30.376 W/System.err( 7933): 	at com.vega.launcher.init.core.SettingsNetwork.a(Unknown Source:17170458)
