03-03 13:45:32.825 I/TaskExecutor( 7933): [INFO][task_executor.h:TaskExecutor:11][LYRA] TaskExecutor::TaskExecutor
03-03 13:45:32.825 I/TaskExecutorImpl( 7933): [INFO][task_executor_impl.h:TaskExecutorImpl:37][LYRA] TaskExecutorImpl::TaskExecutorImpl
03-03 13:45:32.825 I/ClipflowTracing( 7933): [INFO][clip_flow_tracing.cpp:ClipflowTracing:22][LYRA] [ClipflowTracing]::ClipflowTracing
03-03 13:45:32.825 I/LbThreadPool( 7933): [INFO][lb_thread_pool.cpp:LbThreadPool:15][LYRA] ::LbThreadPool max_threads=8
03-03 13:45:32.825 E/startUp ( 7933): [INFO][clip_flow_default_impl.cpp:startUp:73][LYRA] [ClipFlow] ClipFlowImpl startUp
03-03 13:45:32.825 I/TaskTable( 7933): [INFO][task_table.cpp:TaskTable:19][LYRA] TaskTable::TaskTable = 0x7c77df7e38
03-03 13:45:32.825 I/NodeTable( 7933): [INFO][node_table.h:NodeTable:21][LYRA] NodeTable::NodeTable = 0x7c77df8098
03-03 13:45:32.825 I/TaskProperty( 7933): [INFO][task_property.cpp:TaskProperty:17][LYRA] TaskProperty::instance()->TaskProperty = 0x7c77df7e20
03-03 13:45:32.826 I/AsyncTaskListener( 7933): [INFO][AsyncTaskListener.cpp:AsyncTaskListener:13][LYRA] [AsyncTaskListener] ::AsyncTaskListener, 0xb400007cb92f8020
03-03 13:45:32.827 I/startUp ( 7933): [INFO][clip_flow_proxy_default_impl.cpp:startUp:50][LYRA] [ClipFlowProxyImpl] startUp enter
03-03 13:45:32.854 D/nativeloader( 7933): Load /data/app/~~CJkITykEau_rUL-L4QvXuQ==/com.lemon.lvoverseas-WptBSQbqtlrKPUkf-iB9Kw==/lib/arm64/libpumbaa-network.so using class loader ns clns-8 (caller=/data/app/~~CJkITykEau_rUL-L4QvXuQ==/com.lemon.lvoverseas-WptBSQbqtlrKPUkf-iB9Kw==/base.apk!classes9.dex): ok
03-03 13:45:32.879 I/emon.lvoverseas( 7933): Thread[132,tid=13539,Native,Thread*=0xb400007d15e27400,peer=0x2845330,"TTKNativeNetworkManager1"] recursive attempt to load library "/data/app/~~CJkITykEau_rUL-L4QvXuQ==/com.lemon.lvoverseas-WptBSQbqtlrKPUkf-iB9Kw==/lib/arm64/libpumbaa-network.so"
03-03 13:45:32.981 D/Helios:Network-TTNet( 7933): pop event true for 18beed68-af3a-47c6-ba33-45b92ca27c51
03-03 13:45:33.038 D/nativeloader( 7933): Load /data/app/~~CJkITykEau_rUL-L4QvXuQ==/com.lemon.lvoverseas-WptBSQbqtlrKPUkf-iB9Kw==/lib/arm64/libanimax.so using class loader ns clns-8 (caller=/data/app/~~CJkITykEau_rUL-L4QvXuQ==/com.lemon.lvoverseas-WptBSQbqtlrKPUkf-iB9Kw==/base.apk!classes9.dex): ok
03-03 13:45:33.067 D/nativeloader( 7933): Load /data/app/~~CJkITykEau_rUL-L4QvXuQ==/com.lemon.lvoverseas-WptBSQbqtlrKPUkf-iB9Kw==/lib/arm64/libclipflow.so using class loader ns clns-8 (caller=/data/app/~~CJkITykEau_rUL-L4QvXuQ==/com.lemon.lvoverseas-WptBSQbqtlrKPUkf-iB9Kw==/base.apk!classes9.dex): ok
03-03 13:45:33.070 I/Java_com_vega_clipflow_ClipflowServer_invokeSync( 7933): [INFO][clipflow_server_android.cpp:Java_com_vega_clipflow_ClipflowServer_invokeSync:102][LYRA] [LYRA] jni, invokeSync sid=-200, req=-0x4bffff82e98f1200
03-03 13:45:33.077 I/Java_com_vega_clipflow_ClipflowServer_invoke( 7933): [INFO][clipflow_server_android.cpp:Java_com_vega_clipflow_ClipflowServer_invoke:75][LYRA] [LYRA] jni, invoke sid=-200, req=-0x4bffff82e98f10c0
03-03 13:45:33.077 I/ClipflowMemoization( 7933): [INFO][clipflow_memoization.cpp:ClipflowMemoization:15][LYRA] [Clipflow], ClipflowMemoization::ClipflowMemoization
03-03 13:45:33.077 I/TaskExecutor( 7933): [INFO][task_executor.h:TaskExecutor:11][LYRA] TaskExecutor::TaskExecutor
03-03 13:45:33.077 I/TaskExecutorImpl( 7933): [INFO][task_executor_impl.h:TaskExecutorImpl:37][LYRA] TaskExecutorImpl::TaskExecutorImpl
03-03 13:45:33.077 I/GrapherWorkExecutor( 7933): [INFO][grapher_work_executor.h:GrapherWorkExecutor:18][LYRA] [ClipFlow], GrapherWorkExecutor = 0xb400007cb92e3b78
03-03 13:45:33.077 I/ClipflowCache( 7933): [INFO][clipflow_cache.cpp:ClipflowCache:28][LYRA] [Clipflow] cache , ClipflowCache::ClipflowCache
03-03 13:45:33.077 I/ClipflowAdditionalInfo( 7933): [INFO][clipflow_additional_info.cpp:ClipflowAdditionalInfo:18][LYRA] [ClipFlow], ClipflowAdditionalInfo::ClipflowAdditionalInfo = 0xb400007cb922c618
03-03 13:45:33.077 I/ClipflowGlobalCache( 7933): [INFO][clipflow_global_cache.cpp:ClipflowGlobalCache:57][LYRA] [Clipflow], ClipflowGlobalCache::ClipflowGlobalCache = 0xb400007cb8d49e38
03-03 13:45:33.163 E/enumerateFilesAtPath( 7933): [INFO][clipflow_global_cache.cpp:enumerateFilesAtPath:424][LYRA] [Clipflow] ClipflowGlobalCache enumerate files read path status error
03-03 13:45:33.163 E/enumerateFilesAtPath( 7933): [INFO][clipflow_global_cache.cpp:enumerateFilesAtPath:424][LYRA] [Clipflow] ClipflowGlobalCache enumerate files read path status error
03-03 13:45:33.206 I/emon.lvoverseas( 7933): Background concurrent mark compact GC freed 10MB AllocSpace bytes, 47(4212KB) LOS objects, 33% free, 47MB/71MB, paused 5.541ms,4.244ms total 555.967ms
03-03 13:45:33.207 I/emon.lvoverseas( 7933): WaitForGcToComplete blocked ClassLinker on Background for 545.760ms
03-03 13:45:33.222 D/nativeloader( 7933): Load /data/app/~~CJkITykEau_rUL-L4QvXuQ==/com.lemon.lvoverseas-WptBSQbqtlrKPUkf-iB9Kw==/lib/arm64/liblynxservice.so using class loader ns clns-8 (caller=/data/app/~~CJkITykEau_rUL-L4QvXuQ==/com.lemon.lvoverseas-WptBSQbqtlrKPUkf-iB9Kw==/base.apk!classes9.dex): ok
03-03 13:45:33.248 W/System  ( 7933): A resource failed to call close. 
03-03 13:45:33.249 W/System  ( 7933): A resource failed to call close. 
03-03 13:45:33.252 D/Volley  (19729): [116255] ahnc.a: HTTP response for request=<[ ] https://play-fe.googleapis.com/fdfe/getBillingConfig 0x4be64f9b NORMAL 46> [lifetime=3281], [size=67], [rc=200], [retryCount=0]
03-03 13:45:33.395 D/nativeloader( 7933): Load /data/app/~~CJkITykEau_rUL-L4QvXuQ==/com.lemon.lvoverseas-WptBSQbqtlrKPUkf-iB9Kw==/lib/arm64/libpns_ttmachine_adapter.so using class loader ns clns-8 (caller=/data/app/~~CJkITykEau_rUL-L4QvXuQ==/com.lemon.lvoverseas-WptBSQbqtlrKPUkf-iB9Kw==/base.apk!classes9.dex): ok
03-03 13:45:33.505 I/HomeViewDraftItemViewHolder( 7933): startLoadUrl: file:///data/user/0/com.lemon.lvoverseas/files/newdrafts/47WDEC7T-CZMG-7O5I-BASH-R7IGYUBYRM63/cover.png?t=1772516475493
03-03 13:45:33.509 I/ImageEditor( 7933): singleFunctionType: 0, subType: 
03-03 13:45:33.537 I/HomeViewDraftItemViewHolder( 7933): feedItem: 44 file:///data/user/0/com.lemon.lvoverseas/files/newdrafts/47WDEC7T-CZMG-7O5I-BASH-R7IGYUBYRM63/cover.png?t=1772516475493 origin: 3 success: true
03-03 13:45:33.692 D/MI-SF   ( 1358): setIdleFps choose FPS:48, mode:0
03-03 13:45:33.701 W/SDM     ( 1241): HWDeviceDRM::GetSupportedBitClkRate: Requested rate not supported: 0
03-03 13:45:33.702 I/SDM     ( 1241): HWDeviceDRM::UpdateMixerAttributes: Mixer WxH 1200x1920-0 for Peripheral
03-03 13:45:33.703 I/SDM     ( 1241): HWCDisplay::SubmitDisplayConfig: Active configuration changed to: 3
03-03 13:45:33.704 I/SDM     ( 1241): HWDeviceDRM::SetDisplaySwitchMode: Mode 3 already set
03-03 13:45:33.706 I/[AnimaX]AnimaX( 7933): Main thread marked.
03-03 13:45:33.720 W/SDM     ( 1241): HWDeviceDRM::GetSupportedBitClkRate: Requested rate not supported: 0
03-03 13:45:33.720 I/SDM     ( 1241): HWDeviceDRM::UpdateMixerAttributes: Mixer WxH 1200x1920-0 for Peripheral
03-03 13:45:33.720 I/SDM     ( 1241): HWCDisplay::SubmitDisplayConfig: Active configuration changed to: 1
03-03 13:45:33.722 I/SDM     ( 1241): HWDeviceDRM::SetDisplaySwitchMode: Mode 1 already set
03-03 13:45:33.722 E/PreloadTemplateItemManager( 7933): interceptPreload job already exists
03-03 13:45:33.722 I/PreloadTemplateItemManager( 7933): preloadInMainActivity interceptPreload 
03-03 13:45:33.723 I/OpenGLRenderer( 7933): Davey! duration=1218ms; Flags=0, FrameTimelineVsyncId=1300724024, IntendedVsync=1996365288525660, Vsync=1996365555830780, InputEventId=0, HandleInputStart=1996365557985938, AnimationStart=1996365557992344, PerformTraversalsStart=1996365558090417, DrawStart=1996366421121406, FrameDeadline=1996365321898896, FrameInterval=1996365557762188, FrameStartTime=16706570, SyncQueued=1996366491776510, SyncStart=1996366491925833, IssueDrawCommandsStart=1996366492343021, SwapBuffers=1996366496465365, FrameCompleted=1996366506897396, DequeueBufferDuration=24531, QueueBufferDuration=323438, GpuCompleted=1996366506897396, SwapBuffersCompleted=1996366497394896, DisplayPresentTime=7305794425340518755, CommandSubmissionCompleted=1996366496465365, 
03-03 13:45:33.729 I/TemplateSubscribePackageFunction( 7933): init
03-03 13:45:33.749 D/Helios:Network-White( 7933): Block request editor-api.capcutapi.com
03-03 13:45:33.762 D/Helios:Network-White( 7933): Block request editor-api.capcutapi.com
03-03 13:45:33.762 I/[koin]  ( 7933): viewModelClass viewModel initialize
03-03 13:45:33.770 I/[koin]  ( 7933): viewModelClass viewModel initialize
03-03 13:45:33.773 I/appendQuery( 7933): effectSdkVersion=20.9.0
03-03 13:45:33.779 I/[koin]  ( 7933): viewModelClass viewModel initialize
03-03 13:45:33.785 I/[koin]  ( 7933): viewModelClass viewModel initialize
03-03 13:45:33.792 I/[koin]  ( 7933): viewModelClass viewModel initialize
03-03 13:45:33.817 I/[koin]  ( 7933): viewModelClass viewModel initialize
03-03 13:45:33.833 D/Helios:Network-White( 7933): Block request editor-api.capcutapi.com
03-03 13:45:33.869 D/Helios:Network-White( 7933): Block request commerce-api.capcutapi.com
03-03 13:45:33.875 I/TabIconDynamic( 7933): loadCacheAndApplyIfActive 
03-03 13:45:33.875 I/TabIconDynamic( 7933): loadCacheAndApplyIfActive activities is empty
03-03 13:45:33.893 I/FeedContextProvider( 7933): start com.vega.nextfeed.context.TemplateFeedContext@9bdea16
03-03 13:45:33.893 I/TemplateFeedContext( 7933): start system com.vega.nextfeed.context.TemplateFeedContext@9bdea16 size=0
03-03 13:45:33.894 I/TemplateFeedContext( 7933): registerUseCase FeedReportUseCase com.vega.nextfeed.context.TemplateFeedContext@9bdea16 size = 1
03-03 13:45:33.894 I/TemplateFeedContext( 7933): registerUseCase FeedPreviewInteractiveUseCase com.vega.nextfeed.context.TemplateFeedContext@9bdea16 size = 2
03-03 13:45:33.895 I/TemplateFeedContext( 7933): registerUseCase FeedItemUseCase com.vega.nextfeed.context.TemplateFeedContext@9bdea16 size = 3
03-03 13:45:33.895 I/TemplateFeedContext( 7933): registerUseCase TemplateDeepLinkUseCase com.vega.nextfeed.context.TemplateFeedContext@9bdea16 size = 4
03-03 13:45:33.900 I/NativeFeedAdManager( 7933): try load ad when enter template page
03-03 13:45:33.902 I/NativeFeedAdManager( 7933): canShowNativeFeedAd:false, feed ad config not open
03-03 13:45:33.935 I/TemplateMainTabFragment( 7933): init Start
03-03 13:45:33.937 I/BaseNativeFeedComponent( 7933): init SearchFeedComponent hasUnit = false
03-03 13:45:33.938 I/BaseNativeFeedComponent( 7933): init FeedImmersiveEntrance hasUnit = false
03-03 13:45:33.943 I/TemplateMainTabFragment( 7933): init End new cost 7
03-03 13:45:34.041 D/Helios:Network-TTNet( 7933): pop event true for 1f35437d-ede0-4454-aeb5-beeffa43d28f
03-03 13:45:34.044 I/BaseNativeFeedComponent( 7933): init MainTemplateSecondCategory hasUnit = false
03-03 13:45:34.049 I/NFeedFilterListViewModel( 7933): com.vega.feedx.nativefeed.filter.NFeedFilterListViewModel@c0c332d initData CategoryScene(firstCategoryId=template, secondCategoryId=0)
03-03 13:45:34.049 I/FeedFilterUseCase( 7933): com.vega.feedx.nativefeed.filter.FeedFilterUseCase@a97b062 initData CategoryScene(firstCategoryId=template, secondCategoryId=0)
03-03 13:45:34.050 I/FeedFilterUseCase( 7933): selectedOptions change 0 CategoryScene(firstCategoryId=template, secondCategoryId=0)
03-03 13:45:34.052 I/FeedFilterUseCase( 7933): _curSelectedFilterTab change  CategoryScene(firstCategoryId=template, secondCategoryId=0)
03-03 13:45:34.054 I/FeedFilterUseCase( 7933): _tempSelectedFilterOptions change 0 CategoryScene(firstCategoryId=template, secondCategoryId=0)
03-03 13:45:34.054 I/TemplateFeedContext( 7933): registerUseCase FeedFilterUseCase:CategoryScene(firstCategoryId=template, secondCategoryId=0) com.vega.nextfeed.context.TemplateFeedContext@9bdea16 size = 5
03-03 13:45:34.055 I/BaseNativeFeedComponent( 7933): init MainTemplateFilter hasUnit = false
03-03 13:45:34.056 D/Helios:Network-TTNet( 7933): pop event true for 6cbdb20b-3b63-4f6d-abd6-887098f7bb83
03-03 13:45:34.068 I/BaseNativeFeedComponent( 7933): onCreate SearchFeedComponent
03-03 13:45:34.112 I/BaseNativeFeedComponent( 7933): onCreate FeedImmersiveEntrance
03-03 13:45:34.114 I/BaseNativeFeedComponent( 7933): onCreate MainTemplateSecondCategory
03-03 13:45:34.122 I/BaseCategoryRepository( 7933): init NFeedCategoryRepository com.vega.feedx.nativefeed.category.model.FeedAllCategoryRepository@8b1356a
03-03 13:45:34.123 I/TemplateFeedContext( 7933): registerUseCase FeedAllCategoryUseCase com.vega.nextfeed.context.TemplateFeedContext@9bdea16 size = 6
03-03 13:45:34.124 I/MainTemplateSecondCategory( 7933): doSubscribe com.vega.feedx.nativefeed.category.MainTemplateSecondCategory@fcde27b
03-03 13:45:34.141 W/emon.lvoverseas( 7933): Long monitor contention with owner LogReaper (13698) at long com.ss.android.common.applog.DBHelper.insertLog(java.lang.String, int)(:33882176) waiters=0 in long com.ss.android.common.applog.DBHelper.insertEvent(com.ss.android.common.applog.LogEvent) for 203ms
03-03 13:45:34.148 I/BaseNativeFeedComponent( 7933): onCreate MainTemplateFilter
03-03 13:45:34.170 I/ImmersiveFeedSwitch( 7933): feedPageStatus change:double
03-03 13:45:34.213 I/MainTemplateSecondCategory( 7933): loadCategoryLoading
03-03 13:45:34.214 I/MainTemplateSecondCategory( 7933): submitSketch com.vega.feedx.nativefeed.category.MainTemplateSecondCategory@fcde27b
03-03 13:45:34.218 D/Helios:Network-TTNet( 7933): pop event true for ef21ed9e-3d82-4c74-9ffa-164ab9df6235
03-03 13:45:34.232 D/Helios:Network-TTNet( 7933): pop event true for 331d7d34-c96d-424a-b9ce-fbda2cec8cb4
03-03 13:45:34.260 I/FeedFilterUseCase( 7933): CategoryScene(firstCategoryId=template, secondCategoryId=0), getFeedFilterFlowState 0, 
03-03 13:45:34.263 I/FeedFilterUseCase( 7933): CategoryScene(firstCategoryId=template, secondCategoryId=0), getFeedFilterFlowState 0, 
03-03 13:45:34.264 I/NFeedFilterListViewModel( 7933): getPanelFilterState changed 0
03-03 13:45:34.272 D/Helios:Network-TTNet( 7933): pop event true for 161c58ee-3fa9-4bcd-9821-0db93663fd56
03-03 13:45:34.273 I/ProfileHomeReformService( 7933): recover local template history! size: 0
03-03 13:45:34.292 I/StartOpt.MainActivity( 7933): request ad config in MainActivity
03-03 13:45:34.345 I/appendQuery( 7933): effectSdkVersion=20.9.0
03-03 13:45:34.351 I/appendQuery( 7933): effectSdkVersion=20.9.0
03-03 13:45:34.366 I/appendQuery( 7933): effectSdkVersion=20.9.0
03-03 13:45:34.377 D/MiuiTcpSocketTracker( 1876): skip mismatch tcpInfo:TcpInfo{lost=0, retransmit=0, sent=17}
03-03 13:45:34.385 W/WifiHandlerThre( 1876): type=1400 audit(0.0:3271862): avc: denied { read } for name="u:object_r:vendor_wlan_logs_prop:s0" dev="tmpfs" ino=488 scontext=u:r:system_server:s0 tcontext=u:object_r:vendor_wlan_logs_prop:s0 tclass=file permissive=0
03-03 13:45:34.386 W/libc    ( 1876): Access denied finding property "persist.vendor.cnss_diag.enable"
03-03 13:45:34.516 I/emon.lvoverseas( 7933): Background young concurrent mark compact GC freed 13MB AllocSpace bytes, 62(4016KB) LOS objects, 27% free, 52MB/71MB, paused 3.578ms,4.423ms total 262.421ms
03-03 13:45:34.535 D/Helios:Network-White( 7933): Block request feed-api.capcutapi.com
03-03 13:45:34.557 I/appendQuery( 7933): effectSdkVersion=20.9.0
03-03 13:45:34.568 I/DraftMonitorLancet( 7933): func_name: delete, /data/user/0/com.lemon.lvoverseas/files/apm6/flush/1772516732468_e9e8f73d-db15-49bc-b024-9ac710541a65.log, canDelete: true, trace: [com.vega.draft.monitor.DraftMonitorLancet.a(Unknown Source:33947665), com.bytedance.apm6.util.FileUtils.INVOKEVIRTUAL_com_bytedance_apm6_util_FileUtils_com_vega_draft_monitor_DraftMonitorLancet_delete(Unknown Source:17039382), com.bytedance.apm6.util.FileUtils.a(Unknown Source:16908297), com.bytedance.apm6.consumer.slardar.send.LogSender.c(Unknown Source:17039382), com.bytedance.apm6.consumer.slardar.send.LogSender.g(Unknown Source:34013685), com.bytedance.apm6.consumer.slardar.LogReporter.e(Unknown Source:459010), com.bytedance.apm6.consumer.slardar.LogReporter$2.run(Unknown Source:65538), com.bytedance.apm6.util.timetask.AsyncTaskManager$InnerRunnable.run(Unknown Source:262146), java.util.concurrent.Executors$RunnableAdapter.call(Executors.java:520), java.util.concurrent.FutureTask.runAndReset(FutureTask.java:358), java.util.concurrent.ScheduledThreadPoolExecutor$ScheduledFutureTask.run(ScheduledThreadPoolExecutor.java:349), java.util.concurrent.ThreadPoolExecutor.runWorker(ThreadPoolExecutor.java:1154), java.util.concurrent.ThreadPoolExecutor$Worker.run(ThreadPoolExecutor.java:652), com.bytedance.apm6.util.timetask.SingleThreadFactory$1.run(Unknown Source:262151), java.lang.Thread.run(Thread.java:1563), com.bytedance.bpea.transmit.delegate.BPEAThread.run(Unknown Source:196617), com.ss.android.ugc.bytex.pthread.base.convergence.hook.ThreadProxy$start$1.invoke(Unknown Source:23), com.ss.android.ugc.bytex.pthread.base.convergence.hook.ThreadProxy$start$1.invoke(Unknown Source:2), com.ss.android.ugc.bytex.pthread.base.convergence.helper.ThreadWorker.run(Unknown Source:98), java.util.concurrent.ThreadPoolExecutor.runWorker(ThreadPoolExecutor.java:1154), java.util.concurrent.ThreadPoolExecutor$Worker.run(ThreadPoolExecutor.java:652), java.lang.Thread.run(Thread.java:1563)]
03-03 13:45:34.595 D/Helios:Network-White( 7933): Block request feed-api.capcutapi.com
03-03 13:45:34.618 D/Helios:Network-TTNet( 7933): pop event true for 1095a7a4-88a5-4734-b35f-509a8a07c239
03-03 13:45:34.620 D/Helios:Network-White( 7933): Block request feed-api.capcutapi.com
03-03 13:45:34.690 I/Business.BenefitRequest( 7933): path=/commerce/v1/benefits/batch_get_style_conf, success=true, logId=202603031345310F2BEC4CF33B2D1D47DB, ret=0, msg=success
03-03 13:45:34.779 I/Ad_Service_config_ad( 7933): requestAdConfig , jsonParam={"private_ad_req":{"user_agree":true},"has_exported":false}
03-03 13:45:34.807 D/MI-SF   ( 1358): setIdleFps choose FPS:48, mode:0
03-03 13:45:34.808 D/Helios:Network-TTNet( 7933): pop event true for 2da3f80d-7b17-4837-af11-87567497ac53
03-03 13:45:34.816 D/Helios:Network-TTNet( 7933): pop event true for ca1ec2c5-41c0-4955-a67e-bbab03b04dd1
03-03 13:45:34.820 W/SDM     ( 1241): HWDeviceDRM::GetSupportedBitClkRate: Requested rate not supported: 0
03-03 13:45:34.820 I/SDM     ( 1241): HWDeviceDRM::UpdateMixerAttributes: Mixer WxH 1200x1920-0 for Peripheral
03-03 13:45:34.820 I/SDM     ( 1241): HWCDisplay::SubmitDisplayConfig: Active configuration changed to: 3
03-03 13:45:34.822 I/SDM     ( 1241): HWDeviceDRM::SetDisplaySwitchMode: Mode 3 already set
03-03 13:45:34.824 W/ActivityTaskManager( 1876): Launch timeout has expired, giving up wake lock!
03-03 13:45:34.838 D/Helios:Network-TTNet( 7933): pop event true for 01a8daf3-830c-4eca-ba4b-d9057a446b72
03-03 13:45:34.841 I/Ad_Service_config_ad( 7933): requestWebAdConfig start...
03-03 13:45:34.842 I/LocalQuestionnaireHelperV4( 7933): isNeedRequestUserRole: isRequestTimeAllow:false isOldVersionUpdateNeed2Request:false
03-03 13:45:34.848 W/Looper  ( 7933): PerfMonitor longMsg : seq=405 plan=13:45:32.553 late=1154ms wall=1137ms h=android.os.Handler c=kotlinx.coroutines.internal.DispatchedContinuation procState=-1
03-03 13:45:34.857 I/Session ( 7933): [INFO][session.cpp:Session:17][LYRA] [LYRA] Session::Session
03-03 13:45:34.857 I/AbtestAdapter( 7933): [INFO][abtest_adapter.h:AbtestAdapter:12][LYRA] AbtestAdapter::AbtestAdapter
03-03 13:45:34.857 I/openSession( 7933): [INFO][server.cpp:openSession:140][LYRA] [LYRA] Server::openSession, addr=1, name=
03-03 13:45:34.857 I/open    ( 7933): [INFO][session.cpp:open:40][LYRA] Session::open sid = 1
03-03 13:45:34.857 I/IdentifierMap( 7933): [INFO][identifier_map.h:IdentifierMap:266][LYRA] IdentifierMap::IdentifierMap
03-03 13:45:34.857 I/ObjectPool( 7933): [INFO][object_pool.h:ObjectPool:71][LYRA] ObjectPool::ObjectPool
03-03 13:45:34.857 I/CommonRouter( 7933): [INFO][common_router.cpp:CommonRouter:15][LYRA] CommonRouter::CommonRouter
03-03 13:45:34.857 I/AsyncTaskService( 7933): [INFO][async_task_service.cpp:AsyncTaskService:11][LYRA] AsyncTaskService::AsyncTaskService
03-03 13:45:34.857 I/newSerivce( 7933): [INFO][common_router.cpp:newSerivce:301][LYRA] CommonRouter::newSerivce: AsyncTaskService
03-03 13:45:34.857 I/AsyncTaskManager( 7933): [INFO][AsyncTaskManager.cpp:AsyncTaskManager:35][LYRA] [AsyncTaskManager] init
03-03 13:45:34.857 I/AsyncTaskListener( 7933): [INFO][AsyncTaskListener.cpp:AsyncTaskListener:13][LYRA] [AsyncTaskListener] ::AsyncTaskListener, 0xb400007e7c498220
03-03 13:45:34.857 I/append_task_listener( 7933): [INFO][AsyncTaskManager.cpp:append_task_listener:83][LYRA] [AsyncTaskManager] did add a listener.
03-03 13:45:34.857 I/TaskExecutor( 7933): [INFO][task_executor.h:TaskExecutor:11][LYRA] TaskExecutor::TaskExecutor
03-03 13:45:34.857 I/TaskExecutorImpl( 7933): [INFO][task_executor_impl.h:TaskExecutorImpl:33][LYRA] TaskExecutorImpl::TaskExecutorImpl
03-03 13:45:34.857 I/ResPoolRepository( 7933): material load removeAllResPoolCache[df=true]
03-03 13:45:34.857 I/respool.RES_POOL_SDK( 7933): UpperResultCallback::UpperResultCallback
03-03 13:45:34.857 I/respool.RES_POOL_SDK( 7933): RemoveResourceCache::RemoveResourceCache
03-03 13:45:34.858 I/respool.RES_POOL_SDK( 7933): RemoveResourceResult::RemoveResourceResult
03-03 13:45:34.858 I/respool.RES_POOL_SDK( 7933): Task::Task Task-(KD7EW1F-259D-G6OJ-5RFQ-IS1PTFEE6QCR
03-03 13:45:34.858 I/respool.RES_POOL_SDK( 7933): TaskContext::TaskContext
03-03 13:45:34.858 I/respool.RES_POOL_SDK( 7933): enable_each_schedule=1, enable_common_pool=0
03-03 13:45:34.858 I/HomeTopBarFragment( 7933): showDiamondStyleSubscribeButton, show: true enable:true}
03-03 13:45:34.858 I/HomeTopBarFragment( 7933): showSubscribeWithTextEntrance, config: HomeProEntranceConfig(iconUrl=https://p16-capcut-sg.ibyteimg.com/tos-alisg-i-9w50xwpexm/0605bc39aab643609a6cd6ea37c26364~tplv-9w50xwpexm-custom:0.webp, title=Keep Pro for just -, backgroundUrl=, rightIconUrl=, planId=4701, planName=【LTV需求推全】会员即期-推首优2折-Pro首页会员入口, activityId=, activityName=null, schemaUrl=capcut://main/lynx?channel=image_lynx_subscription&bundle=template.js&theme=light&hide_nav_bar=1&status_font_dark=1&immersive_mode=1&loading_bgcolor=ffffff&dynamic=3&locate_tab=vip&show_vip_before_page=1&page_from=personal_page_vip_icon&activity_id=LTV-based marketing subsidies, rspData={"plan_id":4701,"material":{"left_icon_url":"https:\/\/p16-capcut-sg.ibyteimg.com\/tos-alisg-i-9w50xwpexm\/0605bc39aab643609a6cd6ea37c26364~tplv-9w50xwpexm-custom:0.webp","schema_url":"capcut:\/\/main\/lynx?channel=image_lynx_subscription&bundle=template.js&theme=light&hide_nav_bar=1&status_font_dark=1&immersive_mode=1&loading_bgcolor=ffffff&dynamic=3&locate_tab=vip&show_vip_before_page=1&page_from=personal_page_vip_icon&activity_id=LTV-based marketing subsidies","title_text":"Keep Pro for just -"},"activity_id":"","name":"【LTV需求推全】会员即期-推首优2折-Pro首页会员入口"}), withTextLastVisible: true}
03-03 13:45:34.858 I/AsyncTaskMergeGroupManager( 7933): [INFO][async_task_merge_group_manager.cpp:AsyncTaskMergeGroupManager:11][LYRA] [AsyncTaskMergeGroupManager] constructor
03-03 13:45:34.858 I/AsyncTaskRequestGroupManager( 7933): [INFO][async_task_request_group_manager.cpp:AsyncTaskRequestGroupManager:9][LYRA] AsyncTaskRequestGroupManager::AsyncTaskRequestGroupManager
03-03 13:45:34.858 I/TaskExecutor( 7933): [INFO][task_executor.h:TaskExecutor:11][LYRA] TaskExecutor::TaskExecutor
03-03 13:45:34.858 I/TaskExecutorImpl( 7933): [INFO][task_executor_impl.h:TaskExecutorImpl:33][LYRA] TaskExecutorImpl::TaskExecutorImpl
03-03 13:45:34.862 I/ClipflowManager( 7933): [ClipflowManager] zygote afterAsyncTaskInit
03-03 13:45:34.866 I/append_task_listener( 7933): [INFO][AsyncTaskManager.cpp:append_task_listener:83][LYRA] [AsyncTaskManager] did add a listener.
03-03 13:45:34.866 I/listen_task_status_changed( 7933): [INFO][AsyncTaskListener.cpp:listen_task_status_changed:25][LYRA] [AsyncTaskListener] listen task status changed...
03-03 13:45:34.866 I/listen_tasks_progress( 7933): [INFO][AsyncTaskListener.cpp:listen_tasks_progress:129][LYRA] [AsyncTaskListener] listen task progress...
03-03 13:45:34.866 I/listen_task_payload_update( 7933): [INFO][AsyncTaskListener.cpp:listen_task_payload_update:51][LYRA] [AsyncTaskListener] listen task payload update...
03-03 13:45:34.868 I/ClipflowManager( 7933): [ClipflowManager] finishInitElement AFTER_ASYNC_TASK_INIT
03-03 13:45:34.875 I/ResourceManager( 7933): NetResponse body size=217
03-03 13:45:34.876 I/respool.RES_POOL_SDK( 7933): logid:20260303134533F53900C6312FB91D0D8B
03-03 13:45:34.876 E/respool.RES_POOL_SDK( 7933): ArtistPanelInfoNetwork, request, error_code=-5, error_message=shark block reinstall, request_param={"compress_data":false,"enter_from":"","get_all_resource":false,"pack_optional":{"fav_scene":null,"image_pack_param":null,"large_image_formats":[],"need_collection_id":false,"need_contract":false,"need_favorite_info":false,"need_operation_tag":false,"need_parent_tag":false,"need_tag":true,"need_thumb":false,"need_translate_custom_field":false,"tag_one_level":null},"panel":"split-screen","panel_source":"","strategy_extra":"{\"fonts_lan_params\":{\"my_fonts\":[],\"system_lan\":\"zh-Hans\",\"fonts_text\":\"我这里天快要黑了那里呢\"}}","version_type":1}, url=https://editor-api.capcutapi.com/artist/v1/panel/get_panel_info
03-03 13:45:34.877 I/respool.RES_POOL_SDK( 7933): set output to input: ArtistPanelInfoNetwork ---> ArtistPanelInfoCheckUpdate
03-03 13:45:34.877 I/respool.RES_POOL_SDK( 7933): set output to input: ArtistPanelInfoNetwork ---> ArtistPanelInfoSaveCache
03-03 13:45:34.877 I/respool.RES_POOL_SDK( 7933): set output to input: ArtistPanelInfoNetwork ---> ArtistPanelInfoResult
03-03 13:45:34.878 I/respool.RES_POOL_SDK( 7933): ArtistPanelInfoCheckUpdate::run
03-03 13:45:34.880 I/respool.RES_POOL_SDK( 7933): ArtistPanelInfoSaveCache::run
03-03 13:45:34.880 I/respool.RES_POOL_SDK( 7933): ArtistPanelInfoResult::run
03-03 13:45:34.880 I/appendQuery( 7933): effectSdkVersion=20.9.0
03-03 13:45:34.880 E/ResPoolRepository( 7933): material load: getArtistsPanelInfo failed[panel=split-screen][errorMsg=shark block reinstall][logID=20260303134533F53900C6312FB91D0D8B]
03-03 13:45:34.880 W/respool.RES_POOL_SDK( 7933): node output is nullptr, node_name=ArtistPanelInfoResult, node_id=Node-LTYCVVP-QJ46-T0DL-0QUK-Q3SEYVR6I07E
03-03 13:45:34.880 I/respool.RES_POOL_SDK( 7933): ArtistPanelInfoCheckUpdateEnd::run
03-03 13:45:34.880 W/SplitScreenLocalDataSource( 7933): save error, dataList empty
03-03 13:45:34.880 I/respool.RES_POOL_SDK( 7933): ArtistPanelInfoResult::~ArtistPanelInfoResult
03-03 13:45:34.881 I/respool.RES_POOL_SDK( 7933): UpperResultCallback::~UpperResultCallback
03-03 13:45:34.881 I/respool.RES_POOL_SDK( 7933): ArtistPanelInfoSaveCache::~ArtistPanelInfoSaveCache
03-03 13:45:34.881 I/respool.RES_POOL_SDK( 7933): ArtistPanelInfoCheckUpdate::~ArtistPanelInfoCheckUpdate
03-03 13:45:34.881 I/respool.RES_POOL_SDK( 7933): ArtistPanelInfoNetwork::~ArtistPanelInfoNetwork
03-03 13:45:34.881 I/respool.RES_POOL_SDK( 7933): ArtistNetworkNode::~ArtistNetworkNode
03-03 13:45:34.881 I/respool.RES_POOL_SDK( 7933): ArtistPanelInfoFetchCache::~ArtistPanelInfoFetchCache
03-03 13:45:34.881 I/respool.RES_POOL_SDK( 7933): ArtistPanelInfoCheckUpdateEnd::~ArtistPanelInfoCheckUpdateEnd
03-03 13:45:34.881 I/respool.RES_POOL_SDK( 7933): PriorityTaskExecutorImpl::thread_, quit_ Real !
03-03 13:45:34.888 I/respool.RES_POOL_SDK( 7933): start run task, name=update_master_db_info, id=Task-(FGJKBLJ-V4DD-KXN3-RWNI-XWDPC45IOYC4
03-03 13:45:34.900 I/LipSyncAsyncTaskHandler( 7933): getTaskProgressProportion [20, 40, 40]
03-03 13:45:34.900 I/respool.RES_POOL_SDK( 7933): TaskContext::~TaskContext
03-03 13:45:34.905 I/DataLoaderHelper( 7933): Lancet start
03-03 13:45:34.905 W/StartOpt.Status( 7933): recordLaunchFinish isLaunchFinished: true
03-03 13:45:34.906 I/PayReportUtils( 7933): getGPCountry: SG
03-03 13:45:34.910 D/nativeloader( 7933): Load /data/app/~~CJkITykEau_rUL-L4QvXuQ==/com.lemon.lvoverseas-WptBSQbqtlrKPUkf-iB9Kw==/lib/arm64/libvcbasekit.so using class loader ns clns-8 (caller=/data/app/~~CJkITykEau_rUL-L4QvXuQ==/com.lemon.lvoverseas-WptBSQbqtlrKPUkf-iB9Kw==/base.apk!classes9.dex): ok
03-03 13:45:34.910 I/vcbkit  ( 7933): [alog_wrapper.cpp,init_log_wrapper,39],log ok
03-03 13:45:34.912 D/nativeloader( 7933): Load /data/app/~~CJkITykEau_rUL-L4QvXuQ==/com.lemon.lvoverseas-WptBSQbqtlrKPUkf-iB9Kw==/lib/arm64/libttcrypto.so using class loader ns clns-8 (caller=/data/app/~~CJkITykEau_rUL-L4QvXuQ==/com.lemon.lvoverseas-WptBSQbqtlrKPUkf-iB9Kw==/base.apk!classes9.dex): ok
03-03 13:45:34.912 D/nativeloader( 7933): Load /data/app/~~CJkITykEau_rUL-L4QvXuQ==/com.lemon.lvoverseas-WptBSQbqtlrKPUkf-iB9Kw==/lib/arm64/libttboringssl.so using class loader ns clns-8 (caller=/data/app/~~CJkITykEau_rUL-L4QvXuQ==/com.lemon.lvoverseas-WptBSQbqtlrKPUkf-iB9Kw==/base.apk!classes9.dex): ok
03-03 13:45:34.914 D/nativeloader( 7933): Load /data/app/~~CJkITykEau_rUL-L4QvXuQ==/com.lemon.lvoverseas-WptBSQbqtlrKPUkf-iB9Kw==/lib/arm64/libvcn.so using class loader ns clns-8 (caller=/data/app/~~CJkITykEau_rUL-L4QvXuQ==/com.lemon.lvoverseas-WptBSQbqtlrKPUkf-iB9Kw==/base.apk!classes9.dex): ok
03-03 13:45:34.916 D/nativeloader( 7933): Load /data/app/~~CJkITykEau_rUL-L4QvXuQ==/com.lemon.lvoverseas-WptBSQbqtlrKPUkf-iB9Kw==/lib/arm64/libvcnverify.so using class loader ns clns-8 (caller=/data/app/~~CJkITykEau_rUL-L4QvXuQ==/com.lemon.lvoverseas-WptBSQbqtlrKPUkf-iB9Kw==/base.apk!classes9.dex): ok
03-03 13:45:34.916 D/vcnnetwork( 7933): <0x0,custom_verify.c,JNI_OnLoad,55>-----compiled native library  Dec 20 2024 04:51:21-----
03-03 13:45:34.916 D/vcnnetwork( 7933): <0x0,custom_verify.c,JNI_OnLoad,63>register verify call start
03-03 13:45:34.916 D/vcnnetwork( 7933): <0x0,custom_verify.c,JNI_OnLoad,67>register verify call end
03-03 13:45:34.916 D/vcnnetwork( 7933): <0x0,custom_verify.c,JNI_OnLoad,70><JNI_OnLoad,70> JNI_OnLoad (result=65540)
03-03 13:45:34.917 W/System.err( 7933): java.lang.NumberFormatException: Cannot parse null string
03-03 13:45:34.917 W/System.err( 7933): 	at java.lang.Long.parseLong(Long.java:703)
03-03 13:45:34.917 W/System.err( 7933): 	at java.lang.Long.parseLong(Long.java:863)
03-03 13:45:34.918 W/System.err( 7933): 	at com.optimize.statistics.FrescoTraceListener.onProducerFinishWithFailure(Unknown Source:67567797)
03-03 13:45:34.918 W/System.err( 7933): 	at com.facebook.imagepipeline.listener.ForwardingRequestListener.onProducerFinishWithFailure(Unknown Source:67371029)
03-03 13:45:34.919 W/System.err( 7933): 	at com.facebook.imagepipeline.producers.DecodeProducer$ProgressiveDecoder.doDecode(Unknown Source:34079413)
03-03 13:45:34.919 D/nativeloader( 7933): Load /data/app/~~CJkITykEau_rUL-L4QvXuQ==/com.lemon.lvoverseas-WptBSQbqtlrKPUkf-iB9Kw==/lib/arm64/libavmdlbase.so using class loader ns clns-8 (caller=/data/app/~~CJkITykEau_rUL-L4QvXuQ==/com.lemon.lvoverseas-WptBSQbqtlrKPUkf-iB9Kw==/base.apk!classes9.dex): ok
03-03 13:45:34.919 W/System.err( 7933): 	at com.facebook.imagepipeline.producers.DecodeProducer$ProgressiveDecoder$1.run(Unknown Source:33882178)
03-03 13:45:34.920 W/PowerFresco( 7933): [ProgressiveDecoder]: unknown image formatImageFormat:UNKNOWN:[3, 0, 8, 0, 64, 4, 0, 0, 1, 0, 28, 0, -108, 2, 0, 0, 12, 0, 0, 0, 0, 0, 0, 0, 0, 1, 0, 0, 76, 0, 0, 0, 0, 0, 0, 0, 0, 0, 0, 0, 9, 0, 0, 0, 17, 0, 0, 0, 33, 0, 0, 0, 50, 0, 0, 0, 62, 0, 0, 0, 73, 0, 0, 0], {uri: res:/2131239331, firstEncodedBytes: 03000800400400000100, length: 1088}
03-03 13:45:34.921 I/HandWritingStubImpl( 7933): refreshLastKeyboardType: 1
03-03 13:45:34.921 I/DraftDiskHelper( 7933): loadDraftByType: all
03-03 13:45:34.922 I/respool.RES_POOL_SDK( 7933): UpdateMasterDbInfo::run
03-03 13:45:34.922 I/HandWritingStubImpl( 7933): getCurrentKeyboardType: 1
03-03 13:45:34.922 W/respool.RES_POOL_SDK( 7933): node output is nullptr, node_name=UpdateMasterDbInfo, node_id=Node-0X2SN56S-FW5U-MD8H-N4E3-VCLEGR6JNGBD
03-03 13:45:34.922 I/respool.RES_POOL_SDK( 7933): end run task, name=update_master_db_info, id=Task-(FGJKBLJ-V4DD-KXN3-RWNI-XWDPC45IOYC4
03-03 13:45:34.922 I/respool.RES_POOL_SDK( 7933): Task::~Task update_master_db_info-Task-(FGJKBLJ-V4DD-KXN3-RWNI-XWDPC45IOYC4
03-03 13:45:34.922 I/respool.RES_POOL_SDK( 7933): UpdateMasterDbInfo::~UpdateMasterDbInfo
03-03 13:45:34.923 D/nativeloader( 7933): Load /data/app/~~CJkITykEau_rUL-L4QvXuQ==/com.lemon.lvoverseas-WptBSQbqtlrKPUkf-iB9Kw==/lib/arm64/libavmdlv2.so using class loader ns clns-8 (caller=/data/app/~~CJkITykEau_rUL-L4QvXuQ==/com.lemon.lvoverseas-WptBSQbqtlrKPUkf-iB9Kw==/base.apk!classes9.dex): ok
03-03 13:45:34.924 E/ttmio   ( 7933): <0x0,JNI_OnLoad,MDLJniBase.cpp:64>-----compiled native library  Apr 10 2025 05:13:11 (2.1.227.25)-----
03-03 13:45:34.924 E/ttmio   ( 7933): <0x0,JNI_OnLoad,MDLJniBase.cpp:74><JNI_OnLoad,74> JNI_OnLoad (result=65540)
03-03 13:45:34.925 I/respool.RES_POOL_SDK( 7933): PriorityTaskExecutorImpl::thread_, quit_ Real !
03-03 13:45:34.925 I/respool.RES_POOL_SDK( 7933): start run task, name=remove_resource_cache, id=Task-(KD7EW1F-259D-G6OJ-5RFQ-IS1PTFEE6QCR
03-03 13:45:34.925 I/GoogleInputMethodService(12383): GoogleInputMethodService.onFinishInput():2092 
03-03 13:45:34.927 I/Module  (12383): DeviceLockedStatusModuleProvider$Module.updateDeviceLockedStatus():103 repeatCheckTimes = 0, locked = false
03-03 13:45:34.928 I/GoogleInputMethodService(12383): GoogleInputMethodService.onStartInput():1349 onStartInput(EditorInfo{EditorInfo{packageName=com.lemon.lvoverseas, inputType=0, inputTypeString=NULL, enableLearning=false, autoCorrection=false, autoComplete=false, imeOptions=0, privateImeOptions=null, actionName=UNSPECIFIED, actionLabel=null, initialSelStart=-1, initialSelEnd=-1, initialCapsMode=0, label=null, fieldId=2131297614, fieldName=null, extras=Bundle[mParcelledData.dataSize=72], hintText=null, hintLocales=[]}}, false)
03-03 13:45:34.928 D/nativeloader( 7933): Load /data/app/~~CJkITykEau_rUL-L4QvXuQ==/com.lemon.lvoverseas-WptBSQbqtlrKPUkf-iB9Kw==/lib/arm64/libmdlttkmedianetloader.so using class loader ns clns-8 (caller=/data/app/~~CJkITykEau_rUL-L4QvXuQ==/com.lemon.lvoverseas-WptBSQbqtlrKPUkf-iB9Kw==/base.apk!classes9.dex): ok
03-03 13:45:34.929 E/ttmio   ( 7933): <0x0,JNI_OnLoad,MDLTTKMediaNetJniBase.cpp:55>-----compiled native library  Apr 10 2025 05:13:12 (2.1.227.25)-----
03-03 13:45:34.929 E/ttmio   ( 7933): <0x0,JNI_OnLoad,MDLTTKMediaNetJniBase.cpp:70><JNI_OnLoad,70> JNI_OnLoad (result=65540)
03-03 13:45:34.929 W/System.err( 7933): 	at com.facebook.imagepipeline.producers.JobScheduler.doJob(Unknown Source:262174)
03-03 13:45:34.930 I/Module  (12383): DeviceLockedStatusModuleProvider$Module.updateDeviceLockedStatus():103 repeatCheckTimes = 1, locked = false
03-03 13:45:34.931 W/System.err( 7933): 	at com.facebook.imagepipeline.producers.JobScheduler$1.run(Unknown Source:65538)
03-03 13:45:34.932 W/System.err( 7933): 	at java.util.concurrent.ThreadPoolExecutor.runWorker(ThreadPoolExecutor.java:1154)
03-03 13:45:34.932 W/System.err( 7933): 	at java.util.concurrent.ThreadPoolExecutor$Worker.run(ThreadPoolExecutor.java:652)
03-03 13:45:34.932 W/System.err( 7933): 	at com.facebook.imagepipeline.core.PriorityThreadFactory$1.run(Unknown Source:131080)
03-03 13:45:34.935 I/TemplateDraftLoad.TemplateDraftPreLoadUtils( 7933): preloadDraftJson refuse not first load or is empty
03-03 13:45:34.936 W/System.err( 7933): 	at java.lang.Thread.run(Thread.java:1563)
03-03 13:45:34.936 W/System.err( 7933): 	at com.bytedance.bpea.transmit.delegate.BPEAThread.run(Unknown Source:196617)
03-03 13:45:34.939 E/Fresco  ( 7933): time 1772516734916: onProducerFinishWithFailure: {requestId: 28, stage: DecodeProducer, elapsedTime: 7 ms, extraMap: {imageCount=-1, imageFormat=UNKNOWN, hasGoodQuality=true, isFinal=true, requestedImageSize=unknown, isCrop=0, encodedImageSize=-1x-1, sampleSize=1, imageQuality=not_static_image, queueTime=1}, throwable: com.facebook.imagepipeline.decoder.DecodeException: unknown image formatImageFormat:UNKNOWN:[3, 0, 8, 0, 64, 4, 0, 0, 1, 0, 28, 0, -108, 2, 0, 0, 12, 0, 0, 0, 0, 0, 0, 0, 0, 1, 0, 0, 76, 0, 0, 0, 0, 0, 0, 0, 0, 0, 0, 0, 9, 0, 0, 0, 17, 0, 0, 0, 33, 0, 0, 0, 50, 0, 0, 0, 62, 0, 0, 0, 73, 0, 0, 0]}
03-03 13:45:34.939 E/Fresco  ( 7933): com.facebook.imagepipeline.decoder.DecodeException: unknown image formatImageFormat:UNKNOWN:[3, 0, 8, 0, 64, 4, 0, 0, 1, 0, 28, 0, -108, 2, 0, 0, 12, 0, 0, 0, 0, 0, 0, 0, 0, 1, 0, 0, 76, 0, 0, 0, 0, 0, 0, 0, 0, 0, 0, 0, 9, 0, 0, 0, 17, 0, 0, 0, 33, 0, 0, 0, 50, 0, 0, 0, 62, 0, 0, 0, 73, 0, 0, 0]
03-03 13:45:34.939 E/Fresco  ( 7933): 	at com.facebook.imagepipeline.decoder.DefaultImageDecoder$1.decode(Unknown Source:67436629)
03-03 13:45:34.939 E/Fresco  ( 7933): 	at com.facebook.imagepipeline.decoder.DefaultImageDecoder.decode(Unknown Source:67371064)
03-03 13:45:34.939 E/Fresco  ( 7933): 	at com.facebook.imagepipeline.producers.DecodeProducer$ProgressiveDecoder.doDecode(Unknown Source:34079197)
03-03 13:45:34.939 E/Fresco  ( 7933): 	at com.facebook.imagepipeline.producers.DecodeProducer$ProgressiveDecoder$1.run(Unknown Source:33882178)
03-03 13:45:34.939 E/Fresco  ( 7933): 	at com.facebook.imagepipeline.producers.JobScheduler.doJob(Unknown Source:262174)
03-03 13:45:34.939 E/Fresco  ( 7933): 	at com.facebook.imagepipeline.producers.JobScheduler$1.run(Unknown Source:65538)
03-03 13:45:34.939 E/Fresco  ( 7933): 	at java.util.concurrent.ThreadPoolExecutor.runWorker(ThreadPoolExecutor.java:1154)
03-03 13:45:34.939 E/Fresco  ( 7933): 	at java.util.concurrent.ThreadPoolExecutor$Worker.run(ThreadPoolExecutor.java:652)
03-03 13:45:34.939 E/Fresco  ( 7933): 	at com.facebook.imagepipeline.core.PriorityThreadFactory$1.run(Unknown Source:131080)
03-03 13:45:34.939 E/Fresco  ( 7933): 	at java.lang.Thread.run(Thread.java:1563)
03-03 13:45:34.939 E/Fresco  ( 7933): 	at com.bytedance.bpea.transmit.delegate.BPEAThread.run(Unknown Source:196617)
03-03 13:45:34.945 I/AsyncTaskManagerService( 7933): updateTaskProgressProportionManuallyReqStructHolder for not optimize: com.vega.middlebridge.swig.UpdateTaskProgressProportionManuallyReqStruct@4206666
03-03 13:45:34.945 I/AsyncTaskManagerService( 7933): InitAsyncTaskManagerReqStructHolder for not optimize: com.vega.middlebridge.swig.InitAsyncTaskManagerReqStruct@9e2dda7
03-03 13:45:34.949 I/PerformanceProvider( 7933): removeALOG score 7.6183 enableRemoveAlog true enableRemoveAlog 6.0
03-03 13:45:34.953 I/respool.RES_POOL_SDK( 7933): TaskContext::~TaskContext
03-03 13:45:34.954 D/nativeloader( 7933): Load /data/app/~~CJkITykEau_rUL-L4QvXuQ==/com.lemon.lvoverseas-WptBSQbqtlrKPUkf-iB9Kw==/lib/arm64/libc++_shared.so using class loader ns clns-8 (caller=/data/app/~~CJkITykEau_rUL-L4QvXuQ==/com.lemon.lvoverseas-WptBSQbqtlrKPUkf-iB9Kw==/base.apk!classes9.dex): ok
03-03 13:45:34.958 I/[lyra]  ( 7933): [INFO][session.cpp:Session:17][LYRA] [LYRA] Session::Session
03-03 13:45:34.958 I/[lyra]  ( 7933): [INFO][abtest_adapter.h:AbtestAdapter:12][LYRA] AbtestAdapter::AbtestAdapter
03-03 13:45:34.958 I/[lyra]  ( 7933): [INFO][server.cpp:openSession:140][LYRA] [LYRA] Server::openSession, addr=2, name=
03-03 13:45:34.958 I/[lyra]  ( 7933): [INFO][session.cpp:open:40][LYRA] Session::open sid = 2
03-03 13:45:34.958 I/[lyra]  ( 7933): [INFO][identifier_map.h:IdentifierMap:266][LYRA] IdentifierMap::IdentifierMap
03-03 13:45:34.958 I/[lyra]  ( 7933): [INFO][object_pool.h:ObjectPool:71][LYRA] ObjectPool::ObjectPool
03-03 13:45:34.958 I/[lyra]  ( 7933): [INFO][common_router.cpp:CommonRouter:15][LYRA] CommonRouter::CommonRouter
03-03 13:45:34.958 D/nativeloader( 7933): Load /data/app/~~CJkITykEau_rUL-L4QvXuQ==/com.lemon.lvoverseas-WptBSQbqtlrKPUkf-iB9Kw==/lib/arm64/libnpth_dl.so using class loader ns clns-8 (caller=/data/app/~~CJkITykEau_rUL-L4QvXuQ==/com.lemon.lvoverseas-WptBSQbqtlrKPUkf-iB9Kw==/base.apk!classes9.dex): ok
03-03 13:45:34.962 I/HomeToolListAdapterV5( 7933): updateData: 16
03-03 13:45:34.963 I/DraftMonitorLancet( 7933): func_name: delete, /data/user/0/com.lemon.lvoverseas/files/profileInstalled, canDelete: true, trace: [com.vega.draft.monitor.DraftMonitorLancet.a(Unknown Source:33947665), androidx.profileinstaller.ProfileVerifier$Cache.INVOKEVIRTUAL_androidx_profileinstaller_ProfileVerifier$Cache_com_vega_draft_monitor_DraftMonitorLancet_delete(Unknown Source:17039382), androidx.profileinstaller.ProfileVerifier$Cache.b(Unknown Source:17039360), androidx.profileinstaller.ProfileVerifier.c(Unknown Source:33947844), androidx.profileinstaller.ProfileInstaller.b(Unknown Source:67633693), X.01C.run(Unknown Source:131082), java.util.concurrent.ThreadPoolExecutor.runWorker(ThreadPoolExecutor.java:1154), java.util.concurrent.ThreadPoolExecutor$Worker.run(ThreadPoolExecutor.java:652), java.lang.Thread.run(Thread.java:1563), com.ss.android.ugc.bytex.pthread.base.convergence.hook.ThreadProxy$start$1.invoke(Unknown Source:23), com.ss.android.ugc.bytex.pthread.base.convergence.hook.ThreadProxy$start$1.invoke(Unknown Source:2), com.ss.android.ugc.bytex.pthread.base.convergence.helper.ThreadWorker.run(Unknown Source:98), java.util.concurrent.ThreadPoolExecutor.runWorker(ThreadPoolExecutor.java:1154), java.util.concurrent.ThreadPoolExecutor$Worker.run(ThreadPoolExecutor.java:652), java.lang.Thread.run(Thread.java:1563)]
03-03 13:45:34.963 I/[lyra]  ( 7933): [INFO][attachment_service.cpp:AttachmentService:31][LYRA] AttachmentService::AttachmentService sid = 0
03-03 13:45:34.963 I/[lyra]  ( 7933): [INFO][common_router.cpp:newSerivce:301][LYRA] CommonRouter::newSerivce: AttachmentService
03-03 13:45:34.963 I/[lyra]  ( 7933): [INFO][attachment_default_impl.cpp:AttachmentImpl:15][LYRA] AttachmentImpl::AttachmentImpl , sid = 2, tid = 0
03-03 13:45:34.963 I/[lyra]  ( 7933): [INFO][attachment_manager.h:AttachmentManager:36][LYRA] AttachmentManager::AttachmentManager 0xb400007cb92bf780
03-03 13:45:34.963 I/[lyra]  ( 7933): [INFO][attachment_service.cpp:onInit:40][LYRA] AttachmentService::onInit
03-03 13:45:34.967 I/[lyra]  ( 7933): [INFO][server.cpp:closeSession:233][LYRA] [LYRA] closeSession, addr=2
03-03 13:45:34.967 I/[lyra]  ( 7933): [INFO][server.cpp:closeSession:240][LYRA] [LYRA] closeSession, addr=2, really
03-03 13:45:34.967 I/[lyra]  ( 7933): [INFO][server.cpp:toGarbageCan:478][LYRA] Server::toGarbageCan, sid=2
03-03 13:45:34.967 I/[lyra]  ( 7933): [INFO][server.cpp:closeSession:247][LYRA] [LYRA] closeSession, session_maps_ exists=false
03-03 13:45:34.967 I/[lyra]  ( 7933): [INFO][server.cpp:closeSession:259][LYRA] [LYRA] closeSession, next_sid_=1
03-03 13:45:34.967 I/[lyra]  ( 7933): [INFO][session.cpp:~Session:24][LYRA] [LYRA] Session::~Session，sid = 2
03-03 13:45:34.967 I/[lyra]  ( 7933): [INFO][common_router.cpp:~CommonRouter:19][LYRA] CommonRouter::~CommonRouter, 0xb400007d15cd6298
03-03 13:45:34.967 I/[lyra]  ( 7933): [INFO][common_router.cpp:release:42][LYRA] CommonRouter::release, 0xb400007d15cd6298
03-03 13:45:34.967 I/[lyra]  ( 7933): [INFO][attachment_service.cpp:~AttachmentService:35][LYRA] AttachmentService::~AttachmentService sid = 2
03-03 13:45:34.967 I/[lyra]  ( 7933): [INFO][attachment_default_impl.cpp:~AttachmentImpl:20][LYRA] AttachmentImpl::~AttachmentImpl
03-03 13:45:34.967 E/[lyra]  ( 7933): [INFO][attachment_utils.cpp:ReadFromJsonFile:89][LYRA] AttachmentUtils::ReadFromJsonFile File Not Exist: 
03-03 13:45:34.967 I/[lyra]  ( 7933): [INFO][attachment_manager.h:~AttachmentManager:40][LYRA] AttachmentManager::~AttachmentManager 0xb400007cb92bf780 
03-03 13:45:34.968 E/[lyra]  ( 7933): [INFO][attachment_utils.cpp:ReadFromJsonFile:89][LYRA] AttachmentUtils::ReadFromJsonFile File Not Exist: 
03-03 13:45:34.968 E/[lyra]  ( 7933): [INFO][attachment_utils.cpp:BeginWriteTransaction:198][LYRA] AttachmentUtils::BeginWriteTransaction can't create directory: 
03-03 13:45:34.972 D/nativeloader( 7933): Load /data/app/~~CJkITykEau_rUL-L4QvXuQ==/com.lemon.lvoverseas-WptBSQbqtlrKPUkf-iB9Kw==/lib/arm64/libcybertron_base.so using class loader ns clns-8 (caller=/data/app/~~CJkITykEau_rUL-L4QvXuQ==/com.lemon.lvoverseas-WptBSQbqtlrKPUkf-iB9Kw==/base.apk!classes9.dex): ok
03-03 13:45:34.974 I/[lyra]  ( 7933): [INFO][service_crtp.h:~ServiceCrtp:60][LYRA] ServiceCrtp::~ServiceCrtp
03-03 13:45:34.978 I/[lyra]  ( 7933): [INFO][iservice.h:~IService:22][LYRA] IService::~IService
03-03 13:45:34.978 I/[lyra]  ( 7933): [INFO][object_pool.h:~ObjectPool:75][LYRA] ObjectPool::~ObjectPool
03-03 13:45:34.978 I/[lyra]  ( 7933): [INFO][identifier_map.h:~IdentifierMap:270][LYRA] IdentifierMap::~IdentifierMap
03-03 13:45:34.979 I/respool.RES_POOL_SDK( 7933): RemoveResourceCache::run
03-03 13:45:34.979 I/respool.RES_POOL_SDK( 7933): set output to input: RemoveResourceCache ---> RemoveResourceResult
03-03 13:45:34.979 I/ResPoolRepository( 7933): material load removeAllResPoolCache[df=true]
03-03 13:45:34.979 I/respool.RES_POOL_SDK( 7933): UpperResultCallback::UpperResultCallback
03-03 13:45:34.979 I/respool.RES_POOL_SDK( 7933): RemoveResourceCache::RemoveResourceCache
03-03 13:45:34.979 I/respool.RES_POOL_SDK( 7933): RemoveResourceResult::RemoveResourceResult
03-03 13:45:34.980 I/respool.RES_POOL_SDK( 7933): Task::Task Task-(NQCQMLD-GB0R-WQ84-N4TQ-Q7JD2MVNXYW2
03-03 13:45:34.980 I/respool.RES_POOL_SDK( 7933): TaskContext::TaskContext
03-03 13:45:34.980 I/respool.RES_POOL_SDK( 7933): enable_each_schedule=1, enable_common_pool=0
03-03 13:45:34.980 E/PowerFresco( 7933): [Fresco]: time 1772516734916: onProducerFinishWithFailure: {requestId: 28, stage: DecodeProducer, elapsedTime: 7 ms, extraMap: {imageCount=-1, imageFormat=UNKNOWN, hasGoodQuality=true, isFinal=true, requestedImageSize=unknown, isCrop=0, encodedImageSize=-1x-1, sampleSize=1, imageQuality=not_static_image, queueTime=1}, throwable: com.facebook.imagepipeline.decoder.DecodeException: unknown image formatImageFormat:UNKNOWN:[3, 0, 8, 0, 64, 4, 0, 0, 1, 0, 28, 0, -108, 2, 0, 0, 12, 0, 0, 0, 0, 0, 0, 0, 0, 1, 0, 0, 76, 0, 0, 0, 0, 0, 0, 0, 0, 0, 0, 0, 9, 0, 0, 0, 17, 0, 0, 0, 33, 0, 0, 0, 50, 0, 0, 0, 62, 0, 0, 0, 73, 0, 0, 0]}error: com.facebook.imagepipeline.decoder.DecodeException: unknown image formatImageFormat:UNKNOWN:[3, 0, 8, 0, 64, 4, 0, 0, 1, 0, 28, 0, -108, 2, 0, 0, 12, 0, 0, 0, 0, 0, 0, 0, 0, 1, 0, 0, 76, 0, 0, 0, 0, 0, 0, 0, 0, 0, 0, 0, 9, 0, 0, 0, 17, 0, 0, 0, 33, 0, 0, 0, 50, 0, 0, 0, 62, 0, 0, 0, 73, 0, 0, 0]
03-03 13:45:34.980 E/PowerFresco( 7933): 	at com.facebook.imagepipeline.decoder.DefaultImageDecoder$1.decode(Unknown Source:67436629)
03-03 13:45:34.980 E/PowerFresco( 7933): 	at com.facebook.imagepipeline.decoder.DefaultImageDecoder.decode(Unknown Source:67371064)
03-03 13:45:34.980 E/PowerFresco( 7933): 	at com.facebook.imagepipeline.producers.DecodeProducer$ProgressiveDecoder.doDecode(Unknown Source:34079197)
03-03 13:45:34.980 E/PowerFresco( 7933): 	at com.facebook.imagepipeline.producers.DecodeProducer$ProgressiveDecoder$1.run(Unknown Source:33882178)
03-03 13:45:34.980 E/PowerFresco( 7933): 	at com.facebook.imagepipeline.producers.JobScheduler.doJob(Unknown Source:262174)
03-03 13:45:34.980 E/PowerFresco( 7933): 	at com.facebook.imagepipeline.producers.JobScheduler$1.run(Unknown Source:65538)
03-03 13:45:34.980 E/PowerFresco( 7933): 	at java.util.concurrent.ThreadPoolExecutor.runWorker(ThreadPoolExecutor.java:1154)
03-03 13:45:34.980 E/PowerFresco( 7933): 	at java.util.concurrent.ThreadPoolExecutor$Worker.run(ThreadPoolExecutor.java:652)
03-03 13:45:34.980 E/PowerFresco( 7933): 	at com.facebook.imagepipeline.core.PriorityThreadFactory$1.run(Unknown Source:131080)
03-03 13:45:34.980 E/PowerFresco( 7933): 	at java.lang.Thread.run(Thread.java:1563)
03-03 13:45:34.980 E/PowerFresco( 7933): 	at com.bytedance.bpea.transmit.delegate.BPEAThread.run(Unknown Source:196617)
03-03 13:45:34.980 I/[lyra]  ( 7933): [INFO][AsyncTaskManagerProxy.cpp:set_net_request_proxy:21][LYRA] [AsyncTaskManagerProxy] set net request proxy finish
03-03 13:45:34.981 E/Fresco  ( 7933): time 1772516734977: onRequestFailure: {url: res:/2131239331, requestId: 28, elapsedTime: 84 ms, throwable: com.facebook.imagepipeline.decoder.DecodeException: unknown image formatImageFormat:UNKNOWN:[3, 0, 8, 0, 64, 4, 0, 0, 1, 0, 28, 0, -108, 2, 0, 0, 12, 0, 0, 0, 0, 0, 0, 0, 0, 1, 0, 0, 76, 0, 0, 0, 0, 0, 0, 0, 0, 0, 0, 0, 9, 0, 0, 0, 17, 0, 0, 0, 33, 0, 0, 0, 50, 0, 0, 0, 62, 0, 0, 0, 73, 0, 0, 0]}
03-03 13:45:34.981 E/Fresco  ( 7933): com.facebook.imagepipeline.decoder.DecodeException: unknown image formatImageFormat:UNKNOWN:[3, 0, 8, 0, 64, 4, 0, 0, 1, 0, 28, 0, -108, 2, 0, 0, 12, 0, 0, 0, 0, 0, 0, 0, 0, 1, 0, 0, 76, 0, 0, 0, 0, 0, 0, 0, 0, 0, 0, 0, 9, 0, 0, 0, 17, 0, 0, 0, 33, 0, 0, 0, 50, 0, 0, 0, 62, 0, 0, 0, 73, 0, 0, 0]
03-03 13:45:34.981 E/Fresco  ( 7933): 	at com.facebook.imagepipeline.decoder.DefaultImageDecoder$1.decode(Unknown Source:67436629)
03-03 13:45:34.981 E/Fresco  ( 7933): 	at com.facebook.imagepipeline.decoder.DefaultImageDecoder.decode(Unknown Source:67371064)
03-03 13:45:34.981 E/Fresco  ( 7933): 	at com.facebook.imagepipeline.producers.DecodeProducer$ProgressiveDecoder.doDecode(Unknown Source:34079197)
03-03 13:45:34.981 E/Fresco  ( 7933): 	at com.facebook.imagepipeline.producers.DecodeProducer$ProgressiveDecoder$1.run(Unknown Source:33882178)
03-03 13:45:34.981 E/Fresco  ( 7933): 	at com.facebook.imagepipeline.producers.JobScheduler.doJob(Unknown Source:262174)
03-03 13:45:34.981 E/Fresco  ( 7933): 	at com.facebook.imagepipeline.producers.JobScheduler$1.run(Unknown Source:65538)
03-03 13:45:34.981 E/Fresco  ( 7933): 	at java.util.concurrent.ThreadPoolExecutor.runWorker(ThreadPoolExecutor.java:1154)
03-03 13:45:34.981 E/Fresco  ( 7933): 	at java.util.concurrent.ThreadPoolExecutor$Worker.run(ThreadPoolExecutor.java:652)
03-03 13:45:34.981 E/Fresco  ( 7933): 	at com.facebook.imagepipeline.core.PriorityThreadFactory$1.run(Unknown Source:131080)
03-03 13:45:34.981 E/Fresco  ( 7933): 	at java.lang.Thread.run(Thread.java:1563)
