03-03 13:45:30.376 W/System.err( 7933): 	at com.lm.components.settings.impl.SettingsRequestServiceImpl.request(Unknown Source:524474)
03-03 13:45:30.376 W/System.err( 7933): 	at com.bytedance.news.common.settings.IndividualManager$1.run(Unknown Source:459015)
03-03 13:45:30.376 W/System.err( 7933): 	at java.util.concurrent.ThreadPoolExecutor.runWorker(ThreadPoolExecutor.java:1154)
03-03 13:45:30.376 W/System.err( 7933): 	at java.util.concurrent.ThreadPoolExecutor$Worker.run(ThreadPoolExecutor.java:652)
03-03 13:45:30.376 W/System.err( 7933): 	at java.lang.Thread.run(Thread.java:1563)
03-03 13:45:30.376 W/System.err( 7933): 	at com.ss.android.ugc.bytex.pthread.base.convergence.hook.ThreadProxy$start$1.invoke(Unknown Source:23)
03-03 13:45:30.376 W/System.err( 7933): 	at com.ss.android.ugc.bytex.pthread.base.convergence.hook.ThreadProxy$start$1.invoke(Unknown Source:2)
03-03 13:45:30.377 W/System.err( 7933): 	at com.ss.android.ugc.bytex.pthread.base.convergence.helper.ThreadWorker.run(Unknown Source:98)
03-03 13:45:30.377 W/System.err( 7933): 	at java.util.concurrent.ThreadPoolExecutor.runWorker(ThreadPoolExecutor.java:1154)
03-03 13:45:30.377 W/System.err( 7933): 	at java.util.concurrent.ThreadPoolExecutor$Worker.run(ThreadPoolExecutor.java:652)
03-03 13:45:30.377 W/System.err( 7933): 	at java.lang.Thread.run(Thread.java:1563)
03-03 13:45:30.380 I/HandWritingStubImpl( 7933): refreshLastKeyboardType: 1
03-03 13:45:30.381 I/HandWritingStubImpl( 7933): getCurrentKeyboardType: 1
03-03 13:45:30.384 D/CompatibilityChangeReporter( 1876): Compat change id reported: 214016041; UID 10504; state: ENABLED
03-03 13:45:30.385 D/MirrorManager( 2305):  sendAcceptInput 0 0
03-03 13:45:30.385 E/MiInputManager( 1876): setInputConfig not match config, configType: 2, parcel:not null 
03-03 13:45:30.387 D/MI-SF   ( 1358): updateScene: module = 270 (Input), value = 0, pkg = com.lemon.lvoverseas, Vrr = 1
03-03 13:45:30.387 D/RefreshRateConfigs( 1358): TouchBoost - choose Fps: 60.00 Hz
03-03 13:45:30.387 D/MI-SF   ( 1358): updateScene mSetInputFlag status 0
03-03 13:45:30.388 D/DisplayFeatureManager( 2305): setScreenEffect displayId=0 mode=24 value=0 cookie=262
03-03 13:45:30.388 D/DisplayFeatureHal( 1296): setFeatureEnable: FeatureId=FPS_SWITCH_STATE modeId=0 cookie=262, hdrstatus=0
03-03 13:45:30.388 I/DisplayFeatureHal( 1296): HandleFpsSwitch: Unknown app set input_fps(0) cookie(262)
03-03 13:45:30.388 E/DisplayFeatureHal( 1296): HandleFpsSwitch: Unknown module is not supported, input_fps: 0
03-03 13:45:30.390 V/InputMethodService(12383): CALL: hideWindow
03-03 13:45:30.392 I/GoogleInputMethodService(12383): GoogleInputMethodService.onFinishInputView():1577 onFinishInputView(false)
03-03 13:45:30.393 I/InputMethodManagerService( 1876): IMMS.applyImeVisibility(), setVisible = false, mCurclient = ClientState{2aa6d4c uid=10504 pid=7933 displayId=0}
03-03 13:45:30.394 D/Utilities( 2662):  oldHints : 3 backDisposition : 0 imeShown : false hints 0
03-03 13:45:30.396 I/GlobeKeyExtension(12383): GlobeKeyExtension.onDeactivate():144 
03-03 13:45:30.397 W/TooltipLifecycleManager(12383): TooltipLifecycleManager.dismissTooltips():153 Tooltip with id SUGGESTION_VIEW_EDU_MINI_DIALOG not found in tooltipManager.
03-03 13:45:30.399 I/VoiceInputManagerWrapper(12383): VoiceInputManagerWrapper.shutdown():131 shutdown()
03-03 13:45:30.402 I/AndroidIME(12383): AbstractIme.onDeactivate():213 PasswordIme.onDeactivate()
03-03 13:45:30.406 D/TouchInteractionService( 2299): onSystemUiFlagsChanged, mSystemUiStateFlags=20000
03-03 13:45:30.409 W/TooltipLifecycleManager(12383): TooltipLifecycleManager.dismissTooltips():153 Tooltip with id undo_access_point_promotion_banner not found in tooltipManager.
03-03 13:45:30.417 I/PrimesLoggerHolder(12383): FrameMetricServiceImpl.stopAsFuture():239 Measurement not found: OnConfigurationChanged
03-03 13:45:30.436 D/bytenn-cpu( 7933): V   bytenn espresso version: 3.11.60
03-03 13:45:30.442 D/mobilecv2( 7933): mobilecv2: 1.8.27
03-03 13:45:30.457 D/VRI[InputMethod](12383): vri.reportNextDraw android.view.ViewRootImpl.performTraversals:3891 android.view.ViewRootImpl.doTraversal:2623 android.view.ViewRootImpl$TraversalRunnable.run:9647 android.view.Choreographer$CallbackRecord.run:1509 android.view.Choreographer$CallbackRecord.run:1517 
03-03 13:45:30.457 D/VRI[InputMethod](12383): vri.Setup new sync id=9658 syncSeqId=22
03-03 13:45:30.474 E/putmethod.latin(12383): MWDF parse error: Try again
03-03 13:45:30.483 D/VRI[InputMethod](12383): vri.reportDrawFinished syncSeqId=22 android.view.ViewRootImpl.lambda$createSyncIfNeeded$4$android-view-ViewRootImpl:3959 android.view.ViewRootImpl$$ExternalSyntheticLambda1.run:6 android.os.Handler.handleCallback:942 android.os.Handler.dispatchMessage:99 android.os.Looper.loopOnce:211 
03-03 13:45:30.485 I/System.out( 7933): method getUserId is called
03-03 13:45:30.486 I/GoogleInputMethodService(12383): GoogleInputMethodService.onFinishInput():2092 
03-03 13:45:30.487 I/Module  (12383): DeviceLockedStatusModuleProvider$Module.updateDeviceLockedStatus():103 repeatCheckTimes = 0, locked = false
03-03 13:45:30.489 I/GoogleInputMethodService(12383): GoogleInputMethodService.onStartInput():1349 onStartInput(EditorInfo{EditorInfo{packageName=com.lemon.lvoverseas, inputType=0, inputTypeString=NULL, enableLearning=false, autoCorrection=false, autoComplete=false, imeOptions=0, privateImeOptions=null, actionName=UNSPECIFIED, actionLabel=null, initialSelStart=-1, initialSelEnd=-1, initialCapsMode=0, label=null, fieldId=-1, fieldName=null, extras=Bundle[mParcelledData.dataSize=72], hintText=null, hintLocales=[]}}, false)
03-03 13:45:30.491 I/Module  (12383): DeviceLockedStatusModuleProvider$Module.updateDeviceLockedStatus():103 repeatCheckTimes = 1, locked = false
03-03 13:45:30.528 E/flipped ( 7933): Attach current thread 0
03-03 13:45:30.529 E/flipped ( 7933): Detach current thread 0
03-03 13:45:30.534 E/flipped ( 7933): Attach current thread 0
03-03 13:45:30.534 E/flipped ( 7933): Detach current thread 0
03-03 13:45:30.535 E/FlippedV2Impl( 7933): V2 invokeHiddenApiRestrictions success.
03-03 13:45:30.583 I/System.out( 7933): method getUserId is called
03-03 13:45:30.609 D/Helios:Network-TTNet( 7933): pop event true for 8c6167bb-3f30-4fe4-8056-c2ca195f5430
03-03 13:45:30.620 E/KeymasterUtils(  695): rsp_header->status: -28
03-03 13:45:30.620 E/KeyMasterHalDevice(  695): abort_operation
03-03 13:45:30.620 E/KeyMasterHalDevice(  695): ret: -28
03-03 13:45:30.644 E/KeymasterUtils(  695): rsp_header->status: -28
03-03 13:45:30.644 E/KeyMasterHalDevice(  695): abort_operation
03-03 13:45:30.644 E/KeyMasterHalDevice(  695): ret: -28
03-03 13:45:30.652 D/Helios:Network-White( 7933): Block request commerce-api.capcutapi.com
03-03 13:45:30.668 D/CompatibilityChangeReporter( 7933): Compat change id reported: 147600208; UID 10504; state: ENABLED
03-03 13:45:30.680 D/Helios:Network-White( 7933): Block request commerce-api.capcutapi.com
03-03 13:45:30.788 D/TrafficManageService(31562): onReceive: intent.action = com.android.server.action.NETWORK_STATS_UPDATED
03-03 13:45:30.814 W/System.err( 7933): java.lang.NumberFormatException: For input string: ""
03-03 13:45:30.814 D/Helios:Network-TTNet( 7933): pop event true for a404d55c-3090-4a37-be51-22320cadba28
03-03 13:45:30.817 W/System.err( 7933): 	at java.lang.Integer.parseInt(Integer.java:791)
03-03 13:45:30.817 W/System.err( 7933): 	at java.lang.Integer.parseInt(Integer.java:897)
03-03 13:45:30.817 W/System.err( 7933): 	at com.vega.launcher.network.interceptors.CrackingInterceptor.intercept(Native Method)
03-03 13:45:30.817 W/System.err( 7933): 	at com.bytedance.retrofit2.intercept.RealInterceptorChain.proceed(Unknown Source:17236130)
03-03 13:45:30.817 W/System.err( 7933): 	at com.vega.launcher.network.interceptors.TimeOutSettingInterceptor.intercept(Unknown Source:17301918)
03-03 13:45:30.818 W/System.err( 7933): 	at com.bytedance.retrofit2.intercept.RealInterceptorChain.proceed(Unknown Source:17236130)
03-03 13:45:30.818 W/System.err( 7933): 	at com.vega.launcher.network.interceptors.LynxSignVerifyInterceptor.intercept(Unknown Source:17170502)
03-03 13:45:30.818 W/System.err( 7933): 	at com.bytedance.retrofit2.intercept.RealInterceptorChain.proceed(Unknown Source:17236130)
03-03 13:45:30.818 W/System.err( 7933): 	at com.vega.launcher.network.interceptors.SignVerifyInterceptor.intercept(Unknown Source:17104974)
03-03 13:45:30.818 W/System.err( 7933): 	at com.bytedance.retrofit2.intercept.RealInterceptorChain.proceed(Unknown Source:17236130)
03-03 13:45:30.818 W/System.err( 7933): 	at com.vega.launcher.network.interceptors.AssistInterceptor.intercept(Unknown Source:17236333)
03-03 13:45:30.818 W/System.err( 7933): 	at com.bytedance.retrofit2.intercept.RealInterceptorChain.proceed(Unknown Source:17236130)
03-03 13:45:30.818 W/System.err( 7933): 	at com.vega.effectplatform.artist.net.ArtistCollectInterceptor.intercept(Unknown Source:17105003)
03-03 13:45:30.818 W/System.err( 7933): 	at com.bytedance.retrofit2.intercept.RealInterceptorChain.proceed(Unknown Source:17236130)
03-03 13:45:30.818 W/System.err( 7933): 	at com.vega.launcher.network.interceptors.RetrofitHeaderInterceptor.intercept(Unknown Source:17367934)
03-03 13:45:30.818 W/System.err( 7933): 	at com.bytedance.retrofit2.intercept.RealInterceptorChain.proceed(Unknown Source:17236130)
03-03 13:45:30.818 W/System.err( 7933): 	at com.vega.libeffectapi.util.VimoNetHeaderInterceptor.intercept(Unknown Source:17170582)
03-03 13:45:30.818 W/System.err( 7933): 	at com.bytedance.retrofit2.intercept.RealInterceptorChain.proceed(Unknown Source:17236130)
03-03 13:45:30.818 W/System.err( 7933): 	at com.lm.components.network.extra.HttpHeaderInterceptor.intercept(Unknown Source:17302066)
03-03 13:45:30.818 W/System.err( 7933): 	at com.bytedance.retrofit2.intercept.RealInterceptorChain.proceed(Unknown Source:17236130)
03-03 13:45:30.818 W/System.err( 7933): 	at ms.bd.o.b3$a.intercept(Unknown Source:17170438)
03-03 13:45:30.818 W/System.err( 7933): 	at com.bytedance.retrofit2.intercept.RealInterceptorChain.proceed(Unknown Source:17236130)
03-03 13:45:30.818 W/System.err( 7933): 	at com.bytedance.frameworks.baselib.network.http.retrofit.BaseSsInterceptor.intercept(Unknown Source:16973846)
03-03 13:45:30.818 W/System.err( 7933): 	at com.bytedance.retrofit2.intercept.RealInterceptorChain.proceed(Unknown Source:17236130)
03-03 13:45:30.818 W/System.err( 7933): 	at com.bytedance.retrofit2.SsHttpCall.getResponseWithInterceptorChain(Unknown Source:327790)
03-03 13:45:30.818 W/System.err( 7933): 	at com.bytedance.retrofit2.SsHttpCall$AsyncRequestRunnable.run(Unknown Source:393225)
03-03 13:45:30.818 W/System.err( 7933): 	at com.bytedance.frameworks.baselib.network.dispatcher.ApiTask.run(Unknown Source:131084)
03-03 13:45:30.818 W/System.err( 7933): 	at java.util.concurrent.ThreadPoolExecutor.runWorker(ThreadPoolExecutor.java:1154)
03-03 13:45:30.818 W/System.err( 7933): 	at java.util.concurrent.ThreadPoolExecutor$Worker.run(ThreadPoolExecutor.java:652)
03-03 13:45:30.819 W/System.err( 7933): 	at java.lang.Thread.run(Thread.java:1563)
03-03 13:45:30.819 W/System.err( 7933): 	at com.bytedance.bpea.transmit.delegate.BPEAThread.run(Unknown Source:196617)
03-03 13:45:30.819 W/System.err( 7933): 	at com.bytedance.frameworks.baselib.network.dispatcher.NetThreadPoolManager$ApiThreadFactory$1.bpea_origin_run(Unknown Source:131075)
03-03 13:45:30.819 W/System.err( 7933): 	at com.bytedance.frameworks.baselib.network.dispatcher.NetThreadPoolManager$ApiThreadFactory$1.run(Unknown Source:8)
03-03 13:45:30.819 W/System.err( 7933): 	at com.ss.android.ugc.bytex.pthread.base.convergence.hook.ThreadProxy$start$1.invoke(Unknown Source:23)
03-03 13:45:30.819 W/System.err( 7933): 	at com.ss.android.ugc.bytex.pthread.base.convergence.hook.ThreadProxy$start$1.invoke(Unknown Source:2)
03-03 13:45:30.819 W/System.err( 7933): 	at com.ss.android.ugc.bytex.pthread.base.convergence.helper.ThreadWorker.run(Unknown Source:98)
03-03 13:45:30.819 W/System.err( 7933): 	at java.util.concurrent.ThreadPoolExecutor.runWorker(ThreadPoolExecutor.java:1154)
03-03 13:45:30.819 W/System.err( 7933): 	at java.util.concurrent.ThreadPoolExecutor$Worker.run(ThreadPoolExecutor.java:652)
03-03 13:45:30.819 W/System.err( 7933): 	at java.lang.Thread.run(Thread.java:1563)
03-03 13:45:30.851 D/CompatibilityInfo( 1876): mCompatibilityFlags - 4
03-03 13:45:30.851 D/CompatibilityInfo( 1876): applicationDensity - 280
03-03 13:45:30.851 D/CompatibilityInfo( 1876): applicationScale - 1.0
03-03 13:45:30.877 W/Settings( 7933): Setting android_id has moved from android.provider.Settings.System to android.provider.Settings.Secure, returning read-only value.
03-03 13:45:30.881 I/emon.lvoverseas( 7933): Waiting for a blocking GC ClassLinker
03-03 13:45:30.900 D/CompatibilityInfo( 1876): mCompatibilityFlags - 4
03-03 13:45:30.900 D/CompatibilityInfo( 1876): applicationDensity - 280
03-03 13:45:30.900 D/CompatibilityInfo( 1876): applicationScale - 1.0
03-03 13:45:30.903 D/Helios:Network-TTNet( 7933): pop event true for d642147f-47d0-44c5-9a0c-59e360690e03
03-03 13:45:30.920 D/Helios:Network-White( 7933): Block request graph.facebook.com
03-03 13:45:30.929 I/emon.lvoverseas( 7933): Background young concurrent mark compact GC freed 13MB AllocSpace bytes, 100(7596KB) LOS objects, 0% free, 56MB/56MB, paused 5.011ms,4.659ms total 358.258ms
03-03 13:45:30.929 I/emon.lvoverseas( 7933): WaitForGcToComplete blocked ClassLinker on Background for 48.539ms
03-03 13:45:30.991 D/Helios:Network-White( 7933): Block request graph.facebook.com
03-03 13:45:31.101 D/mobilecv2( 7933): mobilecv2: 1.8.27
03-03 13:45:31.102 D/nativeloader( 7933): Load /data/app/~~CJkITykEau_rUL-L4QvXuQ==/com.lemon.lvoverseas-WptBSQbqtlrKPUkf-iB9Kw==/lib/arm64/libcccreator.so using class loader ns clns-8 (caller=/data/app/~~CJkITykEau_rUL-L4QvXuQ==/com.lemon.lvoverseas-WptBSQbqtlrKPUkf-iB9Kw==/base.apk!classes9.dex): ok
03-03 13:45:31.113 W/VESDKJNI( 7933): JNI_OnLoad start:1772516731113
03-03 13:45:31.113 D/Helios:Network-White( 7933): Block request editor-api.capcutapi.com
03-03 13:45:31.113 I/EffectSDK-2090( 7933): [jnimanager.cpp 114] getPackageName name: com.lemon.lvoverseas
03-03 13:45:31.120 W/System.err( 7933): java.lang.NoSuchMethodError: no static method "Lcom/bef/effectsdk/GeneralParam;.getHeaderStr(Ljava/lang/String;)Ljava/lang/String;"
03-03 13:45:31.120 W/System.err( 7933): 	at java.lang.Runtime.nativeLoad(Native Method)
03-03 13:45:31.120 W/System.err( 7933): 	at java.lang.Runtime.loadLibrary0(Runtime.java:1095)
03-03 13:45:31.120 W/System.err( 7933): 	at java.lang.Runtime.loadLibrary0(Runtime.java:1019)
03-03 13:45:31.120 W/System.err( 7933): 	at java.lang.System.loadLibrary(System.java:1765)
03-03 13:45:31.120 W/System.err( 7933): 	at com.bytedance.librarian.LibrarianImpl.l(Unknown Source:17104901)
03-03 13:45:31.120 W/System.err( 7933): 	at com.bytedance.librarian.LibrarianImpl.j(Unknown Source:34013256)
03-03 13:45:31.120 W/System.err( 7933): 	at com.bytedance.librarian.LibrarianImpl.k(Unknown Source:33947661)
03-03 13:45:31.120 W/System.err( 7933): 	at com.bytedance.librarian.LibrarianImpl.i(Unknown Source:33816622)
03-03 13:45:31.120 W/System.err( 7933): 	at com.bytedance.librarian.Librarian.Librarian__loadLibraryInternal$___twin___(Unknown Source:67305484)
03-03 13:45:31.120 W/System.err( 7933): 	at com.bytedance.librarian.Librarian.com_bytedance_librarian_Librarian_com_vega_launcher_lancet_SoLoadLancet_loadLibraryInternal(Unknown Source:67305475)
03-03 13:45:31.120 W/System.err( 7933): 	at com.bytedance.librarian.Librarian.loadLibrary(Unknown Source:16842754)
03-03 13:45:31.120 W/System.err( 7933): 	at com.vega.start.logic.StartLifeDispatcher$onLaunchFinished$1.invokeSuspend(Unknown Source:17170468)
03-03 13:45:31.120 W/System.err( 7933): 	at kotlin.coroutines.jvm.internal.BaseContinuationImpl.resumeWith(Unknown Source:17039371)
03-03 13:45:31.120 W/System.err( 7933): 	at kotlinx.coroutines.DispatchedTask.run(Unknown Source:393313)
03-03 13:45:31.120 W/System.err( 7933): 	at kotlinx.coroutines.internal.LimitedDispatcher.run(Unknown Source:327691)
03-03 13:45:31.120 W/System.err( 7933): 	at kotlinx.coroutines.scheduling.TaskImpl.run(Unknown Source:196610)
03-03 13:45:31.120 W/System.err( 7933): 	at kotlinx.coroutines.scheduling.CoroutineScheduler$Worker.run(Unknown Source:458805)
03-03 13:45:31.120 E/EffectSDK-2090( 7933): [BEFGeneralParam.cpp 232] setupGeneralParam: find java method GeneralParam#getHeaderStr failed
03-03 13:45:31.121 I/EffectSensorCallback( 7933): ## 2026-03-03 13:45:31 [threadid:2050510000,EffectSensorCallback.cpp,67] INFO ## [EffectSensorCallback]setupEffectSensorCallback succeed.
03-03 13:45:31.121 D/AMGJNI  ( 7933): J4ALoader: OK: 'com.amazing.media.AudioPlayer' loaded
03-03 13:45:31.121 D/AMGJNI  ( 7933): J4ALoader: OK: 'com.amazing.utils.TextMeshUtils' loaded
03-03 13:45:31.121 I/EffectSDK-2090( 7933): [jnimanager.cpp 478] BEF_EFFECT_JNI_OnLoad
03-03 13:45:31.121 W/VESDKJNI( 7933): ===== VEBase_JNI_OnLoad start =====, gJvm: 0xb400007f6ba30e00 0x7c8b5841b0.
03-03 13:45:31.122 W/VESDK   ( 7933): [libbytevc1enc8bit.c]:[515] Register [libbytevc1_8bit]
03-03 13:45:31.122 W/VESDKJNI( 7933): ===== VEBase_JNI_OnLoad end =====, gJvm: 0xb400007f6ba30e00.
03-03 13:45:31.146 W/VESDKJNI( 7933): JNI_OnLoad end:1772516731146
03-03 13:45:31.305 D/Helios:Network-White( 7933): Block request feed-api.capcutapi.com
03-03 13:45:31.359 D/MiuiTcpSocketTracker( 1876): skip mismatch tcpInfo:TcpInfo{lost=0, retransmit=0, sent=17}
03-03 13:45:31.361 I/emon.lvoverseas( 7933): Compiler allocated 4794KB to compile void android.view.ViewRootImpl.performTraversals()
03-03 13:45:31.369 W/WifiHandlerThre( 1876): type=1400 audit(0.0:3271857): avc: denied { read } for name="u:object_r:vendor_wlan_logs_prop:s0" dev="tmpfs" ino=488 scontext=u:r:system_server:s0 tcontext=u:object_r:vendor_wlan_logs_prop:s0 tclass=file permissive=0
03-03 13:45:31.373 W/libc    ( 1876): Access denied finding property "persist.vendor.cnss_diag.enable"
03-03 13:45:31.407 I/emon.lvoverseas( 7933): Background concurrent mark compact GC freed 5880KB AllocSpace bytes, 78(21MB) LOS objects, 38% free, 38MB/62MB, paused 5.238ms,4.911ms total 475.673ms
03-03 13:45:31.429 D/Helios:Network-TTNet( 7933): pop event true for 2fad2571-8ff9-4868-8ede-65f899c77ec6
03-03 13:45:31.513 I/[PALogger]:profiling( 7933): profiling int start
03-03 13:45:31.513 I/[PALogger]:profiling( 7933): profiling init finish, 0x0
03-03 13:45:31.526 D/Helios:Network-White( 7933): Block request feed-api.capcutapi.com
03-03 13:45:31.528 W/emon.lvoverseas( 7933): Long monitor contention with owner SettingsConfig$Builder1 (13490) at void com.bytedance.news.common.settings.internal.LocalCache.f(com.bytedance.news.common.settings.api.SettingsData, com.bytedance.news.common.settings.SettingsConfig, boolean, com.bytedance.news.common.settings.api.SettingsData)(:67567954) waiters=0 in com.bytedance.news.common.settings.api.SettingsData com.bytedance.news.common.settings.internal.LocalCache.d(java.lang.String) for 497ms
03-03 13:45:31.533 D/Helios:Network-TTNet( 7933): pop event true for a7df9d7c-bc75-463f-9322-30ca3ed8013a
03-03 13:45:31.537 I/DrmHalHidl( 7933): found instance=wfdhdcp version=android.hardware.drm@1.3::IDrmFactory
03-03 13:45:31.540 I/DrmUtils( 7933): found IDrmFactory. Instance name:[android.hardware.drm.IDrmFactory/clearkey]
03-03 13:45:31.540 I/DrmUtils( 7933): found IDrmFactory. Instance name:[android.hardware.drm.IDrmFactory/widevine]
03-03 13:45:31.542 I/WVCdm-DrmFactory( 1193): [app][com.lemon.lvoverseas] calling virtual ::ndk::ScopedAStatus wvdrm::hardware::drm::widevine::WVDrmFactory::createDrmPlugin(const aidl::android::hardware::drm::Uuid &, const std::string &, std::shared_ptr< ::aidl::android::hardware::drm::IDrmPlugin> *)
03-03 13:45:31.542 D/WVCdm   ( 1193): Instantiating CDM.
03-03 13:45:31.549 D/WVCdm   ( 1193): [cdm_engine.cpp(551):QueryStatus] security_level = Default, query_token = DeviceID
03-03 13:45:31.549 I/WVCdm   ( 1193): [file_utils.cpp(38):Exists] stat failed: ENOENT
03-03 13:45:31.549 I/WVCdm   ( 1193): [oemcrypto_adapter_dynamic.cpp(903):Initialize] Level 3 Build Info (v17): OEMCrypto Level3 Code Feb  2 2023 05:22:43 28924 ARM 64bit APIv17.1
03-03 13:45:31.551 I/WVCdm   ( 1193): [(0):] Level3 Library 28924 Feb  2 2023 05:22:43
03-03 13:45:31.561 I/WVCdm   ( 1193): [oemcrypto_adapter_dynamic.cpp(917):Initialize] L3 Initialized. Trying L1.
03-03 13:45:31.561 I/QCOM-OEMCrypto( 1193): OEMCrypto_Initialize
03-03 13:45:31.563 E/QCOM-OEMCrypto( 1193): Error at load_license : 207
03-03 13:45:31.563 I/QCOM-OEMCrypto( 1193): License: Widevine: NO CPZ: NO
03-03 13:45:31.563 E/SmcInvoke_MinkDescriptor( 1193): cbthread[tid 537060727984] exit
03-03 13:45:31.564 E/SmcInvoke_MinkDescriptor( 1193): cbthread[tid 537061768368] exit
03-03 13:45:31.565 E/SmcInvoke_MinkDescriptor( 1193): cbthread[tid 537062808752] exit
03-03 13:45:31.566 E/SmcInvoke_MinkDescriptor( 1193): cbthread[tid 537063849136] exit
03-03 13:45:31.594 D/PerfShielderService( 1876): com.lemon.lvoverseas|com.lemon.lvoverseas/com.vega.main.MainActivity|215|1996362246655158|215|3|1
03-03 13:45:31.595 W/MiuiPerfServiceClient( 3370): interceptAndQueuing:7933|com.lemon.lvoverseas|215|215|1996362246655158|Slow handle traversal|1
03-03 13:45:31.595 D/PerfShielderService( 1876): com.lemon.lvoverseas|com.lemon.lvoverseas/com.vega.main.MainActivity|777|1996363091974428|777|3|1
03-03 13:45:31.596 W/MiuiPerfServiceClient( 3370): interceptAndQueuing:7933|com.lemon.lvoverseas|777|777|1996363091974428|Slow handle traversal|1
03-03 13:45:31.602 I/OpenGLRenderer( 7933): Davey! duration=1225ms; Flags=0, FrameTimelineVsyncId=1300722739, IntendedVsync=1996363166791094, Vsync=1996363634581382, InputEventId=0, HandleInputStart=1996363637369428, AnimationStart=1996363637389272, PerformTraversalsStart=1996363637402866, DrawStart=1996364210827709, FrameDeadline=1996363183457760, FrameInterval=1996363637098855, FrameStartTime=16706796, SyncQueued=1996364372241407, SyncStart=1996364372308074, IssueDrawCommandsStart=1996364379010053, SwapBuffers=1996364381591511, FrameCompleted=1996364391960730, DequeueBufferDuration=25000, QueueBufferDuration=314687, GpuCompleted=1996364391960730, SwapBuffersCompleted=1996364382509949, DisplayPresentTime=6134013096431285870, CommandSubmissionCompleted=1996364381591511, 
03-03 13:45:31.616 I/HandWritingStubImpl( 7933): getCurrentKeyboardType: 1
03-03 13:45:31.628 I/QCOM-OEMCrypto( 1193): ---------------Widevine OEMCrypto configuration-----------------
03-03 13:45:31.629 I/QCOM-OEMCrypto( 1193): TA-HLOS interface                      :   SMCInvoke
03-03 13:45:31.629 I/QCOM-OEMCrypto( 1193): Crypto Engine SMMU Virtual Address     :   Yes
03-03 13:45:31.629 I/QCOM-OEMCrypto( 1193): Measure elapsed time                   :   No
03-03 13:45:31.629 I/QCOM-OEMCrypto( 1193): Inplace decryption for clear buffer    :   Yes
03-03 13:45:31.629 D/AdvertisingIdClient(29197): AdvertisingIdClient already created.
03-03 13:45:31.629 D/AdvertisingIdClient(29197): AdvertisingIdClient is not bounded. Starting to bind it...
03-03 13:45:31.629 I/QCOM-OEMCrypto( 1193): Frame Assembly                         :   Yes
03-03 13:45:31.629 I/QCOM-OEMCrypto( 1193): Scratch buffer size                    :   4194304
03-03 13:45:31.630 I/QCOM-OEMCrypto( 1193): Decrypt hash tests                     :   No
03-03 13:45:31.630 I/QCOM-OEMCrypto( 1193): Secure buffer tests                    :   No
03-03 13:45:31.630 I/QCOM-OEMCrypto( 1193): Idle mode enabled for external display :   No
03-03 13:45:31.630 I/QCOM-OEMCrypto( 1193): HLOS data path                       :   No
03-03 13:45:31.630 I/QCOM-OEMCrypto( 1193): ----------------------------------------------------------------
03-03 13:45:31.636 D/DrmLibTime(  694): got the req here! ret=0
03-03 13:45:31.636 D/DrmLibTime(  694): command id, time_cmd_id = 770
03-03 13:45:31.636 D/DrmLibTime(  694): time_getutcsec starts!
03-03 13:45:31.636 D/DrmLibTime(  694): QSEE Time Listener: time_getutcsec
03-03 13:45:31.636 D/DrmLibTime(  694): QSEE Time Listener: get_utc_seconds
03-03 13:45:31.636 D/DrmLibTime(  694): QSEE Time Listener: time_get_modem_time
03-03 13:45:31.636 D/DrmLibTime(  694): QSEE Time Listener: Checking if ATS_MODEM is set or not.
03-03 13:45:31.636 D/QC-time-services(  694): Lib:time_genoff_operation: pargs->base = 13
03-03 13:45:31.636 D/QC-time-services(  694): Lib:time_genoff_operation: pargs->operation = 2
03-03 13:45:31.637 D/QC-time-services(  694): Lib:time_genoff_operation: pargs->ts_val = 0
03-03 13:45:31.637 D/QC-time-services(  694): Lib:time_genoff_operation: Send to server  passed!!
03-03 13:45:31.638 D/QC-time-services( 1095): Daemon: Connection accepted:time_genoff
03-03 13:45:31.641 D/QC-time-services( 1095): Daemon:Received base = 13, unit = 1, operation = 2,value = 0
03-03 13:45:31.642 D/QC-time-services( 1095): Daemon:genoff_opr: Base = 13, val = 0, operation = 2
03-03 13:45:31.642 D/QC-time-services( 1095): offset is: 0 for base: 13
03-03 13:45:31.643 E/QC-time-services(  694): Receive Passed == base = 13, unit = 1, operation = 2, result = 0
03-03 13:45:31.643 D/DrmLibTime(  694): QSEE Time Listener: ATS_MODEM is not set. Fallback to Android system time.
03-03 13:45:31.643 D/DrmLibTime(  694): QSEE Time Listener: Retrieved Android system time: 1772516731
03-03 13:45:31.643 D/DrmLibTime(  694): time_getutcsec returns 0, sec = 1772516731; nsec = 0
03-03 13:45:31.643 D/DrmLibTime(  694): time_getutcsec finished! 
03-03 13:45:31.643 D/DrmLibTime(  694): iotcl_continue_command finished! and return 0 
03-03 13:45:31.643 D/DrmLibTime(  694): before calling ioctl to read the next time_cmd
03-03 13:45:31.644 D/Helios:Network-TTNet( 7933): pop event true for c029eea3-7074-48c2-9257-e1d414c5d850
03-03 13:45:31.645 D/AdvertisingIdClient(29197): AdvertisingIdClient is bounded
03-03 13:45:31.645 E/QC-time-services( 1095): Daemon: Time-services: Waiting to acceptconnection
03-03 13:45:31.647 I/AdvertisingIdClient(29197): shouldSendLog 2992465791
03-03 13:45:31.648 D/Utilities( 2662):  oldHints : 0 backDisposition : 0 imeShown : false hints 0
03-03 13:45:31.648 I/AdvertisingIdClient(29197): GetInfoInternal elapse 18ms
03-03 13:45:31.715 I/DMABUFHEAPS( 1193): Using DMA-BUF heap named: qcom,qseecom
03-03 13:45:31.746 I/DMABUFHEAPS( 1193): Using DMA-BUF heap named: qcom,qseecom
03-03 13:45:31.749 D/Helios:Network-White( 7933): Block request feed-api.capcutapi.com
03-03 13:45:31.760 W/System.err( 7933): java.lang.NumberFormatException: Cannot parse null string
03-03 13:45:31.761 W/System.err( 7933): 	at java.lang.Long.parseLong(Long.java:703)
03-03 13:45:31.761 W/System.err( 7933): 	at java.lang.Long.parseLong(Long.java:863)
03-03 13:45:31.762 W/System.err( 7933): 	at com.optimize.statistics.FrescoTraceListener.onProducerFinishWithFailure(Unknown Source:67567797)
03-03 13:45:31.762 W/System.err( 7933): 	at com.facebook.imagepipeline.listener.ForwardingRequestListener.onProducerFinishWithFailure(Unknown Source:67371029)
03-03 13:45:31.762 W/System.err( 7933): 	at com.facebook.imagepipeline.producers.DecodeProducer$ProgressiveDecoder.doDecode(Unknown Source:34079413)
03-03 13:45:31.763 W/System.err( 7933): 	at com.facebook.imagepipeline.producers.DecodeProducer$ProgressiveDecoder$1.run(Unknown Source:33882178)
03-03 13:45:31.763 W/System.err( 7933): 	at com.facebook.imagepipeline.producers.JobScheduler.doJob(Unknown Source:262174)
03-03 13:45:31.763 W/System.err( 7933): 	at com.facebook.imagepipeline.producers.JobScheduler$1.run(Unknown Source:65538)
03-03 13:45:31.764 W/System.err( 7933): 	at java.util.concurrent.ThreadPoolExecutor.runWorker(ThreadPoolExecutor.java:1154)
03-03 13:45:31.764 W/System.err( 7933): 	at java.util.concurrent.ThreadPoolExecutor$Worker.run(ThreadPoolExecutor.java:652)
03-03 13:45:31.764 W/System.err( 7933): 	at com.facebook.imagepipeline.core.PriorityThreadFactory$1.run(Unknown Source:131080)
03-03 13:45:31.764 W/System.err( 7933): 	at java.lang.Thread.run(Thread.java:1563)
03-03 13:45:31.765 W/System.err( 7933): 	at com.bytedance.bpea.transmit.delegate.BPEAThread.run(Unknown Source:196617)
03-03 13:45:31.767 I/DMABUFHEAPS( 1193): Using DMA-BUF heap named: qcom,qseecom
03-03 13:45:31.791 I/QCOM-OEMCrypto( 1193): Allocated all scratch buffers
03-03 13:45:31.792 I/QCOM-OEMCrypto( 1193): LibOEMCrypto version 1.69
03-03 13:45:31.792 I/QCOM-OEMCrypto( 1193): TA   version 1.132
03-03 13:45:31.792 I/QCOM-OEMCrypto( 1193): Api  version 17.0
03-03 13:45:31.793 W/WVCdm   ( 1193): [oemcrypto_adapter_dynamic.cpp(1071):LoadLevel1] Could not load L1 _oecc90.
03-03 13:45:31.793 W/WVCdm   ( 1193): [oemcrypto_adapter_dynamic.cpp(1113):LoadLevel1] Could not load L1 _oecc23.
03-03 13:45:31.794 W/WVCdm   ( 1193): [oemcrypto_adapter_dynamic.cpp(1134):LoadLevel1] Could not load L1 _oecc116.
03-03 13:45:31.794 W/WVCdm   ( 1193): [oemcrypto_adapter_dynamic.cpp(1135):LoadLevel1] Could not load L1 _oecc117.
03-03 13:45:31.794 W/WVCdm   ( 1193): [oemcrypto_adapter_dynamic.cpp(1137):LoadLevel1] Could not load L1 _oecc119.
03-03 13:45:31.795 W/WVCdm   ( 1193): [oemcrypto_adapter_dynamic.cpp(1140):LoadLevel1] Could not load L1 _oecc113.
03-03 13:45:31.795 W/WVCdm   ( 1193): [oemcrypto_adapter_dynamic.cpp(1141):LoadLevel1] Could not load L1 _oecc114.
03-03 13:45:31.795 W/WVCdm   ( 1193): [oemcrypto_adapter_dynamic.cpp(1142):LoadLevel1] Could not load L1 _oecc123.
03-03 13:45:31.795 W/WVCdm   ( 1193): [oemcrypto_adapter_dynamic.cpp(1143):LoadLevel1] Could not load L1 _oecc124.
03-03 13:45:31.796 W/WVCdm   ( 1193): [oemcrypto_adapter_dynamic.cpp(1148):LoadLevel1] Could not load L1 _oecc129.
03-03 13:45:31.796 D/WVCdm   ( 1193): [oemcrypto_adapter_dynamic.cpp(936):Initialize] OEMCrypto_Initialize Level 1 success. I will use level 1.
03-03 13:45:31.796 I/WVCdm   ( 1193): [oemcrypto_adapter_dynamic.cpp(946):Initialize] Level 1 Build Info (v17): Build Information: API_Version: 17.0 LibOEMCrypto_Version: 1.69 TA_Version: 1.13
03-03 13:45:31.797 D/Helios:Network-TTNet( 7933): pop event true for 002d042a-134c-4037-a294-0f1c79ee6af6
03-03 13:45:31.798 I/WVCdm   ( 1193): [file_utils.cpp(38):Exists] stat failed: ENOENT
03-03 13:45:31.799 I/WVCdm   ( 1193): [file_utils.cpp(38):Exists] stat failed: ENOENT
03-03 13:45:31.799 D/WVCdm   ( 1193): [crypto_session.cpp(411):CacheVersion] OEMCrypto version (default security level): 17.0
03-03 13:45:31.799 D/WVCdm   ( 1193): [crypto_session.cpp(420):CacheVersion] OEMCrypto version (L3 security level): 17.1
03-03 13:45:31.800 D/WVCdm   ( 1193): [crypto_session.cpp(865):Open] Opening crypto session: requested_security_level = Default
03-03 13:45:31.800 D/WVCdm   ( 1193): [usage_table_header.cpp(162):Init] security_level = L1
03-03 13:45:31.800 I/QCOM-OEMCrypto( 1193): Number of open sessions: 0
03-03 13:45:31.800 D/WVCdm   ( 1193): [usage_table_header.cpp(523):DetermineTableCapacity] capacity = 320, security_level = L1
03-03 13:45:31.802 I/WVCdm   ( 1193): [usage_table_header.cpp(203):RestoreTable] Found usage table to restore: entry_count = 0
03-03 13:45:31.806 D/Carrier_Cache_Entry( 7933): receive broadcast >> android.net.conn.CONNECTIVITY_CHANGE  isInitialStickyBroadcast:true
03-03 13:45:31.820 W/System.err( 7933): java.lang.NumberFormatException: Cannot parse null string
03-03 13:45:31.820 W/System.err( 7933): 	at java.lang.Long.parseLong(Long.java:703)
03-03 13:45:31.820 W/System.err( 7933): 	at java.lang.Long.parseLong(Long.java:863)
03-03 13:45:31.821 W/System.err( 7933): 	at com.optimize.statistics.FrescoTraceListener.onProducerFinishWithFailure(Unknown Source:67567797)
03-03 13:45:31.821 W/System.err( 7933): 	at com.facebook.imagepipeline.listener.ForwardingRequestListener.onProducerFinishWithFailure(Unknown Source:67371029)
03-03 13:45:31.821 W/System.err( 7933): 	at com.facebook.imagepipeline.producers.DecodeProducer$ProgressiveDecoder.doDecode(Unknown Source:34079413)
03-03 13:45:31.821 W/System.err( 7933): 	at com.facebook.imagepipeline.producers.DecodeProducer$ProgressiveDecoder$1.run(Unknown Source:33882178)
03-03 13:45:31.822 W/System.err( 7933): 	at com.facebook.imagepipeline.producers.JobScheduler.doJob(Unknown Source:262174)
03-03 13:45:31.822 W/System.err( 7933): 	at com.facebook.imagepipeline.producers.JobScheduler$1.run(Unknown Source:65538)
03-03 13:45:31.823 W/System.err( 7933): 	at java.util.concurrent.ThreadPoolExecutor.runWorker(ThreadPoolExecutor.java:1154)
03-03 13:45:31.823 W/System.err( 7933): 	at java.util.concurrent.ThreadPoolExecutor$Worker.run(ThreadPoolExecutor.java:652)
03-03 13:45:31.824 W/System.err( 7933): 	at com.facebook.imagepipeline.core.PriorityThreadFactory$1.run(Unknown Source:131080)
03-03 13:45:31.824 W/System.err( 7933): 	at java.lang.Thread.run(Thread.java:1563)
03-03 13:45:31.825 W/System.err( 7933): 	at com.bytedance.bpea.transmit.delegate.BPEAThread.run(Unknown Source:196617)
03-03 13:45:31.832 I/rpmb_emmc(  694): rpmb_emmc_write: blk_cnt: 2, num_rpmb_tx: 1, frames_per_tx: 2, rel_wr_cnt: 32
03-03 13:45:31.858 I/rpmb_emmc(  694): rpmb_emmc_write: blk_cnt: 2, num_rpmb_tx: 1, frames_per_tx: 2, rel_wr_cnt: 32
03-03 13:45:31.861 D/Helios:Network-White( 7933): Block request graph.facebook.com
03-03 13:45:31.866 I/QCOM-OEMCrypto( 1193): Open session: 1000
03-03 13:45:31.867 I/WVCdm   ( 1193): [file_utils.cpp(38):Exists] stat failed: ENOENT
03-03 13:45:31.867 I/QCOM-OEMCrypto( 1193): Closed session: 1000
03-03 13:45:31.868 W/BpBinder( 7933): PerfMonitor binderTransact :  time=320ms interface=android.hardware.drm.IDrmPlugin code=11
03-03 13:45:31.869 E/WVCdm   ( 1193): [wv_content_decryption_module.cpp(430):GetMetricsInternal] Cdm Identifier not found
03-03 13:45:31.870 E/DrmHalHidl( 7933): Failed to get vendor from drm plugin: -19
03-03 13:45:31.870 E/WVCdm   ( 1193): [wv_content_decryption_module.cpp(490):CloseCdm] Cdm Identifier not found
03-03 13:45:31.870 E/DrmHalHidl( 7933): Failed to get description from drm plugin: -19
03-03 13:45:31.870 E/WVCdm   ( 1193): Failed to close cdm. status 12
03-03 13:45:31.873 I/WVCdm   ( 1193): [(0):] L3 Terminate.
03-03 13:45:31.873 E/WVCdm   ( 1193): [oemcrypto_adapter_dynamic.cpp(958):Level1Terminate] L1 Terminate
03-03 13:45:31.874 I/QCOM-OEMCrypto( 1193): OEMCrypto_Terminate
03-03 13:45:31.874 I/QCOM-OEMCrypto( 1193): Cleanup OEMCrypto library
03-03 13:45:31.875 D/Helios:Network-White( 7933): Block request graph.facebook.com
03-03 13:45:31.878 I/QCOM-OEMCrypto( 1193): Freed all scratch buffers
03-03 13:45:31.938 W/WakePathChecker( 1876): MIUILOG-WAKEPATH: call was rejected by wakepath. userId= 0 caller= com.lemon.lvoverseas callee= com.facebook.katana classname=com.facebook.katana.provider.AttributionIdProvider action=null wakeType=4
03-03 13:45:31.959 E/ActivityThread( 7933): Failed to find provider info for com.facebook.katana.provider.AttributionIdProvider
03-03 13:45:31.983 D/Helios:Network-White( 7933): Block request mssdk-sg.byteoversea.com
03-03 13:45:32.015 D/Helios:Network-TTNet( 7933): pop event true for f56dff16-5505-4fd9-a161-3e648bc561fb
03-03 13:45:32.037 W/PerfettoTrace(29197): type=1400 audit(0.0:3271858): avc: denied { write } for name="traced_producer" dev="tmpfs" ino=1219 scontext=u:r:gmscore_app:s0:c512,c768 tcontext=u:object_r:traced_producer_socket:s0 tclass=sock_file permissive=0 app=com.termux
03-03 13:45:32.162 I/SmartPower.com.google.android.inputmethod.latin:train/10159(19122)( 1876): visible->invisible(54811ms) R(become invisible) adj=250.
03-03 13:45:32.162 I/SmartPower.com.google.android.inputmethod.latin/10159(12383)( 1876): visible->invisible(55030ms) R(become invisible) adj=100.
03-03 13:45:32.162 I/SmartPower.com.google.android.inputmethod.latin:train/10159(19122)( 1876): invisible->background(0ms) R(become background) adj=250.
03-03 13:45:32.163 I/SmartPower.com.google.android.inputmethod.latin/10159(12383)( 1876): invisible->background(0ms) R(become background) adj=100.
03-03 13:45:32.182 D/MI-SF   ( 1358): [FpsStat] distroy...
03-03 13:45:32.231 I/emon.lvoverseas( 7933): Background young concurrent mark compact GC freed 11MB AllocSpace bytes, 46(6712KB) LOS objects, 27% free, 45MB/62MB, paused 4.515ms,4.354ms total 177.577ms
03-03 13:45:32.441 W/System.err( 7933): java.lang.NumberFormatException: Cannot parse null string
03-03 13:45:32.442 W/System.err( 7933): 	at java.lang.Long.parseLong(Long.java:703)
03-03 13:45:32.442 W/System.err( 7933): 	at java.lang.Long.parseLong(Long.java:863)
03-03 13:45:32.442 W/System.err( 7933): 	at com.optimize.statistics.FrescoTraceListener.onProducerFinishWithFailure(Unknown Source:67567797)
03-03 13:45:32.443 W/System.err( 7933): 	at com.facebook.imagepipeline.listener.ForwardingRequestListener.onProducerFinishWithFailure(Unknown Source:67371029)
03-03 13:45:32.443 W/System.err( 7933): 	at com.facebook.imagepipeline.producers.DecodeProducer$ProgressiveDecoder.doDecode(Unknown Source:34079413)
03-03 13:45:32.443 W/System.err( 7933): 	at com.facebook.imagepipeline.producers.DecodeProducer$ProgressiveDecoder$1.run(Unknown Source:33882178)
03-03 13:45:32.444 W/System.err( 7933): 	at com.facebook.imagepipeline.producers.JobScheduler.doJob(Unknown Source:262174)
03-03 13:45:32.444 W/System.err( 7933): 	at com.facebook.imagepipeline.producers.JobScheduler$1.run(Unknown Source:65538)
03-03 13:45:32.444 W/System.err( 7933): 	at java.util.concurrent.ThreadPoolExecutor.runWorker(ThreadPoolExecutor.java:1154)
03-03 13:45:32.445 W/System.err( 7933): 	at java.util.concurrent.ThreadPoolExecutor$Worker.run(ThreadPoolExecutor.java:652)
03-03 13:45:32.445 W/System.err( 7933): 	at com.facebook.imagepipeline.core.PriorityThreadFactory$1.run(Unknown Source:131080)
03-03 13:45:32.445 W/System.err( 7933): 	at java.lang.Thread.run(Thread.java:1563)
03-03 13:45:32.445 W/System.err( 7933): 	at com.bytedance.bpea.transmit.delegate.BPEAThread.run(Unknown Source:196617)
03-03 13:45:32.503 D/Helios:Network-White( 7933): Block request commerce-api.capcutapi.com
03-03 13:45:32.509 D/nativeloader( 7933): Load /data/app/~~CJkITykEau_rUL-L4QvXuQ==/com.lemon.lvoverseas-WptBSQbqtlrKPUkf-iB9Kw==/lib/arm64/libmiddle-bridge.so using class loader ns clns-8 (caller=/data/app/~~CJkITykEau_rUL-L4QvXuQ==/com.lemon.lvoverseas-WptBSQbqtlrKPUkf-iB9Kw==/base.apk!classes9.dex): ok
03-03 13:45:32.518 D/nativeloader( 7933): Load /data/app/~~CJkITykEau_rUL-L4QvXuQ==/com.lemon.lvoverseas-WptBSQbqtlrKPUkf-iB9Kw==/lib/arm64/libgifimage.so using class loader ns clns-8 (caller=/data/app/~~CJkITykEau_rUL-L4QvXuQ==/com.lemon.lvoverseas-WptBSQbqtlrKPUkf-iB9Kw==/base.apk!classes9.dex): ok
03-03 13:45:32.519 W/emon.lvoverseas( 7933): Long monitor contention with owner DefaultDispatcher-worker-10 (13413) at void java.lang.Runtime.loadLibrary0(java.lang.ClassLoader, java.lang.Class, java.lang.String)(Runtime.java:1099) waiters=0 in void java.lang.Runtime.loadLibrary0(java.lang.ClassLoader, java.lang.Class, java.lang.String) for 1.871s
03-03 13:45:32.549 D/nativeloader( 7933): Load /data/app/~~CJkITykEau_rUL-L4QvXuQ==/com.lemon.lvoverseas-WptBSQbqtlrKPUkf-iB9Kw==/lib/arm64/libCepEngine.so using class loader ns clns-8 (caller=/data/app/~~CJkITykEau_rUL-L4QvXuQ==/com.lemon.lvoverseas-WptBSQbqtlrKPUkf-iB9Kw==/base.apk!classes9.dex): ok
03-03 13:45:32.553 W/emon.lvoverseas( 7933): Long monitor contention with owner DefaultDispatcher-worker-10 (13413) at void java.lang.Runtime.loadLibrary0(java.lang.ClassLoader, java.lang.Class, java.lang.String)(Runtime.java:1099) waiters=2 in void java.lang.Runtime.loadLibrary0(java.lang.ClassLoader, java.lang.Class, java.lang.String) for 947ms
03-03 13:45:32.553 W/Thread-290( 7933): type=1400 audit(0.0:3271859): avc: denied { read } for name="devfreq" dev="sysfs" ino=28133 scontext=u:r:untrusted_app:s0:c248,c257,c512,c768 tcontext=u:object_r:vendor_sysfs_devfreq:s0 tclass=dir permissive=0 app=com.termux
03-03 13:45:32.553 W/Thread-290( 7933): type=1400 audit(0.0:3271860): avc: denied { read } for name="devfreq" dev="sysfs" ino=28133 scontext=u:r:untrusted_app:s0:c248,c257,c512,c768 tcontext=u:object_r:vendor_sysfs_devfreq:s0 tclass=dir permissive=0 app=com.termux
03-03 13:45:32.594 D/Helios:Network-TTNet( 7933): pop event true for 2e10764f-6d9f-461c-b79a-5832f72eed12
03-03 13:45:32.603 I/OpenGLRenderer( 7933): Davey! duration=704ms; Flags=0, FrameTimelineVsyncId=1300723574, IntendedVsync=1996364687077620, Vsync=1996365154862476, InputEventId=0, HandleInputStart=1996365171312032, AnimationStart=1996365171319167, PerformTraversalsStart=1996365172588282, DrawStart=1996365277538438, FrameDeadline=1996364720450888, FrameInterval=1996365170965730, FrameStartTime=16706602, SyncQueued=1996365349327136, SyncStart=1996365349432032, IssueDrawCommandsStart=1996365349770573, SwapBuffers=1996365381340417, FrameCompleted=1996365391576302, DequeueBufferDuration=21198, QueueBufferDuration=311719, GpuCompleted=1996365391576302, SwapBuffersCompleted=1996365382195052, DisplayPresentTime=7305805557291577409, CommandSubmissionCompleted=1996365381340417, 
03-03 13:45:32.620 D/nativeloader( 7933): Load /data/app/~~CJkITykEau_rUL-L4QvXuQ==/com.lemon.lvoverseas-WptBSQbqtlrKPUkf-iB9Kw==/lib/arm64/liblynx_markdown.so using class loader ns clns-8 (caller=/data/app/~~CJkITykEau_rUL-L4QvXuQ==/com.lemon.lvoverseas-WptBSQbqtlrKPUkf-iB9Kw==/base.apk!classes9.dex): ok
03-03 13:45:32.625 I/Java_com_vega_middlebridge_lyrasession_LyraServer_invokeAsync( 7933): [INFO][lyra_server_android.cpp:Java_com_vega_middlebridge_lyrasession_LyraServer_invokeAsync:269][LYRA] [LYRA] jni, invokeAsync sid=-200, req=-0x4bffff82bb60e2c0
03-03 13:45:32.625 I/Server  ( 7933): [INFO][server.cpp:Server:37][LYRA] [LYRA] Server::Server
03-03 13:45:32.625 I/Session ( 7933): [INFO][session.cpp:Session:17][LYRA] [LYRA] Session::Session
03-03 13:45:32.625 I/AbtestAdapter( 7933): [INFO][abtest_adapter.h:AbtestAdapter:12][LYRA] AbtestAdapter::AbtestAdapter
03-03 13:45:32.625 I/initStaticSession( 7933): [INFO][server.cpp:initStaticSession:113][LYRA] [LYRA] Server::initStaticSession, sid=-200, name=lyra_static_session
03-03 13:45:32.625 I/open    ( 7933): [INFO][session.cpp:open:40][LYRA] Session::open sid = -200
03-03 13:45:32.625 I/IdentifierMap( 7933): [INFO][identifier_map.h:IdentifierMap:266][LYRA] IdentifierMap::IdentifierMap
03-03 13:45:32.625 I/StaticRouter( 7933): [INFO][static_router.cpp:StaticRouter:11][LYRA] StaticRouter::StaticRouter
03-03 13:45:32.625 I/init    ( 7933): [INFO][static_router.cpp:init:29][LYRA] StaticRouter init, sid = -200
03-03 13:45:32.625 I/Session ( 7933): [INFO][session.cpp:Session:17][LYRA] [LYRA] Session::Session
03-03 13:45:32.625 I/AbtestAdapter( 7933): [INFO][abtest_adapter.h:AbtestAdapter:12][LYRA] AbtestAdapter::AbtestAdapter
03-03 13:45:32.625 I/initGlobalSession( 7933): [INFO][server.cpp:initGlobalSession:129][LYRA] [LYRA] Server::initGlobalSession, sid=-300, name=lyra_global_session
03-03 13:45:32.625 I/open    ( 7933): [INFO][session.cpp:open:40][LYRA] Session::open sid = -300
03-03 13:45:32.625 I/IdentifierMap( 7933): [INFO][identifier_map.h:IdentifierMap:266][LYRA] IdentifierMap::IdentifierMap
03-03 13:45:32.625 I/GlobalRouter( 7933): [INFO][global_router.cpp:GlobalRouter:13][LYRA] GlobalRouter::GlobalRouter
03-03 13:45:32.625 I/init    ( 7933): [INFO][global_router.cpp:init:46][LYRA] GlobalRouter init, sid = -300
03-03 13:45:32.625 I/registerService( 7933): [INFO][global_router.cpp:registerService:30][LYRA] register global service: KvStorageService
03-03 13:45:32.626 I/start   ( 7933): [INFO][message_loop_impl.cpp:start:101][LYRA] Loop: MessageLoopImpl::MessageLoopImpl. start, thread=538179341488
03-03 13:45:32.626 I/AbtestConfig( 7933): [INFO][abtest_config.cpp:AbtestConfig:46][LYRA] AbtestConfig::AbtestConfig
03-03 13:45:32.628 W/emon.lvoverseas( 7933): Long monitor contention with owner DefaultDispatcher-worker-10 (13413) at void java.lang.Runtime.loadLibrary0(java.lang.ClassLoader, java.lang.Class, java.lang.String)(Runtime.java:1099) waiters=3 in void java.lang.Runtime.loadLibrary0(java.lang.ClassLoader, java.lang.Class, java.lang.String) for 902ms
03-03 13:45:32.629 D/nativeloader( 7933): Load /data/app/~~CJkITykEau_rUL-L4QvXuQ==/com.lemon.lvoverseas-WptBSQbqtlrKPUkf-iB9Kw==/lib/arm64/libquick.so using class loader ns clns-8 (caller=/data/app/~~CJkITykEau_rUL-L4QvXuQ==/com.lemon.lvoverseas-WptBSQbqtlrKPUkf-iB9Kw==/base.apk!classes9.dex): ok
03-03 13:45:32.633 D/nativeloader( 7933): Load /data/app/~~CJkITykEau_rUL-L4QvXuQ==/com.lemon.lvoverseas-WptBSQbqtlrKPUkf-iB9Kw==/lib/arm64/liblynx.so using class loader ns clns-8 (caller=/data/app/~~CJkITykEau_rUL-L4QvXuQ==/com.lemon.lvoverseas-WptBSQbqtlrKPUkf-iB9Kw==/base.apk!classes9.dex): ok
03-03 13:45:32.644 I/Java_com_vega_middlebridge_lyrasession_LyraServer_invokeAsync( 7933): [INFO][lyra_server_android.cpp:Java_com_vega_middlebridge_lyrasession_LyraServer_invokeAsync:269][LYRA] [LYRA] jni, invokeAsync sid=-200, req=-0x4bffff82bb60e1a0
03-03 13:45:32.661 I/emon.lvoverseas( 7933): Waiting for a blocking GC ClassLinker
03-03 13:45:32.705 W/DefaultDispatch( 7933): type=1400 audit(0.0:3271861): avc: granted { execute } for path="/data/data/com.lemon.lvoverseas/files/inner_resource/smart_crop/smart_cut.ofx.bundle/smart_cut.ofx.so-64" dev="dm-45" ino=405439 scontext=u:r:untrusted_app:s0:c248,c257,c512,c768 tcontext=u:object_r:app_data_file:s0:c248,c257,c512,c768 tclass=file app=com.termux
03-03 13:45:32.709 I/Java_com_vega_middlebridge_lyrasession_LyraServer_invokeAsync( 7933): [INFO][lyra_server_android.cpp:Java_com_vega_middlebridge_lyrasession_LyraServer_invokeAsync:269][LYRA] [LYRA] jni, invokeAsync sid=-200, req=-0x4bffff82bb60e180
03-03 13:45:32.711 I/Java_com_vega_middlebridge_lyrasession_LyraServer_invokeAsync( 7933): [INFO][lyra_server_android.cpp:Java_com_vega_middlebridge_lyrasession_LyraServer_invokeAsync:269][LYRA] [LYRA] jni, invokeAsync sid=-200, req=-0x4bffff82bdfc7a20
03-03 13:45:32.717 D/Helios:Network-White( 7933): Block request feed-api.capcutapi.com
03-03 13:45:32.742 D/nativeloader( 7933): Load /data/app/~~CJkITykEau_rUL-L4QvXuQ==/com.lemon.lvoverseas-WptBSQbqtlrKPUkf-iB9Kw==/lib/arm64/liblynxtrace.so using class loader ns clns-8 (caller=/data/app/~~CJkITykEau_rUL-L4QvXuQ==/com.lemon.lvoverseas-WptBSQbqtlrKPUkf-iB9Kw==/base.apk!classes9.dex): ok
03-03 13:45:32.773 W/ProcessStats( 1876): Tracking association SourceState{785e96a com.miui.home/10138 BTopFgs #1858812} whose proc state 2 is better than process ProcessState{d1e7a8d com.miui.securitycenter.remote/1000 pkg=com.miui.securitycenter} proc state 3 (91 skipped)
03-03 13:45:32.796 D/nativeloader( 7933): Load /data/app/~~CJkITykEau_rUL-L4QvXuQ==/com.lemon.lvoverseas-WptBSQbqtlrKPUkf-iB9Kw==/lib/arm64/libtttext_lite.so using class loader ns clns-8 (caller=/data/app/~~CJkITykEau_rUL-L4QvXuQ==/com.lemon.lvoverseas-WptBSQbqtlrKPUkf-iB9Kw==/base.apk!classes9.dex): ok
03-03 13:45:32.797 W/emon.lvoverseas( 7933): Long monitor contention with owner DefaultDispatcher-worker-19 (13473) at void java.lang.Runtime.loadLibrary0(java.lang.ClassLoader, java.lang.Class, java.lang.String)(Runtime.java:1099) waiters=2 in void java.lang.Runtime.loadLibrary0(java.lang.ClassLoader, java.lang.Class, java.lang.String) for 151ms
03-03 13:45:32.812 D/nativeloader( 7933): Load /data/app/~~CJkITykEau_rUL-L4QvXuQ==/com.lemon.lvoverseas-WptBSQbqtlrKPUkf-iB9Kw==/lib/arm64/libTTMachineCore.so using class loader ns clns-8 (caller=/data/app/~~CJkITykEau_rUL-L4QvXuQ==/com.lemon.lvoverseas-WptBSQbqtlrKPUkf-iB9Kw==/base.apk!classes9.dex): ok
03-03 13:45:32.816 I/primjs  ( 7933): RC: HEAP_TAG_OUTER: 0xb400000000000000, HEAP_TAG_INNER: 0xb400000000000000
03-03 13:45:32.817 I/primjs  ( 7933): RC: HEAP_TAG_OUTER: 0xb400000000000000, HEAP_TAG_INNER: 0xb400000000000000
03-03 13:45:32.818 I/primjs  ( 7933): RC: HEAP_TAG_OUTER: 0xb400000000000000, HEAP_TAG_INNER: 0xb400000000000000
03-03 13:45:32.818 I/primjs  ( 7933): RC: HEAP_TAG_OUTER: 0xb400000000000000, HEAP_TAG_INNER: 0xb400000000000000
03-03 13:45:32.819 I/primjs  ( 7933): RC: HEAP_TAG_OUTER: 0xb400000000000000, HEAP_TAG_INNER: 0xb400000000000000
03-03 13:45:32.824 D/TTM/TTM_CORE( 7933): TTMCore_init commonConfig: 115, multiInstConfig: 7700,ttmHostStaticCache:4294967295
03-03 13:45:32.824 D/TTM/TTM_CORE( 7933): TTM init core_state:0,--- general_state:0,  ---open_jni:1, --monitor_exception:0  -- core_report_enable:1, -- is_local_test:0
03-03 13:45:32.824 I/ClipFlowProxyImpl( 7933): [INFO][clip_flow_proxy_default_impl.cpp:ClipFlowProxyImpl:39][LYRA] [Clipflow] ClipFlowProxyImpl::ClipFlowProxyImpl
03-03 13:45:32.824 I/startUp ( 7933): [INFO][clip_flow_proxy_default_impl.cpp:startUp:50][LYRA] [ClipFlowProxyImpl] startUp enter
03-03 13:45:32.824 I/operator()( 7933): [INFO][clip_flow_proxy_default_impl.cpp:operator():52][LYRA] [ClipFlowProxyImpl] startUp once
03-03 13:45:32.825 I/ClipFlowService( 7933): [INFO][clip_flow_service.cpp:ClipFlowService:48][LYRA] ClipFlowService::ClipFlowService = 0x7c77df9ed8
03-03 13:45:32.825 I/ClipFlowImpl( 7933): [INFO][clip_flow_default_impl.cpp:ClipFlowImpl:52][LYRA] [ClipFlow] ClipFlowImpl::ClipFlowImpl
03-03 13:45:32.825 I/TaskExecutor( 7933): [INFO][task_executor.h:TaskExecutor:11][LYRA] TaskExecutor::TaskExecutor
03-03 13:45:32.825 I/TaskExecutorImpl( 7933): [INFO][task_executor_impl.h:TaskExecutorImpl:37][LYRA] TaskExecutorImpl::TaskExecutorImpl
03-03 13:45:32.825 I/ClipflowNodeProgressSimulator( 7933): [INFO][node_progress_simulator.cpp:ClipflowNodeProgressSimulator:12][LYRA] [clipflow] ClipflowNodeProgressSimulator::ClipflowNodeProgressSimulator
03-03 13:45:32.825 I/registerNodeListener( 7933): [INFO][node_progress_simulator.cpp:registerNodeListener:20][LYRA] [clipflow] ClipflowNodeProgressSimulator::registerNodeListener
03-03 13:45:32.825 I/TaskExecutor( 7933): [INFO][task_executor.h:TaskExecutor:11][LYRA] TaskExecutor::TaskExecutor
03-03 13:45:32.825 I/TaskExecutorImpl( 7933): [INFO][task_executor_impl.h:TaskExecutorImpl:37][LYRA] TaskExecutorImpl::TaskExecutorImpl
